Microchip MPLAB XC8 Compiler V1.43 ()

Linker command line:

-W-3 --edf=C:\Program Files (x86)\Microchip\xc8\v1.43\dat\en_msgs.txt -cs \
  -h+dist/BOOTLOADER/production\Assignment3.X.production.sym \
  --cmf=dist/BOOTLOADER/production\Assignment3.X.production.cmf -z \
  -Q18F67J50 -oC:\Users\Matt\AppData\Local\Temp\s9e0.2 \
  -Mdist/BOOTLOADER/production/Assignment3.X.production.map -E1 -ver=XC8 \
  --acfsm=1493 -ASTACK=058Fh-0f3fh -pstack=STACK \
  -ACODE=01400h-01405h,01408h-01415h,01418h-01FFF7h \
  -ACONST=01400h-01405h,01408h-01415h,01418h-01FFF7h \
  -ASMALLCONST=01400h-01405h,01408h-01415h,01418h-014FFh,01500h-015FFhx490,01FF00h-01FFF7h \
  -AMEDIUMCONST=01400h-01405h,01408h-01415h,01418h-0FFFFh,011000h-01FFF7h \
  -ACOMRAM=01h-05Fh -AABS1=00h-0F3Fh -ABIGRAM=01h-0F3Fh \
  -ARAM=060h-0FFh,0100h-01FFhx14,0F00h-0F3Fh -ABANK0=060h-0FFh \
  -ABANK1=0100h-01FFh -ABANK2=0200h-02FFh -ABANK3=0300h-03FFh \
  -ABANK4=0400h-04FFh -ABANK5=0500h-05FFh -ABANK6=0600h-06FFh \
  -ABANK7=0700h-07FFh -ABANK8=0800h-08FFh -ABANK9=0900h-09FFh \
  -ABANK10=0A00h-0AFFh -ABANK11=0B00h-0BFFh -ABANK12=0C00h-0CFFh \
  -ABANK13=0D00h-0DFFh -ABANK14=0E00h-0EFFh -ABANK15=0F00h-0F3Fh \
  -ASFR=0F40h-0F5Fh,0F60h-0FFFh \
  -preset_vec=01400h,intcode=01408h,intcodelo,powerup,init -pramtop=01000h \
  -psmallconst=SMALLCONST -pmediumconst=MEDIUMCONST -pconst=CONST \
  -AFARRAM=00h-00h -ACONFIG=01FFF8h-01FFFDh -pconfig=CONFIG \
  -pjflash_buffer=01F800h \
  -prdata=COMRAM,nvrram=COMRAM,nvbit=COMRAM,rbss=COMRAM,rbit=COMRAM \
  -pfarbss=FARRAM,fardata=FARRAM,nvFARRAM=FARRAM \
  -pintsave_regs=BIGRAM,bigbss=BIGRAM,bigdata=BIGRAM -pbss=RAM \
  -pidata=CODE,irdata=CODE,ibigdata=CODE,ifardata=CODE -prparam=COMRAM \
  C:\Users\Matt\AppData\Local\Temp\s9e0.obj \
  dist/BOOTLOADER/production\Assignment3.X.production.obj 

Object code version is 3.11

Machine type is 18F67J50

Call graph: (short form)




                Name                               Link     Load   Length Selector   Space Scale
C:\Users\Matt\AppData\Local\Temp\s9e0.obj
                init                               14AA     14AA        4      A04       0
                reset_vec                          1400     1400        4      A00       0
                config                            1FFF8    1FFF8        6    1FFF8       0
dist/BOOTLOADER/production\Assignment3.X.production.obj
                intcode                            1408     1408       A2      A04       0
                temp                                 51       51        1        1       1
                mediumconst                        FCF2     FCF2      30E     7E79       0
                text114                           14B6C    14B6C        E     A59A       0
                text113                           14BE2    14BE2        6     A59A       0
                text112                           14662    14662       40     8000       0
                text111                           1479A    1479A       36     8000       0
                text110                           14470    14470       4C     8000       0
                text109                           13E2A    13E2A       76     8000       0
                text108                           14ACE    14ACE       1A     8000       0
                text107                           14862    14862       30     8000       0
                text106                           13642    13642       AA     8000       0
                text105                           14B9E    14B9E        C     A59A       0
                text104                           14BDC    14BDC        6     A59A       0
                text103                           12BF0    12BF0      100     8000       0
                text102                           14892    14892       2E     8000       0
                text100                           14BBC    14BBC        8     A59A       0
                text99                            14BD6    14BD6        6     A59A       0
                text98                            14AFE    14AFE       14     8000       0
                text97                            13AA4    13AA4       8A     8000       0
                text96                            1454C    1454C       48     8000       0
                text95                            14AB2    14AB2       1C     8000       0
                text94                            147D0    147D0       32     8000       0
                text93                            13D36    13D36       7C     8000       0
                text92                            13BB4    13BB4       84     8000       0
                text91                            13B2E    13B2E       86     8000       0
                text90                            134E2    134E2       B6     8000       0
                text89                            14982    14982       22     8000       0
                text88                            138DE    138DE       9C     8000       0
                text87                            14A78    14A78       1E     8000       0
                text86                            1475C    1475C       3E     8000       0
                text85                            13CBA    13CBA       7C     8000       0
                text84                            1413A    1413A       6A     8000       0
                text83                            142CC    142CC       5A     8000       0
                text82                            14960    14960       22     8000       0
                text81                            145DA    145DA       46     8000       0
                text80                            1176A    1176A      256     8000       0
                text79                            141A4    141A4       64     8000       0
                text78                            11FB2    11FB2      1C0     8000       0
                text77                            14A5A    14A5A       1E     8000       0
                text76                            14BD0    14BD0        6     A59A       0
                text75                            14A3C    14A3C       1E     8000       0
                text74                            13050    13050       D4     8000       0
                text73                            14832    14832       30     8000       0
                text72                            14916    14916       28     8000       0
                text71                            14BB4    14BB4        8     A59A       0
                text70                            1336C    1336C       BC     8000       0
                text69                            1275A    1275A      160     8000       0
                text68                            1094E    1094E      41E     8000       0
                text67                            13F14    13F14       74     8000       0
                text66                            11BEA    11BEA      1FA     8000       0
                text65                            14BAA    14BAA        A     A59A       0
                text64                            14594    14594       46     8000       0
                text63                            131EA    131EA       C4     8000       0
                text62                            14802    14802       30     8000       0
                text61                            14504    14504       48     8000       0
                text60                            14A1E    14A1E       1E     8000       0
                text59                            14A00    14A00       1E     8000       0
                text58                            140D0    140D0       6A     8000       0
                text57                            14420    14420       50     8000       0
                text56                            13EA0    13EA0       74     8000       0
                text55                            13F88    13F88       70     8000       0
                text54                            14B12    14B12       12     8000       0
                text53                            14064    14064       6C     8000       0
                text52                            1493E    1493E       22     8000       0
                text51                            149E2    149E2       1E     8000       0
                text50                            13598    13598       AA     8000       0
                text49                            14326    14326       58     8000       0
                text48                            1397A    1397A       98     8000       0
                text47                            12484    12484      172     8000       0
                text46                            1437E    1437E       52     8000       0
                text45                            1471E    1471E       3E     8000       0
                text44                            14B5E    14B5E        E     A59A       0
                text43                            14A96    14A96       1C     8000       0
                text42                            14620    14620       42     8000       0
                text41                            14B92    14B92        C     A59A       0
                text40                            14BCA    14BCA        6     A59A       0
                text39                            128BA    128BA      126     8000       0
                text38                            146E0    146E0       3E     8000       0
                text37                            143D0    143D0       50     8000       0
                text36                            1426A    1426A       62     8000       0
                text35                            13838    13838       A6     8000       0
                text34                            13792    13792       A6     8000       0
                text33                            136EC    136EC       A6     8000       0
                text32                            14B50    14B50        E     A59A       0
                text31                            1112C    1112C      3BA     8000       0
                text30                            144BC    144BC       48     8000       0
                text29                            119C0    119C0      22A     8000       0
                text28                            12172    12172      192     8000       0
                text27                            12304    12304      180     8000       0
                text26                            14B86    14B86        C     A59A       0
                text25                            125F6    125F6      164     8000       0
                text24                            12F7A    12F7A       D6     8000       0
                text23                            149C4    149C4       1E     8000       0
                text22                            14B42    14B42        E     A59A       0
                text21                            14B34    14B34        E     A59A       0
                text20                            149A4    149A4       20     8000       0
                text19                            13A12    13A12       92     8000       0
                text18                            10D6C    10D6C      3C0     8000       0
                text17                            104A8    104A8      4A6     8000       0
                text16                            11DE4    11DE4      1CE     8000       0
                text15                            12EA2    12EA2       D8     8000       0
                text14                            132AE    132AE       BE     8000       0
                text13                            10000    10000      4A8     8000       0
                text12                            129E0    129E0      10C     8000       0
                text11                            12AEC    12AEC      104     8000       0
                text10                            13C38    13C38       82     8000       0
                text9                             146A2    146A2       3E     8000       0
                text8                             114E6    114E6      284     8000       0
                text7                             13428    13428       BA     8000       0
                text6                             13DB2    13DB2       78     8000       0
                text5                             14208    14208       62     8000       0
                text4                             13FF8    13FF8       6C     8000       0
                text3                             12DCA    12DCA       D8     8000       0
                text2                             148EC    148EC       2A     8000       0
                text1                             148C0    148C0       2C     8000       0
                text0                             14AE8    14AE8       16     8000       0
                cstackCOMRAM                          1        1       28        1       1
                cstackBANK0                          BA       BA       40       60       1
                cstackBANK1                         1FC      1FC        4      100       1
                cstackBANK2                         2AA      2AA        D      200       1
                bssBIGRAM                           463      463      12C      463       1
                bssBANK4                            400      400       63      400       1
                dataBANK3                           300      300       C6      300       1
                bssBANK2                            200      200       AA      200       1
                dataBANK1                           1F0      1F0        C      100       1
                bssBANK1                            100      100       F0      100       1
                dataBANK0                            FA       FA        6       60       1
                bssBANK0                             60       60       5A       60       1
                dataCOMRAM                           42       42        F        1       1
                bssCOMRAM                            29       29       19        1       1
                cinit                             12CF0    12CF0       DA     8000       0
                idataBANK3                        13124    13124       C6     8000       0
                idataBANK1                        14B7A    14B7A        C     A59A       0
                idataBANK0                        14BC4    14BC4        6     A59A       0
                idataCOMRAM                       14B24    14B24        F     8000       0

TOTAL           Name                               Link     Load   Length     Space
        CLASS   STACK          

        CLASS   CODE           
                intcode                            1408     1408       A2         0
                init                               14AA     14AA        4         0
                reset_vec                          1400     1400        4         0
                text114                           14B6C    14B6C        E         0
                text113                           14BE2    14BE2        6         0
                text112                           14662    14662       40         0
                text111                           1479A    1479A       36         0
                text110                           14470    14470       4C         0
                text109                           13E2A    13E2A       76         0
                text108                           14ACE    14ACE       1A         0
                text107                           14862    14862       30         0
                text106                           13642    13642       AA         0
                text105                           14B9E    14B9E        C         0
                text104                           14BDC    14BDC        6         0
                text103                           12BF0    12BF0      100         0
                text102                           14892    14892       2E         0
                text100                           14BBC    14BBC        8         0
                text99                            14BD6    14BD6        6         0
                text98                            14AFE    14AFE       14         0
                text97                            13AA4    13AA4       8A         0
                text96                            1454C    1454C       48         0
                text95                            14AB2    14AB2       1C         0
                text94                            147D0    147D0       32         0
                text93                            13D36    13D36       7C         0
                text92                            13BB4    13BB4       84         0
                text91                            13B2E    13B2E       86         0
                text90                            134E2    134E2       B6         0
                text89                            14982    14982       22         0
                text88                            138DE    138DE       9C         0
                text87                            14A78    14A78       1E         0
                text86                            1475C    1475C       3E         0
                text85                            13CBA    13CBA       7C         0
                text84                            1413A    1413A       6A         0
                text83                            142CC    142CC       5A         0
                text82                            14960    14960       22         0
                text81                            145DA    145DA       46         0
                text80                            1176A    1176A      256         0
                text79                            141A4    141A4       64         0
                text78                            11FB2    11FB2      1C0         0
                text77                            14A5A    14A5A       1E         0
                text76                            14BD0    14BD0        6         0
                text75                            14A3C    14A3C       1E         0
                text74                            13050    13050       D4         0
                text73                            14832    14832       30         0
                text72                            14916    14916       28         0
                text71                            14BB4    14BB4        8         0
                text70                            1336C    1336C       BC         0
                text69                            1275A    1275A      160         0
                text68                            1094E    1094E      41E         0
                text67                            13F14    13F14       74         0
                text66                            11BEA    11BEA      1FA         0
                text65                            14BAA    14BAA        A         0
                text64                            14594    14594       46         0
                text63                            131EA    131EA       C4         0
                text62                            14802    14802       30         0
                text61                            14504    14504       48         0
                text60                            14A1E    14A1E       1E         0
                text59                            14A00    14A00       1E         0
                text58                            140D0    140D0       6A         0
                text57                            14420    14420       50         0
                text56                            13EA0    13EA0       74         0
                text55                            13F88    13F88       70         0
                text54                            14B12    14B12       12         0
                text53                            14064    14064       6C         0
                text52                            1493E    1493E       22         0
                text51                            149E2    149E2       1E         0
                text50                            13598    13598       AA         0
                text49                            14326    14326       58         0
                text48                            1397A    1397A       98         0
                text47                            12484    12484      172         0
                text46                            1437E    1437E       52         0
                text45                            1471E    1471E       3E         0
                text44                            14B5E    14B5E        E         0
                text43                            14A96    14A96       1C         0
                text42                            14620    14620       42         0
                text41                            14B92    14B92        C         0
                text40                            14BCA    14BCA        6         0
                text39                            128BA    128BA      126         0
                text38                            146E0    146E0       3E         0
                text37                            143D0    143D0       50         0
                text36                            1426A    1426A       62         0
                text35                            13838    13838       A6         0
                text34                            13792    13792       A6         0
                text33                            136EC    136EC       A6         0
                text32                            14B50    14B50        E         0
                text31                            1112C    1112C      3BA         0
                text30                            144BC    144BC       48         0
                text29                            119C0    119C0      22A         0
                text28                            12172    12172      192         0
                text27                            12304    12304      180         0
                text26                            14B86    14B86        C         0
                text25                            125F6    125F6      164         0
                text24                            12F7A    12F7A       D6         0
                text23                            149C4    149C4       1E         0
                text22                            14B42    14B42        E         0
                text21                            14B34    14B34        E         0
                text20                            149A4    149A4       20         0
                text19                            13A12    13A12       92         0
                text18                            10D6C    10D6C      3C0         0
                text17                            104A8    104A8      4A6         0
                text16                            11DE4    11DE4      1CE         0
                text15                            12EA2    12EA2       D8         0
                text14                            132AE    132AE       BE         0
                text13                            10000    10000      4A8         0
                text12                            129E0    129E0      10C         0
                text11                            12AEC    12AEC      104         0
                text10                            13C38    13C38       82         0
                text9                             146A2    146A2       3E         0
                text8                             114E6    114E6      284         0
                text7                             13428    13428       BA         0
                text6                             13DB2    13DB2       78         0
                text5                             14208    14208       62         0
                text4                             13FF8    13FF8       6C         0
                text3                             12DCA    12DCA       D8         0
                text2                             148EC    148EC       2A         0
                text1                             148C0    148C0       2C         0
                text0                             14AE8    14AE8       16         0
                cinit                             12CF0    12CF0       DA         0
                idataBANK3                        13124    13124       C6         0
                idataBANK1                        14B7A    14B7A        C         0
                idataBANK0                        14BC4    14BC4        6         0
                idataCOMRAM                       14B24    14B24        F         0

        CLASS   CONST          

        CLASS   SMALLCONST     

        CLASS   MEDIUMCONST    
                mediumconst                        FCF2     FCF2      30E         0

        CLASS   COMRAM         
                temp                                 51       51        1         1
                cstackCOMRAM                          1        1       28         1
                dataCOMRAM                           42       42        F         1
                bssCOMRAM                            29       29       19         1

        CLASS   ABS1           

        CLASS   BIGRAM         
                bssBIGRAM                           463      463      12C         1

        CLASS   RAM            

        CLASS   BANK0          
                cstackBANK0                          BA       BA       40         1
                dataBANK0                            FA       FA        6         1
                bssBANK0                             60       60       5A         1

        CLASS   BANK1          
                cstackBANK1                         1FC      1FC        4         1
                dataBANK1                           1F0      1F0        C         1
                bssBANK1                            100      100       F0         1

        CLASS   BANK2          
                cstackBANK2                         2AA      2AA        D         1
                bssBANK2                            200      200       AA         1

        CLASS   BANK3          
                dataBANK3                           300      300       C6         1

        CLASS   BANK4          
                bssBANK4                            400      400       63         1

        CLASS   BANK5          

        CLASS   BANK6          

        CLASS   BANK7          

        CLASS   BANK8          

        CLASS   BANK9          

        CLASS   BANK10         

        CLASS   BANK11         

        CLASS   BANK12         

        CLASS   BANK13         

        CLASS   BANK14         

        CLASS   BANK15         

        CLASS   SFR            

        CLASS   FARRAM         

        CLASS   CONFIG         
                config                            1FFF8    1FFF8        6         0

        CLASS   IDLOC          



SEGMENTS        Name                           Load    Length   Top    Selector   Space  Class

                cstackCOMRAM                   000001  000051  000052         1       1  COMRAM  
                bssBANK0                       000060  0000A0  000100        60       1  BANK0   
                bssBANK1                       000100  000100  000200       100       1  BANK1   
                bssBANK2                       000200  0000B7  0002B7       200       1  BANK2   
                dataBANK3                      000300  0000C6  0003C6       300       1  BANK3   
                bssBANK4                       000400  000063  000463       400       1  BANK4   
                bssBIGRAM                      000463  00012C  00058F       463       1  BIGRAM  
                reset_vec                      001400  000004  001404       A00       0  CODE    
                intcode                        001408  0000A6  0014AE       A04       0  CODE    
                mediumconst                    00FCF2  00030E  010000      7E79       0  MEDIUMCO
                text13                         010000  004B33  014B33      8000       0  CODE    
                text21                         014B34  0000B4  014BE8      A59A       0  CODE    
                config                         01FFF8  000006  01FFFE     1FFF8       0  CONFIG  


UNUSED ADDRESS RANGES

        Name                Unused          Largest block    Delta
        BANK10           00A00-00AFF             100
        BANK11           00B00-00BFF             100
        BANK12           00C00-00CFF             100
        BANK13           00D00-00DFF             100
        BANK14           00E00-00EFF             100
        BANK15           00F00-00F3F              40
        BANK2            002B7-002FF              49
        BANK3            003C6-003FF              3A
        BANK5            0058F-005FF              71
        BANK6            00600-006FF             100
        BANK7            00700-007FF             100
        BANK8            00800-008FF             100
        BANK9            00900-009FF             100
        BIGRAM           00052-0005F               E
                         002B7-002FF              49
                         003C6-003FF              3A
                         0058F-00F3F             9B1
        CODE             01404-01405               2
                         014AE-0FCF1            E844
                         14B33-14B33               1
                         14BE8-1FFF7            B410
        COMRAM           00052-0005F               E
        CONST            01404-01405               2
                         014AE-0FCF1            E844
                         14B33-14B33               1
                         14BE8-1FFF7            B410
        FARRAM           00000-00000               1
        MEDIUMCONST      01404-01405               2
                         014AE-0FCF1            E844
                         14B33-14B33               1
                         14BE8-1FFF7            B410
        RAM              002B7-002FF              49
                         003C6-003FF              3A
                         0058F-00F3F             100
        SFR              00F40-00FFF              20
        SMALLCONST       01404-01405               2
                         014AE-0FCF1             100
                         14B33-14B33               1
                         14BE8-1FFF7             100
        STACK            0058F-00F3F             9B1

                                  Symbol Table

?_ADC_Voltage                    cstackBANK0   000D3
?_GetPortPORT                    cstackBANK0   000BA
?_GetPortProperties              cstackBANK0   000BA
?_GetPortTRIS                    cstackBANK0   000BA
?___awdiv                        cstackBANK0   000C4
?___fladd                        cstackBANK0   000E5
?___fldiv                        cstackBANK0   000BA
?___flmul                        cstackBANK0   000BA
?___fltol                        cstackBANK0   000BA
?___lldiv                        cstackBANK0   000BA
?___lwdiv                        cstackBANK0   000BA
?___lwmod                        cstackBANK0   000BA
?___xxtofl                       cstackBANK0   000BA
ADC_ClockDivision@pDivide        cstackBANK0   000BA
ADC_ClockDivision@reg            cstackBANK0   000BB
ADC_ClockDivision@unfound        cstackBANK0   000BC
ADC_ConversionTime@pCount        cstackBANK0   000BB
ADC_Init@pChannel                cstackBANK0   000C0
ADC_Init@pInput                  cstackBANK0   000BE
ADC_SetChannel@pChannel          cstackBANK0   000BB
ADC_SetupIO@MASK                 cstackBANK0   000BD
ADC_SetupIO@pChannel             cstackBANK0   000BC
ADC_Start@pInput                 cstackBANK0   000BC
ADC_Voltage@max                  cstackBANK0   000D9
ADC_Voltage@output               cstackBANK0   000E1
ADC_Voltage@pInput               cstackBANK0   000D3
ADC_Voltage@ref                  cstackBANK0   000DD
Button_Init@pFunction            cstackBANK2   002B4
Button_Init@pGetState            cstackBANK2   002B1
Button_Init@pInitIO              cstackBANK2   002AE
Button_Init@pInput               cstackBANK2   002AA
Button_Init@pThreshold           cstackBANK2   002AC
Byte_GetPair@pInput              cstackBANK0   000C3
Byte_GetPair@pPair               cstackBANK0   000C5
Byte_GetZone@MASK                cstackBANK0   000C0
Byte_GetZone@Offset              cstackBANK0   000C1
Byte_GetZone@Output              cstackBANK0   000C2
Byte_GetZone@pChunk              cstackBANK0   000BD
Byte_GetZone@pChunkSize          cstackBANK0   000BE
Byte_GetZone@pInput              cstackBANK0   000BA
Byte_GetZone@pMax                cstackBANK0   000BC
Byte_SetBit@pBit                 cstackBANK0   000BC
Byte_SetBit@pInput               cstackBANK0   000BA
Byte_SetBit@pValue               cstackBANK0   000BD
Byte_SetByte@pInput              cstackBANK0   000BA
Byte_SetByte@pValue              cstackBANK0   000BC
Byte_SetPair@pInput              cstackBANK0   000C5
Byte_SetPair@pPair               cstackBANK0   000C7
Byte_SetPair@pValue              cstackBANK0   000C8
Byte_SetQuad@pInput              cstackBANK0   000C5
Byte_SetQuad@pQuad               cstackBANK0   000C7
Byte_SetQuad@pValue              cstackBANK0   000C8
Byte_SetZone@MASK                cstackBANK0   000C4
Byte_SetZone@Offset              cstackBANK0   000C3
Byte_SetZone@pChunk              cstackBANK0   000BD
Byte_SetZone@pChunkSize          cstackBANK0   000BE
Byte_SetZone@pInput              cstackBANK0   000BA
Byte_SetZone@pMax                cstackBANK0   000BC
Byte_SetZone@pValue              cstackBANK0   000BF
Console_Init@x                   cstackBANK0   000BC
Console_Init@y                   cstackBANK0   000BD
Console_MakeField@Fill           bssBANK2      00264
Console_Render@F6956             dataBANK1     001F0
Event_TestButton@j               bssBANK0      00087
GetPortPORT@pInput               cstackBANK0   000BC
GetPortProperties@pInput         cstackBANK0   000BC
GetPortTRIS@pInput               cstackBANK0   000BC
HMI_GRender@a                    bssCOMRAM     00031
HMI_Init@in                      cstackBANK0   000F5
HMI_Render@a                     cstackBANK0   000C2
HMI_SetButton@F7213              mediumconst   0FDD8
HMI_SetNumber@pInput             cstackBANK0   000CB
HMI_SetSegments@in               cstackBANK0   000BE
HMI_SetSegments@pString          cstackBANK0   000BB
LCD_DrawRectangle@p2             bssBANK1      001EC
LCD_DrawRectangle@p4             bssBANK1      001E8
LCD_Fill@i                       cstackBANK0   000C5
LCD_Fill@j                       cstackBANK0   000C6
LCD_Fill@pColour                 cstackBANK0   000C3
LCD_Init@i                       cstackBANK0   000F1
LCD_Word_Write@value             cstackBANK0   000BF
LCD_Write@mode                   cstackBANK0   000BD
LCD_Write@value                  cstackBANK0   000BE
LED_Init@pLED                    cstackBANK0   000E7
LED_Set@pLED                     cstackBANK0   000CF
LED_Set@pValue                   cstackBANK0   000CE
LED_Toggle@pLED                  cstackBANK0   000D2
MXK_BlockSwitchTo@CUR            cstackBANK0   000C0
MXK_BlockSwitchTo@pModule        cstackBANK0   000C1
MXK_Queue@pCallback              cstackBANK0   000BA
MXK_SwitchTo@CUR                 cstackBANK0   000C0
MXK_SwitchTo@pModule             cstackBANK0   000C1
Mode_Set@pMode                   cstackBANK0   000BA
Motor_Init@pAddress              cstackBANK0   000E9
Motor_Init@pMotor                cstackBANK0   000E7
OutSeg@a                         bssCOMRAM     0003C
OutSeg@cur                       bssCOMRAM     0003E
OutSeg@out                       cstackBANK0   000C1
OutSeg@pInput                    cstackBANK0   000C0
OutSeg@pSegment                  cstackBANK0   000BD
OutSeg@segset                    bssCOMRAM     0003D
PortProperty_Valid@Errors        cstackBANK0   000CF
PortProperty_Valid@F6830         mediumconst   0FDB5
PortProperty_Valid@Pair          cstackBANK0   000DF
PortProperty_Valid@pInput        cstackBANK0   000C9
PortProperty_Valid@pPin          cstackBANK0   000CC
PortProperty_Valid@pPinDrive     cstackBANK0   000CB
Port_CheckPairType@Output        cstackBANK0   000E6
Port_CheckPairType@Pin1          cstackBANK0   000E4
Port_CheckPairType@Pin2          cstackBANK0   000E5
Port_CheckPairType@Props         cstackBANK0   000E7
Port_CheckPairType@pDrive        cstackBANK0   000E3
Port_CheckPairType@pInput        cstackBANK0   000E0
Port_CheckPairType@pPair         cstackBANK0   000E2
Port_CheckPortType@Output        cstackBANK0   000F3
Port_CheckPortType@pDrive        cstackBANK0   000F2
Port_CheckPortType@pInput        cstackBANK0   000F0
Port_CheckQuadType@Output        cstackBANK0   000EF
Port_CheckQuadType@Pair1         cstackBANK0   000ED
Port_CheckQuadType@Pair2         cstackBANK0   000EE
Port_CheckQuadType@pDrive        cstackBANK0   000EC
Port_CheckQuadType@pInput        cstackBANK0   000E9
Port_CheckQuadType@pQuad         cstackBANK0   000EB
Port_GetPin@Output               cstackBANK0   000BF
Port_GetPin@pInput               cstackBANK0   000BA
Port_GetPin@pPin                 cstackBANK0   000BC
Port_Init@i                      cstackBANK1   001FF
Port_Init@pInput                 cstackBANK1   001FC
Port_Init@pPort                  cstackBANK1   001FE
Port_Set@Type                    cstackBANK0   000E0
Port_Set@TypeActual              cstackBANK0   000DE
Port_Set@TypeRequired            cstackBANK0   000DC
Port_Set@pInput                  cstackBANK0   000C9
Port_Set@pValue                  cstackBANK0   000CB
Port_SetPin@Type                 cstackBANK0   000CD
Port_SetPin@pInput               cstackBANK0   000C9
Port_SetPin@pPin                 cstackBANK0   000CB
Port_SetPin@pValue               cstackBANK0   000CC
Port_SetPinType@Output           cstackBANK0   000E4
Port_SetPinType@Props            cstackBANK0   000E5
Port_SetPinType@pInput           cstackBANK0   000E0
Port_SetPinType@pPin             cstackBANK0   000E2
Port_SetPinType@pType            cstackBANK0   000E3
Port_SetQuadType@Output          cstackBANK0   000F4
Port_SetQuadType@pInput          cstackBANK0   000F0
Port_SetQuadType@pQuad           cstackBANK0   000F2
Port_SetQuadType@pType           cstackBANK0   000F3
Port_SetType@Output              cstackBANK0   000F9
Port_SetType@pInput              cstackBANK0   000F4
Port_SetType@pType               cstackBANK0   000F6
Port_TogglePin@Value             cstackBANK0   000D1
Port_TogglePin@pInput            cstackBANK0   000CE
Port_TogglePin@pPin              cstackBANK0   000D0
SPI_DCS@pInput                   cstackBANK0   000BA
SPI_DisableISR@pInput            cstackBANK0   000BA
SPI_Init@pChannel                cstackBANK0   000EB
SPI_Init@pClock                  cstackBANK0   000E7
SPI_Init@pInput                  cstackBANK0   000ED
SPI_Init@pMode                   cstackBANK0   000EC
SPI_MaxSpeed@pInput              cstackBANK0   000C9
SPI_MinSpeed@pInput              cstackBANK0   000C9
SPI_Send9@dat                    bssBANK0      0007B
SPI_Send@pData                   cstackBANK0   000BC
SPI_Send@pInput                  cstackBANK0   000BA
Set_Addr_Window@xe               cstackBANK0   000C0
Set_Addr_Window@xs               cstackBANK0   000C2
Set_Addr_Window@ye               cstackBANK0   000C1
Set_Addr_Window@ys               cstackBANK0   000BF
Set_Rotation@m                   cstackBANK0   000BF
Set_Rotation@rotation            cstackBANK0   000C0
Timer0_Init@DIV                  bssBANK1      0012A
Timer0_Init@DIVIDE               cstackBANK0   000D1
Timer0_Init@PRE                  bssBANK0      0008D
Timer0_Init@PRESCALE             mediumconst   0FDA5
Timer0_Init@pCPUClock            cstackBANK0   000CD
Timer0_Init@pFrequency           cstackBANK0   000C7
Timer2_Init@DIV                  bssBANK1      00126
Timer2_Init@DIVIDE               cstackBANK0   000D4
Timer2_Init@INDEX                bssBANK0      0008C
Timer2_Init@PRE                  bssBANK0      0008B
Timer2_Init@PRESCALE             mediumconst   0FDDC
Timer2_Init@RDIV                 cstackBANK0   000CC
Timer2_Init@pCPUClock            cstackBANK0   000D0
Timer2_Init@pFrequency           cstackBANK0   000C7
ToSegment@pCHR                   cstackBANK0   000BA
Word_GetPair@pInput              cstackBANK0   000C6
Word_GetPair@pPair               cstackBANK0   000C8
Word_SetPair@pInput              cstackBANK0   000C9
Word_SetPair@pPair               cstackBANK0   000CB
Word_SetPair@pValue              cstackBANK0   000CC
_ADCON0bits                      (abs)         00FC2
_ADCON1bits                      (abs)         00FC1
_ADC_AN0                         bssBANK0      000B5
_ADC_AN1                         bssBANK1      001E3
_ADC_AN2                         bssBANK1      001DE
_ADC_AN3                         bssBANK1      001D9
_ADC_Calibrate                   text98        14AFE
_ADC_ClockDivision               text97        13AA4
_ADC_ConversionTime              text96        1454C
_ADC_Init                        text93        13D36
_ADC_Initialised                 bssBANK0      0008F
_ADC_Off                         text100       14BBC
_ADC_On                          text99        14BD6
_ADC_SetChannel                  text95        14AB2
_ADC_SetupIO                     text94        147D0
_ADC_Start                       text92        13BB4
_ADC_Voltage                     text15        12EA2
_ADRESH                          (abs)         00FC4
_ADRESL                          (abs)         00FC3
_ANCON0                          (abs)         00FC1
_BAUDCON1bits                    (abs)         00F7E
_Bus_State                       dataCOMRAM    0004C
_Button_Init                     text74        13050
_Byte_GetPair                    text87        14A78
_Byte_GetZone                    text88        138DE
_Byte_SetBit                     text79        141A4
_Byte_SetByte                    text32        14B50
_Byte_SetPair                    text82        14960
_Byte_SetQuad                    text89        14982
_Byte_SetZone                    text90        134E2
_COUNTER                         bssBANK0      00075
_Configure_GPIOs                 text55        13F88
_Console_Init                    text91        13B2E
_DIPSwitch                       bssBANK1      00190
_Event_DIPSwitch                 (abs)         00000
_Event_NULL                      (abs)         00000
_Event_TestButton                (abs)         00000
_Font5x7                         mediumconst   0FDDF
_GetPortPORT                     text35        13838
_GetPortProperties               text34        13792
_GetPortTRIS                     text33        136EC
_HMIBoard                        bssBANK1      00140
_HMI_DIPSwitch                   (abs)         00000
_HMI_DownSwitch                  (abs)         00000
_HMI_Init                        text66        11BEA
_HMI_InitButtons                 text76        14BD0
_HMI_LeftSwitch                  (abs)         00000
_HMI_Render                      text9         146A2
_HMI_RightSwitch                 (abs)         00000
_HMI_SetNumber                   text2         148EC
_HMI_SetSegments                 text7         13428
_HMI_UpSwitch                    (abs)         00000
_I2C1T                           bssBANK0      000AE
_I2C1_Done                       bssBANK1      00137
_I2C1_More                       bssBANK1      00131
_I2C2T                           bssBANK1      001CC
_I2C2_Done                       bssBANK1      00134
_I2C2_More                       bssBANK1      0012E
_INDEX                           bssBANK0      0008E
_INTCONbits                      (abs)         00FF2
_IPR1bits                        (abs)         00F9F
_IPR3bits                        (abs)         00FA5
_IRValue                         bssBANK0      0006D
_ISR_Enable                      text65        14BAA
_ISR_Function                    intcode       01408
_InitList                        mediumconst   0FCF3
_LATA                            (abs)         00F89
_LATB                            (abs)         00F8A
_LATC                            (abs)         00F8B
_LATD                            (abs)         00F8C
_LATE                            (abs)         00F8D
_LATF                            (abs)         00F8E
_LATG                            (abs)         00F8F
_LCD_Fill                        text49        14326
_LCD_Init                        text47        12484
_LCD_Reset                       text57        14420
_LCD_Word_Write                  text51        149E2
_LCD_Write                       text52        1493E
_LED_Init                        text36        1426A
_LED_Set                         text37        143D0
_LED_Toggle                      text61        14504
_MASKS                           mediumconst   0FDCF
_MXK_BlockSwitchTo               text45        1471E
_MXK_DIPSwitch                   (abs)         00000
_MXK_Dequeue                     text38        146E0
_MXK_Init                        text27        12304
_MXK_InitDIPSwitch               text75        14A3C
_MXK_InitTestButton              text77        14A5A
_MXK_Queue                       text44        14B5E
_MXK_Release                     text43        14A96
_MXK_SwitchTo                    text42        14620
_MXK_TestButton                  (abs)         00000
_Mode_Set                        text54        14B12
_Motor_Init                      text24        12F7A
_Motor_Step                      text39        128BA
_Motor_Step$intlevel0            text39        128C0
_OSCTUNEbits                     (abs)         00F9B
_OutSeg                          text10        13C38
_PIE1bits                        (abs)         00F9D
_PIE3bits                        (abs)         00FA3
_PIR1                            (abs)         00F9E
_PIR1bits                        (abs)         00F9E
_PIR2                            (abs)         00FA1
_PIR3                            (abs)         00FA4
_PIR3bits                        (abs)         00FA4
_PORTA                           (abs)         00F80
_PORTB                           (abs)         00F81
_PORTC                           (abs)         00F82
_PORTD                           (abs)         00F83
_PORTE                           (abs)         00F84
_PORTF                           (abs)         00F85
_PORTFbits                       (abs)         00F85
_PORTG                           (abs)         00F86
_PR2                             (abs)         00FCB
_PortA                           bssBANK1      001B8
_PortA_Property                  mediumconst   0FFEF
_PortB                           bssBANK1      001AE
_PortB_Property                  mediumconst   0FFED
_PortC                           bssBANK0      000A4
_PortC_Property                  mediumconst   0FFEB
_PortD                           bssBANK0      0009A
_PortD_Property                  mediumconst   0FFE9
_PortE                           bssBANK0      00090
_PortE_Property                  mediumconst   0FFE7
_PortF                           bssBANK1      001C2
_PortF_Property                  mediumconst   0FFE5
_PortG                           bssBANK1      001A4
_PortG_Property                  mediumconst   0FFE3
_PortProperty_Valid              text85        13CBA
_Port_CheckPairType              text84        1413A
_Port_CheckPortType              text30        144BC
_Port_CheckQuadType              text83        142CC
_Port_GetPin                     text64        14594
_Port_Init                       text28        12172
_Port_Set                        text31        1112C
_Port_SetPin                     text63        131EA
_Port_SetPinType                 text78        11FB2
_Port_SetQuadType                text80        1176A
_Port_SetType                    text29        119C0
_Port_TogglePin                  text62        14802
_RCONbits                        (abs)         00FD0
_RCREG1                          (abs)         00FAF
_RCSTA1                          (abs)         00FAC
_Reset_High                      text60        14A1E
_Reset_Low                       text59        14A00
_SPBRG1                          (abs)         00FB0
_SPI1                            bssBANK1      0017A
_SPI2                            bssBANK1      00185
_SPI_DCS                         text73        14832
_SPI_DisableISR                  text72        14916
_SPI_Init                        text68        1094E
_SPI_MaxSpeed                    text56        13EA0
_SPI_MinSpeed                    text67        13F14
_SPI_Send                        text53        14064
_SSP1ADD                         (abs)         00FC8
_SSP1BUF                         (abs)         00FC9
_SSP1CON1                        (abs)         00FC6
_SSP1CON1bits                    (abs)         00FC6
_SSP1CON2                        (abs)         00FC5
_SSP1CON2bits                    (abs)         00FC5
_SSP1STAT                        (abs)         00FC7
_SSP1STATbits                    (abs)         00FC7
_SSP2BUF                         (abs)         00F6F
_SSP2CON1                        (abs)         00F6C
_SSP2CON1bits                    (abs)         00F6C
_SSP2CON2                        (abs)         00F6B
_SSP2CON2bits                    (abs)         00F6B
_SSP2STAT                        (abs)         00F6D
_SSP2STATbits                    (abs)         00F6D
_Set_Addr_Window                 text50        13598
_Set_Rotation                    text48        1397A
_Stepper                         bssBANK1      001D3
_T0CONbits                       (abs)         00FD5
_T2CONbits                       (abs)         00FCA
_TMR0                            (abs)         00FD6
_TRISA                           (abs)         00F92
_TRISB                           (abs)         00F93
_TRISC                           (abs)         00F94
_TRISCbits                       (abs)         00F94
_TRISD                           (abs)         00F95
_TRISE                           (abs)         00F96
_TRISF                           (abs)         00F97
_TRISG                           (abs)         00F98
_TXREG1                          (abs)         00FAE
_TXSTA1                          (abs)         00FAD
_TXSTA1bits                      (abs)         00FAD
_TestButton                      bssBANK1      0019A
_Timer0_Clear                    text26        14B86
_Timer0_ISR                      text102       14892
_Timer0_Init                     text25        125F6
_Timer0_Restart                  text41        14B92
_Timer0_Stop                     text40        14BCA
_Timer2_Clear                    text71        14BB4
_Timer2_Init                     text69        1275A
_ToSegment                       text8         114E6
_Word_GetPair                    text86        1475C
_Word_SetPair                    text81        145DA
__CFG_CCP2MX$DEFAULT             (abs)         00000
__CFG_CPUDIV$OSC1                (abs)         00000
__CFG_FCMEN$OFF                  (abs)         00000
__CFG_FOSC$HSPLL                 (abs)         00000
__CFG_IESO$OFF                   (abs)         00000
__CFG_MSSPMSK$MSK5               (abs)         00000
__CFG_PLLDIV$3                   (abs)         00000
__CFG_STVREN$ON                  (abs)         00000
__CFG_WDTEN$OFF                  (abs)         00000
__CFG_WDTPS$32768                (abs)         00000
__CFG_XINST$OFF                  (abs)         00000
__HRAM                           (abs)         00000
__Habs1                          abs1          00000
__Hbank0                         bank0         00000
__Hbank1                         bank1         00000
__Hbank10                        bank10        00000
__Hbank11                        bank11        00000
__Hbank12                        bank12        00000
__Hbank13                        bank13        00000
__Hbank14                        bank14        00000
__Hbank15                        bank15        00000
__Hbank2                         bank2         00000
__Hbank3                         bank3         00000
__Hbank4                         bank4         00000
__Hbank5                         bank5         00000
__Hbank6                         bank6         00000
__Hbank7                         bank7         00000
__Hbank8                         bank8         00000
__Hbank9                         bank9         00000
__Hbigbss                        bigbss        00000
__Hbigdata                       bigdata       00000
__Hbigram                        bigram        00000
__Hbss                           bss           00000
__HbssBANK0                      bssBANK0      00000
__HbssBANK1                      bssBANK1      00000
__HbssBANK2                      bssBANK2      00000
__HbssBANK4                      bssBANK4      00000
__HbssBIGRAM                     bssBIGRAM     00000
__HbssCOMRAM                     bssCOMRAM     00000
__Hcinit                         cinit         00000
__Hclrtext                       clrtext       00000
__Hcomram                        comram        00000
__Hconfig                        config        1FFFE
__Hconst                         const         00000
__HcstackBANK0                   cstackBANK0   00000
__HcstackBANK1                   cstackBANK1   00000
__HcstackBANK2                   cstackBANK2   00000
__HcstackCOMRAM                  cstackCOMRAM  00000
__Hdata                          data          00000
__HdataBANK0                     dataBANK0     00000
__HdataBANK1                     dataBANK1     00000
__HdataBANK3                     dataBANK3     00000
__HdataCOMRAM                    dataCOMRAM    00000
__Hfarbss                        farbss        00000
__Hfardata                       fardata       00000
__Hibigdata                      ibigdata      00000
__Hidata                         idata         00000
__HidataBANK0                    idataBANK0    00000
__HidataBANK1                    idataBANK1    00000
__HidataBANK3                    idataBANK3    00000
__HidataCOMRAM                   idataCOMRAM   00000
__Hidloc                         idloc         00000
__Hifardata                      ifardata      00000
__Hinit                          init          014AE
__Hintcode                       intcode       014AA
__Hintcode_body                  intcode_body  00000
__Hintcodelo                     intcodelo     014AA
__Hintentry                      intentry      00000
__Hintret                        intret        00000
__Hintsave_regs                  intsave_regs  00000
__Hirdata                        irdata        00000
__Hjflash_buffer                 jflash_buffer 1F800
__Hmediumconst                   mediumconst   10000
__HnvFARRAM                      nvFARRAM      00000
__Hnvbit                         nvbit         00000
__Hnvrram                        nvrram        00000
__Hparam                         rparam        00000
__Hpowerup                       powerup       014AA
__Hram                           ram           00000
__Hramtop                        ramtop        01000
__Hrbit                          rbit          00000
__Hrbss                          rbss          00000
__Hrdata                         rdata         00000
__Hreset_vec                     reset_vec     01404
__Hrparam                        rparam        00000
__Hsfr                           sfr           00000
__Hsmallconst                    smallconst    00000
__Hspace_0                       (abs)         1FFFE
__Hspace_1                       (abs)         0058F
__Hspace_2                       (abs)         00000
__Hstack                         stack         00000
__Hstruct                        struct        00000
__Htemp                          temp          00052
__Htext                          text          00000
__Htext0                         text0         00000
__Htext1                         text1         00000
__Htext10                        text10        00000
__Htext100                       text100       00000
__Htext102                       text102       00000
__Htext103                       text103       00000
__Htext104                       text104       00000
__Htext105                       text105       00000
__Htext106                       text106       00000
__Htext107                       text107       00000
__Htext108                       text108       00000
__Htext109                       text109       00000
__Htext11                        text11        00000
__Htext110                       text110       00000
__Htext111                       text111       00000
__Htext112                       text112       00000
__Htext113                       text113       00000
__Htext114                       text114       00000
__Htext115                       text115       00000
__Htext12                        text12        00000
__Htext13                        text13        00000
__Htext14                        text14        00000
__Htext15                        text15        00000
__Htext16                        text16        00000
__Htext17                        text17        00000
__Htext18                        text18        00000
__Htext19                        text19        00000
__Htext2                         text2         00000
__Htext20                        text20        00000
__Htext21                        text21        00000
__Htext22                        text22        00000
__Htext23                        text23        00000
__Htext24                        text24        00000
__Htext25                        text25        00000
__Htext26                        text26        00000
__Htext27                        text27        00000
__Htext28                        text28        00000
__Htext29                        text29        00000
__Htext3                         text3         00000
__Htext30                        text30        00000
__Htext31                        text31        00000
__Htext32                        text32        00000
__Htext33                        text33        00000
__Htext34                        text34        00000
__Htext35                        text35        00000
__Htext36                        text36        00000
__Htext37                        text37        00000
__Htext38                        text38        00000
__Htext39                        text39        00000
__Htext4                         text4         00000
__Htext40                        text40        00000
__Htext41                        text41        00000
__Htext42                        text42        00000
__Htext43                        text43        00000
__Htext44                        text44        00000
__Htext45                        text45        00000
__Htext46                        text46        00000
__Htext47                        text47        00000
__Htext48                        text48        00000
__Htext49                        text49        00000
__Htext5                         text5         00000
__Htext50                        text50        00000
__Htext51                        text51        00000
__Htext52                        text52        00000
__Htext53                        text53        00000
__Htext54                        text54        00000
__Htext55                        text55        00000
__Htext56                        text56        00000
__Htext57                        text57        00000
__Htext58                        text58        00000
__Htext59                        text59        00000
__Htext6                         text6         00000
__Htext60                        text60        00000
__Htext61                        text61        00000
__Htext62                        text62        00000
__Htext63                        text63        00000
__Htext64                        text64        00000
__Htext65                        text65        00000
__Htext66                        text66        00000
__Htext67                        text67        00000
__Htext68                        text68        00000
__Htext69                        text69        00000
__Htext7                         text7         00000
__Htext70                        text70        00000
__Htext71                        text71        00000
__Htext72                        text72        00000
__Htext73                        text73        00000
__Htext74                        text74        00000
__Htext75                        text75        00000
__Htext76                        text76        00000
__Htext77                        text77        00000
__Htext78                        text78        00000
__Htext79                        text79        00000
__Htext8                         text8         00000
__Htext80                        text80        00000
__Htext81                        text81        00000
__Htext82                        text82        00000
__Htext83                        text83        00000
__Htext84                        text84        00000
__Htext85                        text85        00000
__Htext86                        text86        00000
__Htext87                        text87        00000
__Htext88                        text88        00000
__Htext89                        text89        00000
__Htext9                         text9         00000
__Htext90                        text90        00000
__Htext91                        text91        00000
__Htext92                        text92        00000
__Htext93                        text93        00000
__Htext94                        text94        00000
__Htext95                        text95        00000
__Htext96                        text96        00000
__Htext97                        text97        00000
__Htext98                        text98        00000
__Htext99                        text99        00000
__LRAM                           (abs)         00001
__Labs1                          abs1          00000
__Lbank0                         bank0         00000
__Lbank1                         bank1         00000
__Lbank10                        bank10        00000
__Lbank11                        bank11        00000
__Lbank12                        bank12        00000
__Lbank13                        bank13        00000
__Lbank14                        bank14        00000
__Lbank15                        bank15        00000
__Lbank2                         bank2         00000
__Lbank3                         bank3         00000
__Lbank4                         bank4         00000
__Lbank5                         bank5         00000
__Lbank6                         bank6         00000
__Lbank7                         bank7         00000
__Lbank8                         bank8         00000
__Lbank9                         bank9         00000
__Lbigbss                        bigbss        00000
__Lbigdata                       bigdata       00000
__Lbigram                        bigram        00000
__Lbss                           bss           00000
__LbssBANK0                      bssBANK0      00000
__LbssBANK1                      bssBANK1      00000
__LbssBANK2                      bssBANK2      00000
__LbssBANK4                      bssBANK4      00000
__LbssBIGRAM                     bssBIGRAM     00000
__LbssCOMRAM                     bssCOMRAM     00000
__Lcinit                         cinit         00000
__Lclrtext                       clrtext       00000
__Lcomram                        comram        00000
__Lconfig                        config        1FFF8
__Lconst                         const         00000
__LcstackBANK0                   cstackBANK0   00000
__LcstackBANK1                   cstackBANK1   00000
__LcstackBANK2                   cstackBANK2   00000
__LcstackCOMRAM                  cstackCOMRAM  00000
__Ldata                          data          00000
__LdataBANK0                     dataBANK0     00000
__LdataBANK1                     dataBANK1     00000
__LdataBANK3                     dataBANK3     00000
__LdataCOMRAM                    dataCOMRAM    00000
__Lfarbss                        farbss        00000
__Lfardata                       fardata       00000
__Libigdata                      ibigdata      00000
__Lidata                         idata         00000
__LidataBANK0                    idataBANK0    00000
__LidataBANK1                    idataBANK1    00000
__LidataBANK3                    idataBANK3    00000
__LidataCOMRAM                   idataCOMRAM   00000
__Lidloc                         idloc         00000
__Lifardata                      ifardata      00000
__Linit                          init          014AA
__Lintcode                       intcode       01408
__Lintcode_body                  intcode_body  00000
__Lintcodelo                     intcodelo     014AA
__Lintentry                      intentry      00000
__Lintret                        intret        00000
__Lintsave_regs                  intsave_regs  00000
__Lirdata                        irdata        00000
__Ljflash_buffer                 jflash_buffer 1F800
__Lmediumconst                   mediumconst   0FCF2
__LnvFARRAM                      nvFARRAM      00000
__Lnvbit                         nvbit         00000
__Lnvrram                        nvrram        00000
__Lparam                         rparam        00000
__Lpowerup                       powerup       014AA
__Lram                           ram           00000
__Lramtop                        ramtop        01000
__Lrbit                          rbit          00000
__Lrbss                          rbss          00000
__Lrdata                         rdata         00000
__Lreset_vec                     reset_vec     01400
__Lrparam                        rparam        00000
__Lsfr                           sfr           00000
__Lsmallconst                    smallconst    00000
__Lspace_0                       (abs)         00000
__Lspace_1                       (abs)         00000
__Lspace_2                       (abs)         00000
__Lstack                         stack         00000
__Lstruct                        struct        00000
__Ltemp                          temp          00051
__Ltext                          text          00000
__Ltext0                         text0         00000
__Ltext1                         text1         00000
__Ltext10                        text10        00000
__Ltext100                       text100       00000
__Ltext102                       text102       00000
__Ltext103                       text103       00000
__Ltext104                       text104       00000
__Ltext105                       text105       00000
__Ltext106                       text106       00000
__Ltext107                       text107       00000
__Ltext108                       text108       00000
__Ltext109                       text109       00000
__Ltext11                        text11        00000
__Ltext110                       text110       00000
__Ltext111                       text111       00000
__Ltext112                       text112       00000
__Ltext113                       text113       00000
__Ltext114                       text114       00000
__Ltext115                       text115       00000
__Ltext12                        text12        00000
__Ltext13                        text13        00000
__Ltext14                        text14        00000
__Ltext15                        text15        00000
__Ltext16                        text16        00000
__Ltext17                        text17        00000
__Ltext18                        text18        00000
__Ltext19                        text19        00000
__Ltext2                         text2         00000
__Ltext20                        text20        00000
__Ltext21                        text21        00000
__Ltext22                        text22        00000
__Ltext23                        text23        00000
__Ltext24                        text24        00000
__Ltext25                        text25        00000
__Ltext26                        text26        00000
__Ltext27                        text27        00000
__Ltext28                        text28        00000
__Ltext29                        text29        00000
__Ltext3                         text3         00000
__Ltext30                        text30        00000
__Ltext31                        text31        00000
__Ltext32                        text32        00000
__Ltext33                        text33        00000
__Ltext34                        text34        00000
__Ltext35                        text35        00000
__Ltext36                        text36        00000
__Ltext37                        text37        00000
__Ltext38                        text38        00000
__Ltext39                        text39        00000
__Ltext4                         text4         00000
__Ltext40                        text40        00000
__Ltext41                        text41        00000
__Ltext42                        text42        00000
__Ltext43                        text43        00000
__Ltext44                        text44        00000
__Ltext45                        text45        00000
__Ltext46                        text46        00000
__Ltext47                        text47        00000
__Ltext48                        text48        00000
__Ltext49                        text49        00000
__Ltext5                         text5         00000
__Ltext50                        text50        00000
__Ltext51                        text51        00000
__Ltext52                        text52        00000
__Ltext53                        text53        00000
__Ltext54                        text54        00000
__Ltext55                        text55        00000
__Ltext56                        text56        00000
__Ltext57                        text57        00000
__Ltext58                        text58        00000
__Ltext59                        text59        00000
__Ltext6                         text6         00000
__Ltext60                        text60        00000
__Ltext61                        text61        00000
__Ltext62                        text62        00000
__Ltext63                        text63        00000
__Ltext64                        text64        00000
__Ltext65                        text65        00000
__Ltext66                        text66        00000
__Ltext67                        text67        00000
__Ltext68                        text68        00000
__Ltext69                        text69        00000
__Ltext7                         text7         00000
__Ltext70                        text70        00000
__Ltext71                        text71        00000
__Ltext72                        text72        00000
__Ltext73                        text73        00000
__Ltext74                        text74        00000
__Ltext75                        text75        00000
__Ltext76                        text76        00000
__Ltext77                        text77        00000
__Ltext78                        text78        00000
__Ltext79                        text79        00000
__Ltext8                         text8         00000
__Ltext80                        text80        00000
__Ltext81                        text81        00000
__Ltext82                        text82        00000
__Ltext83                        text83        00000
__Ltext84                        text84        00000
__Ltext85                        text85        00000
__Ltext86                        text86        00000
__Ltext87                        text87        00000
__Ltext88                        text88        00000
__Ltext89                        text89        00000
__Ltext9                         text9         00000
__Ltext90                        text90        00000
__Ltext91                        text91        00000
__Ltext92                        text92        00000
__Ltext93                        text93        00000
__Ltext94                        text94        00000
__Ltext95                        text95        00000
__Ltext96                        text96        00000
__Ltext97                        text97        00000
__Ltext98                        text98        00000
__Ltext99                        text99        00000
__S0                             (abs)         1FFFE
__S1                             (abs)         0058F
__S2                             (abs)         00000
___awdiv                         text14        132AE
___awdiv@counter                 cstackBANK0   000C8
___awdiv@dividend                cstackBANK0   000C4
___awdiv@divisor                 cstackBANK0   000C6
___awdiv@quotient                cstackBANK0   000CA
___awdiv@sign                    cstackBANK0   000C9
___extmem_base                   (abs)         20000
___fladd                         text13        10000
___fladd@a                       cstackBANK0   000E9
___fladd@aexp                    cstackBANK0   000F6
___fladd@b                       cstackBANK0   000E5
___fladd@bexp                    cstackBANK0   000F7
___fladd@grs                     cstackBANK0   000F8
___fladd@signs                   cstackBANK0   000F5
___fldiv                         text18        10D6C
___fldiv@a                       cstackBANK0   000BE
___fldiv@aexp                    cstackBANK0   000D2
___fldiv@b                       cstackBANK0   000BA
___fldiv@bexp                    cstackBANK0   000D1
___fldiv@grs                     cstackBANK0   000CD
___fldiv@new_exp                 cstackBANK0   000CB
___fldiv@rem                     cstackBANK0   000C7
___fldiv@sign                    cstackBANK0   000C6
___flmul                         text17        104A8
___flmul@a                       cstackBANK0   000BE
___flmul@aexp                    cstackBANK0   000C7
___flmul@b                       cstackBANK0   000BA
___flmul@bexp                    cstackBANK0   000C8
___flmul@grs                     cstackBANK0   000C9
___flmul@prod                    cstackBANK0   000CD
___flmul@sign                    cstackBANK0   000C6
___flmul@temp                    cstackBANK0   000D1
___fltol                         text12        129E0
___fltol@exp1                    cstackBANK0   000C3
___fltol@f1                      cstackBANK0   000BA
___fltol@sign1                   cstackBANK0   000C2
___inthi_sp                      stack         00000
___intlo_sp                      stack         00000
___lldiv                         text70        1336C
___lldiv@counter                 cstackBANK0   000C6
___lldiv@dividend                cstackBANK0   000BA
___lldiv@divisor                 cstackBANK0   000BE
___lldiv@quotient                cstackBANK0   000C2
___lwdiv                         text6         13DB2
___lwdiv@counter                 cstackBANK0   000BE
___lwdiv@dividend                cstackBANK0   000BA
___lwdiv@divisor                 cstackBANK0   000BC
___lwdiv@quotient                cstackBANK0   000BF
___lwmod                         text5         14208
___lwmod@counter                 cstackBANK0   000BE
___lwmod@dividend                cstackBANK0   000BA
___lwmod@divisor                 cstackBANK0   000BC
___param_bank                    (abs)         00000
___rparam_used                   (abs)         00001
___sp                            stack         00000
___xxtofl                        text16        11DE4
___xxtofl@arg                    cstackBANK0   000C4
___xxtofl@exp                    cstackBANK0   000C3
___xxtofl@sign                   cstackBANK0   000C2
___xxtofl@val                    cstackBANK0   000BA
__accesstop                      (abs)         00060
__activetblptr                   (abs)         00003
__end_ofHMI_SetButton@F7213      mediumconst   0FDDC
__end_ofPortProperty_Valid@F6830 mediumconst   0FDC5
__end_ofTimer0_Init@PRESCALE     mediumconst   0FDB5
__end_ofTimer2_Init@PRESCALE     mediumconst   0FDDF
__end_of_ADC_Calibrate           text98        14B12
__end_of_ADC_ClockDivision       text97        13B2E
__end_of_ADC_ConversionTime      text96        14594
__end_of_ADC_Init                text93        13DB2
__end_of_ADC_Off                 text100       14BC4
__end_of_ADC_On                  text99        14BDC
__end_of_ADC_SetChannel          text95        14ACE
__end_of_ADC_SetupIO             text94        14802
__end_of_ADC_Start               text92        13C38
__end_of_ADC_Voltage             text15        12F7A
__end_of_Button_Init             text74        13124
__end_of_Byte_GetPair            text87        14A96
__end_of_Byte_GetZone            text88        1397A
__end_of_Byte_SetBit             text79        14208
__end_of_Byte_SetByte            text32        14B5E
__end_of_Byte_SetPair            text82        14982
__end_of_Byte_SetQuad            text89        149A4
__end_of_Byte_SetZone            text90        13598
__end_of_Configure_GPIOs         text55        13FF8
__end_of_Console_Init            text91        13BB4
__end_of_Font5x7                 mediumconst   0FFBF
__end_of_GetPortPORT             text35        138DE
__end_of_GetPortProperties       text34        13838
__end_of_GetPortTRIS             text33        13792
__end_of_HMI_Init                text66        11DE4
__end_of_HMI_InitButtons         text76        14BD6
__end_of_HMI_Render              text9         146E0
__end_of_HMI_SetNumber           text2         14916
__end_of_HMI_SetSegments         text7         134E2
__end_of_ISR_Enable              text65        14BB4
__end_of_ISR_Function            intcode       014AA
__end_of_InitList                mediumconst   0FDA5
__end_of_LCD_Fill                text49        1437E
__end_of_LCD_Init                text47        125F6
__end_of_LCD_Reset               text57        14470
__end_of_LCD_Word_Write          text51        14A00
__end_of_LCD_Write               text52        14960
__end_of_LED_Init                text36        142CC
__end_of_LED_Set                 text37        14420
__end_of_LED_Toggle              text61        1454C
__end_of_MASKS                   mediumconst   0FDD8
__end_of_MXK_BlockSwitchTo       text45        1475C
__end_of_MXK_Dequeue             text38        1471E
__end_of_MXK_Init                text27        12484
__end_of_MXK_InitDIPSwitch       text75        14A5A
__end_of_MXK_InitTestButton      text77        14A78
__end_of_MXK_Queue               text44        14B6C
__end_of_MXK_Release             text43        14AB2
__end_of_MXK_SwitchTo            text42        14662
__end_of_Mode_Set                text54        14B24
__end_of_Motor_Init              text24        13050
__end_of_Motor_Step              text39        129E0
__end_of_OutSeg                  text10        13CBA
__end_of_PortA_Property          mediumconst   0FFF1
__end_of_PortB_Property          mediumconst   0FFEF
__end_of_PortC_Property          mediumconst   0FFED
__end_of_PortD_Property          mediumconst   0FFEB
__end_of_PortE_Property          mediumconst   0FFE9
__end_of_PortF_Property          mediumconst   0FFE7
[...]
		 -> NULL(0), 
  pPair           1   11[COMRAM] unsigned char 
 Auto vars:     Size  Location     Type
		None
 Return value:  Size  Location     Type
                  1    wreg      unsigned char 
 Registers used:
		wreg, fsr0l, fsr0h, status,2, status,0, tblptrl, tblptrh, tblptru, prodl, prodh, cstack
 Tracked objects:
		On entry : 
		On exit  : 
		Unchanged: 
 Data sizes:     COMRAM   BANK0   BANK1   BANK2   BANK3   BANK4   BANK5   BANK6   BANK7   BANK8   BANK9  BANK10  BANK11  BANK12  BANK13  BANK14  BANK15
      Params:         3       0       0       0       0       0       0       0       0       0       0       0       0       0       0       0       0
      Locals:         0       0       0       0       0       0       0       0       0       0       0       0       0       0       0       0       0
      Temps:          0       0       0       0       0       0       0       0       0       0       0       0       0       0       0       0       0
      Totals:         3       0       0       0       0       0       0       0       0       0       0       0       0       0       0       0       0
Total ram usage:        3 bytes
 Hardware stack levels used:    1
 Hardware stack levels required when called:    1
 This function calls:
		i2_Byte_GetZone
 This function is called by:
		i2_Word_GetPair
 This function uses a non-reentrant model


 *************** function i2_Byte_GetZone *****************
 Defined at:
		line 64 in file "Library/Types.c"
 Parameters:    Size  Location     Type
  pInput          2    0[COMRAM] PTR struct Byte
		 -> PortA_Property..(2), PortB_Property..(2), PortC_Property..(2), PortD_Property..(2), 
		 -> PortE_Property..(2), PortF_Property..(2), PortG_Property..(2), PortF..(2), 
		 -> PortC..(2), PortD..(2), PortE..(2), PortB..(2), 
		 -> PortA..(2), PortG..(2), PortG(10), PortA(10), 
		 -> PortB(10), PortE(10), PortD(10), PortG_Property(2), 
		 -> PortF_Property(2), PortE_Property(2), PortD_Property(2), PortC_Property(2), 
		 -> PortB_Property(2), PortA_Property(2), PortC(10), PortF(10), 
		 -> NULL(0), 
  pMax            1    2[COMRAM] unsigned char 
  pChunk          1    3[COMRAM] unsigned char 
  pChunkSize      1    4[COMRAM] unsigned char 
 Auto vars:     Size  Location     Type
  Byte_GetZone    1    8[COMRAM] unsigned char 
  Byte_GetZone    1    7[COMRAM] unsigned char 
  Byte_GetZone    1    6[COMRAM] unsigned char 
 Return value:  Size  Location     Type
                  1    wreg      unsigned char 
 Registers used:
		wreg, fsr0l, fsr0h, status,2, status,0, tblptrl, tblptrh, tblptru, prodl, prodh
 Tracked objects:
		On entry : 
		On exit  : 
		Unchanged: 
 Data sizes:     COMRAM   BANK0   BANK1   BANK2   BANK3   BANK4   BANK5   BANK6   BANK7   BANK8   BANK9  BANK10  BANK11  BANK12  BANK13  BANK14  BANK15
      Params:         5       0       0       0       0       0       0       0       0       0       0       0       0       0       0       0       0
      Locals:         3       0       0       0       0       0       0       0       0       0       0       0       0       0       0       0       0
      Temps:          1       0       0       0       0       0       0       0       0       0       0       0       0       0       0       0       0
      Totals:         9       0       0       0       0       0       0       0       0       0       0       0       0       0       0       0       0
Total ram usage:        9 bytes
 Hardware stack levels used:    1
 This function calls:
		Nothing
 This function is called by:
		i2_Byte_GetPair
 This function uses a non-reentrant model


 *************** function i2_Byte_SetBit *****************
 Defined at:
		line 32 in file "Library/Types.c"
 Parameters:    Size  Location     Type
  pInput          2    0[COMRAM] PTR struct Byte
		 -> SSP2CON2(1), SSP1CON2(1), SSP2CON1(1), SSP2STAT(1), 
		 -> SSP1CON1(1), SSP1STAT(1), TRISG(1), TRISF(1), 
		 -> TRISE(1), TRISD(1), TRISC(1), TRISB(1), 
		 -> TRISA(1), PORTG(1), PORTF(1), PORTE(1), 
		 -> PORTD(1), PORTC(1), PORTB(1), PORTA(1), 
		 -> NULL(0), 
  pBit            1    2[COMRAM] unsigned char 
  pValue          1    3[COMRAM] unsigned char 
 Auto vars:     Size  Location     Type
		None
 Return value:  Size  Location     Type
                  1    wreg      void 
 Registers used:
		wreg, fsr2l, fsr2h, status,2, status,0
 Tracked objects:
		On entry : 
		On exit  : 
		Unchanged: 
 Data sizes:     COMRAM   BANK0   BANK1   BANK2   BANK3   BANK4   BANK5   BANK6   BANK7   BANK8   BANK9  BANK10  BANK11  BANK12  BANK13  BANK14  BANK15
      Params:         4       0       0       0       0       0       0       0       0       0       0       0       0       0       0       0       0
      Locals:         0       0       0       0       0       0       0       0       0       0       0       0       0       0       0       0       0
      Temps:          3       0       0       0       0       0       0       0       0       0       0       0       0       0       0       0       0
      Totals:         7       0       0       0       0       0       0       0       0       0       0       0       0       0       0       0       0
Total ram usage:        7 bytes
 Hardware stack levels used:    1
 This function calls:
		Nothing
 This function is called by:
		i2_Port_SetPin
 This function uses a non-reentrant model


 *************** function i2_MXK_SwitchTo *****************
 Defined at:
		line 105 in file "Library/MXK.c"
 Parameters:    Size  Location     Type
  pModule         1    wreg     enum E6927
 Auto vars:     Size  Location     Type
  pModule         1    7[COMRAM] enum E6927
  MXK_SwitchTo    1    6[COMRAM] unsigned char 
 Return value:  Size  Location     Type
                  1    wreg      unsigned char 
 Registers used:
		wreg, status,2, status,0, cstack
 Tracked objects:
		On entry : 
		On exit  : 
		Unchanged: 
 Data sizes:     COMRAM   BANK0   BANK1   BANK2   BANK3   BANK4   BANK5   BANK6   BANK7   BANK8   BANK9  BANK10  BANK11  BANK12  BANK13  BANK14  BANK15
      Params:         0       0       0       0       0       0       0       0       0       0       0       0       0       0       0       0       0
      Locals:         2       0       0       0       0       0       0       0       0       0       0       0       0       0       0       0       0
      Temps:          0       0       0       0       0       0       0       0       0       0       0       0       0       0       0       0       0
      Totals:         2       0       0       0       0       0       0       0       0       0       0       0       0       0       0       0       0
Total ram usage:        2 bytes
 Hardware stack levels used:    1
 Hardware stack levels required when called:    1
 This function calls:
		i2_delay_us
 This function is called by:
		i2_Motor_Step
 This function uses a non-reentrant model


 *************** function i2_delay_us *****************
 Defined at:
		line 255 in file "Library/Types.c"
 Parameters:    Size  Location     Type
  us              2    0[COMRAM] unsigned short 
 Auto vars:     Size  Location     Type
  delay_us        4    2[COMRAM] unsigned long 
 Return value:  Size  Location     Type
                  1    wreg      void 
 Registers used:
		wreg, status,2, status,0
 Tracked objects:
		On entry : 
		On exit  : 
		Unchanged: 
 Data sizes:     COMRAM   BANK0   BANK1   BANK2   BANK3   BANK4   BANK5   BANK6   BANK7   BANK8   BANK9  BANK10  BANK11  BANK12  BANK13  BANK14  BANK15
      Params:         2       0       0       0       0       0       0       0       0       0       0       0       0       0       0       0       0
      Locals:         4       0       0       0       0       0       0       0       0       0       0       0       0       0       0       0       0
      Temps:          0       0       0       0       0       0       0       0       0       0       0       0       0       0       0       0       0
      Totals:         6       0       0       0       0       0       0       0       0       0       0       0       0       0       0       0       0
Total ram usage:        6 bytes
 Hardware stack levels used:    1
 This function calls:
		Nothing
 This function is called by:
		i2_MXK_SwitchTo
 This function uses a non-reentrant model


 *************** function i2_MXK_Release *****************
 Defined at:
		line 130 in file "Library/MXK.c"
 Parameters:    Size  Location     Type
		None
 Auto vars:     Size  Location     Type
		None
 Return value:  Size  Location     Type
                  1    wreg      unsigned char 
 Registers used:
		wreg, status,2, status,0
 Tracked objects:
		On entry : 
		On exit  : 
		Unchanged: 
 Data sizes:     COMRAM   BANK0   BANK1   BANK2   BANK3   BANK4   BANK5   BANK6   BANK7   BANK8   BANK9  BANK10  BANK11  BANK12  BANK13  BANK14  BANK15
      Params:         0       0       0       0       0       0       0       0       0       0       0       0       0       0       0       0       0
      Locals:         0       0       0       0       0       0       0       0       0       0       0       0       0       0       0       0       0
      Temps:          0       0       0       0       0       0       0       0       0       0       0       0       0       0       0       0       0
      Totals:         0       0       0       0       0       0       0       0       0       0       0       0       0       0       0       0       0
Total ram usage:        0 bytes
 Hardware stack levels used:    1
 This function calls:
		Nothing
 This function is called by:
		i2_Motor_Step
 This function uses a non-reentrant model


 *************** function i2_MXK_Queue *****************
 Defined at:
		line 144 in file "Library/MXK.c"
 Parameters:    Size  Location     Type
  pCallback       3    0[COMRAM] PTR FTN()void 
		 -> Absolute function(1), Motor_Step(1), 
 Auto vars:     Size  Location     Type
		None
 Return value:  Size  Location     Type
                  1    wreg      void 
 Registers used:
		wreg, status,2, status,0
 Tracked objects:
		On entry : 
		On exit  : 
		Unchanged: 
 Data sizes:     COMRAM   BANK0   BANK1   BANK2   BANK3   BANK4   BANK5   BANK6   BANK7   BANK8   BANK9  BANK10  BANK11  BANK12  BANK13  BANK14  BANK15
      Params:         3       0       0       0       0       0       0       0       0       0       0       0       0       0       0       0       0
      Locals:         0       0       0       0       0       0       0       0       0       0       0       0       0       0       0       0       0
      Temps:          0       0       0       0       0       0       0       0       0       0       0       0       0       0       0       0       0
      Totals:         3       0       0       0       0       0       0       0       0       0       0       0       0       0       0       0       0
Total ram usage:        3 bytes
 Hardware stack levels used:    1
 This function calls:
		Nothing
 This function is called by:
		i2_Motor_Step
 This function uses a non-reentrant model



MODULE INFORMATION

Module		Function		Class		Link	Load	Size
Library/LCD.c
		_LCD_Init      		CODE           	12484	0000	371
		_Configure_GPIOs		CODE           	13F88	0000	113
		_Set_Addr_Window		CODE           	13598	0000	171
		_LCD_Word_Write		CODE           	149E2	0000	31
		_LCD_Reset     		CODE           	14420	0000	81
		_Set_Rotation  		CODE           	1397A	0000	153
		_Mode_Set      		CODE           	14B12	0000	19
		_Reset_Low     		CODE           	14A00	0000	31
		_LCD_Write     		CODE           	1493E	0000	35
		_LCD_Fill      		CODE           	14326	0000	89
		_Reset_High    		CODE           	14A1E	0000	31

Library/LCD.c estimated size: 1125

Library/MXK.c
		_MXK_InitDIPSwitch		CODE           	14A3C	0000	31
		_MXK_BlockSwitchTo		CODE           	1471E	0000	63
		_MXK_Release   		CODE           	14A96	0000	29
		_MXK_Dequeue   		CODE           	146E0	0000	63
		_MXK_InitTestButton		CODE           	14A5A	0000	31
		_MXK_SwitchTo  		CODE           	14620	0000	67
		_MXK_Init      		CODE           	12304	0000	385
		_MXK_Queue     		CODE           	14B5E	0000	15

Library/MXK.c estimated size: 684

C:\Program Files (x86)\Microchip\xc8\v1.43\sources\common\sprcadd.c
		___fladd       		CODE           	10000	0000	1193

C:\Program Files (x86)\Microchip\xc8\v1.43\sources\common\sprcadd.c estimated size: 1193

Library/Port.c
		_GetPortTRIS   		CODE           	136EC	0000	167
		_GetPortPORT   		CODE           	13838	0000	167
		_Port_TogglePin		CODE           	14802	0000	49
		_Port_SetPinType		CODE           	11FB2	0000	449
		_Port_Init     		CODE           	12172	0000	403
		_GetPortProperties		CODE           	13792	0000	167
		_Port_GetPin   		CODE           	14594	0000	71
		_Port_Set      		CODE           	1112C	0000	955
		_Port_SetPin   		CODE           	131EA	0000	197
		_Port_SetType  		CODE           	119C0	0000	555
		_Port_CheckQuadType		CODE           	142CC	0000	91
		_Port_CheckPairType		CODE           	1413A	0000	107
		_Port_CheckPortType		CODE           	144BC	0000	73
		_Port_SetQuadType		CODE           	1176A	0000	599

Library/Port.c estimated size: 4050

C:\Program Files (x86)\Microchip\xc8\v1.43\sources\common\xxtofl.c
		___xxtofl      		CODE           	11DE4	0000	463

C:\Program Files (x86)\Microchip\xc8\v1.43\sources\common\xxtofl.c estimated size: 463

Library/LED.c
		_LED_Init      		CODE           	1426A	0000	99
		_LED_Set       		CODE           	143D0	0000	81
		_LED_Toggle    		CODE           	14504	0000	73

Library/LED.c estimated size: 253

C:\Program Files (x86)\Microchip\xc8\v1.43\sources\common\lwdiv.c
		___lwdiv       		CODE           	13DB2	0000	121

C:\Program Files (x86)\Microchip\xc8\v1.43\sources\common\lwdiv.c estimated size: 121

Library/Motor.c
		_Motor_Step    		CODE           	128BA	0000	295
		_Motor_Init    		CODE           	12F7A	0000	215

Library/Motor.c estimated size: 510

C:\Program Files (x86)\Microchip\xc8\v1.43\sources\common\awdiv.c
		___awdiv       		CODE           	132AE	0000	191

C:\Program Files (x86)\Microchip\xc8\v1.43\sources\common\awdiv.c estimated size: 191

C:\Program Files (x86)\Microchip\xc8\v1.43\sources\common\fltol.c
		___fltol       		CODE           	129E0	0000	269

C:\Program Files (x86)\Microchip\xc8\v1.43\sources\common\fltol.c estimated size: 269

C:\Program Files (x86)\Microchip\xc8\v1.43\sources\common\lldiv.c
		___lldiv       		CODE           	1336C	0000	189

C:\Program Files (x86)\Microchip\xc8\v1.43\sources\common\lldiv.c estimated size: 189

HMI.c
		_HMI_InitButtons		CODE           	14BD0	0000	7
		_HMI_SetSegments		CODE           	13428	0000	187
		_HMI_Render    		CODE           	146A2	0000	63
		_OutSeg        		CODE           	13C38	0000	131
		_HMI_Init      		CODE           	11BEA	0000	507
		_HMI_SetNumber 		CODE           	148EC	0000	43

HMI.c estimated size: 938

shared
		_InitList      		MEDIUMCONST    	FCF3	0000	179
		_PortE_Property		MEDIUMCONST    	FFE7	0000	3
		i2_Byte_SetBit 		CODE           	14470	0000	77
		_Font5x7       		MEDIUMCONST    	FDDF	0000	481
		i2_Motor_Step  		CODE           	12BF0	0000	257
		Timer2_Init@PRESCALE		MEDIUMCONST    	FDDC	0000	4
		_PortF_Property		MEDIUMCONST    	FFE5	0000	3
		_dpowers       		MEDIUMCONST    	FDC5	0000	11
		i2_Byte_GetZone		CODE           	13E2A	0000	119
		i2_Byte_GetPair		CODE           	14ACE	0000	27
		_PortA_Property		MEDIUMCONST    	FFEF	0000	3
		i2_Timer0_Stop 		CODE           	14BDC	0000	7
		_PortG_Property		MEDIUMCONST    	FFE3	0000	3
		i2_Timer0_Restart		CODE           	14B9E	0000	13
		HMI_SetButton@F7213		MEDIUMCONST    	FDD8	0000	5
		__initialization		CODE           	12CF0	0000	209
		i2_MXK_SwitchTo		CODE           	1479A	0000	55
		_PortB_Property		MEDIUMCONST    	FFED	0000	3
		_MASKS         		MEDIUMCONST    	FDCF	0000	10
		i2_Word_GetPair		CODE           	14862	0000	49
		i2_Port_SetPin 		CODE           	13642	0000	171
		i2_MXK_Release 		CODE           	14BE2	0000	7
		_PortC_Property		MEDIUMCONST    	FFEB	0000	3
		PortProperty_Valid@F6830		MEDIUMCONST    	FDB5	0000	17
		Timer0_Init@PRESCALE		MEDIUMCONST    	FDA5	0000	17
		i2_delay_us    		CODE           	14662	0000	65
		_PortD_Property		MEDIUMCONST    	FFE9	0000	3
		i2_MXK_Queue   		CODE           	14B6C	0000	15
		sin@coeff_a    		MEDIUMCONST    	FFBF	0000	21
		sin@coeff_b    		MEDIUMCONST    	FFD3	0000	17

shared estimated size: 1854

Library/Button.c
		_Button_Init   		CODE           	13050	0000	213

Library/Button.c estimated size: 213

Library/ADC.c
		_ADC_ConversionTime		CODE           	1454C	0000	73
		_ADC_Off       		CODE           	14BBC	0000	9
		_ADC_SetupIO   		CODE           	147D0	0000	51
		_ADC_Start     		CODE           	13BB4	0000	133
		_ADC_SetChannel		CODE           	14AB2	0000	29
		_ADC_Voltage   		CODE           	12EA2	0000	217
		_ADC_Calibrate 		CODE           	14AFE	0000	21
		_ADC_ClockDivision		CODE           	13AA4	0000	139
		_ADC_On        		CODE           	14BD6	0000	7
		_ADC_Init      		CODE           	13D36	0000	125

Library/ADC.c estimated size: 804

C:\Program Files (x86)\Microchip\xc8\v1.43\sources\common\sprcmul.c
		___flmul       		CODE           	104A8	0000	1191

C:\Program Files (x86)\Microchip\xc8\v1.43\sources\common\sprcmul.c estimated size: 1191

C:\Program Files (x86)\Microchip\xc8\v1.43\sources\common\sprcdiv.c
		___fldiv       		CODE           	10D6C	0000	961

C:\Program Files (x86)\Microchip\xc8\v1.43\sources\common\sprcdiv.c estimated size: 961

Library/ISR.c
		_ISR_Function  		CODE           	1408	0000	163
		_ISR_Enable    		CODE           	14BAA	0000	11

Library/ISR.c estimated size: 174

Library/SPI.c
		_SPI_MinSpeed  		CODE           	13F14	0000	117
		_SPI_DisableISR		CODE           	14916	0000	41
		_SPI_MaxSpeed  		CODE           	13EA0	0000	117
		_SPI_Init      		CODE           	1094E	0000	1055
		_SPI_Send      		CODE           	14064	0000	109
		_SPI_DCS       		CODE           	14832	0000	49

Library/SPI.c estimated size: 1488

C:\Program Files (x86)\Microchip\xc8\v1.43\sources\common\lwmod.c
		___lwmod       		CODE           	14208	0000	99

C:\Program Files (x86)\Microchip\xc8\v1.43\sources\common\lwmod.c estimated size: 99

main.c
		_init          		CODE           	13A12	0000	147
		_main          		CODE           	14AE8	0000	23
		_update_SSD    		CODE           	148C0	0000	45
		_update_IR_distance		CODE           	12AEC	0000	261

main.c estimated size: 476

Library/Console.c
		_Console_Init  		CODE           	13B2E	0000	135

Library/Console.c estimated size: 135

Library/Timer2.c
		_Timer2_Init   		CODE           	1275A	0000	353
		_Timer2_Clear  		CODE           	14BB4	0000	9

Library/Timer2.c estimated size: 362

Library/iRobotSerial.c
		_irobot_init   		CODE           	14B34	0000	15
		_irobot_init_song_0		CODE           	149A4	0000	33
		_eusart_init   		CODE           	149C4	0000	31
		_eusart_putch  		CODE           	14B42	0000	15

Library/iRobotSerial.c estimated size: 94

Library/Types.c
		_Word_GetPair  		CODE           	1475C	0000	63
		_delay_us      		CODE           	1437E	0000	83
		_ToSegment     		CODE           	114E6	0000	645
		_Word_SetPair  		CODE           	145DA	0000	71
		_itos          		CODE           	12DCA	0000	217
		_Byte_GetZone  		CODE           	138DE	0000	157
		_Byte_GetPair  		CODE           	14A78	0000	31
		_Byte_SetBit   		CODE           	141A4	0000	101
		_Byte_SetQuad  		CODE           	14982	0000	35
		_Byte_SetZone  		CODE           	134E2	0000	183
		_Byte_SetByte  		CODE           	14B50	0000	15
		_Byte_SetPair  		CODE           	14960	0000	35
		_delay_ms      		CODE           	140D0	0000	107
		_reverse       		CODE           	13FF8	0000	109
		_PortProperty_Valid		CODE           	13CBA	0000	125

Library/Types.c estimated size: 1977

Library/Timer0.c
		_Timer0_ISR    		CODE           	14892	0000	47
		_Timer0_Init   		CODE           	125F6	0000	357
		_Timer0_Stop   		CODE           	14BCA	0000	7
		_Timer0_Clear  		CODE           	14B86	0000	13
		_Timer0_Restart		CODE           	14B92	0000	13

Library/Timer0.c estimated size: 437

