Microchip MPLAB XC8 Compiler V1.43 ()

Linker command line:

-W-3 --edf=C:\Program Files (x86)\Microchip\xc8\v1.43\dat\en_msgs.txt -cs \
  -h+dist/BOOTLOADER/production\Assignment2.X.production.sym \
  --cmf=dist/BOOTLOADER/production\Assignment2.X.production.cmf -z \
  -Q18F67J50 -oC:\Users\Endor\AppData\Local\Temp\s6o8.2 \
  -Mdist/BOOTLOADER/production/Assignment2.X.production.map -E1 -ver=XC8 \
  --acfsm=1493 -ASTACK=061Ch-0f3fh -pstack=STACK \
  -ACODE=01400h-01405h,01408h-01415h,01418h-01FFF7h \
  -ACONST=01400h-01405h,01408h-01415h,01418h-01FFF7h \
  -ASMALLCONST=01400h-01405h,01408h-01415h,01418h-014FFh,01500h-015FFhx490,01FF00h-01FFF7h \
  -AMEDIUMCONST=01400h-01405h,01408h-01415h,01418h-0FFFFh,011000h-01FFF7h \
  -ACOMRAM=01h-05Fh -AABS1=00h-0F3Fh -ABIGRAM=01h-0F3Fh \
  -ARAM=060h-0FFh,0100h-01FFhx14,0F00h-0F3Fh -ABANK0=060h-0FFh \
  -ABANK1=0100h-01FFh -ABANK2=0200h-02FFh -ABANK3=0300h-03FFh \
  -ABANK4=0400h-04FFh -ABANK5=0500h-05FFh -ABANK6=0600h-06FFh \
  -ABANK7=0700h-07FFh -ABANK8=0800h-08FFh -ABANK9=0900h-09FFh \
  -ABANK10=0A00h-0AFFh -ABANK11=0B00h-0BFFh -ABANK12=0C00h-0CFFh \
  -ABANK13=0D00h-0DFFh -ABANK14=0E00h-0EFFh -ABANK15=0F00h-0F3Fh \
  -ASFR=0F40h-0F5Fh,0F60h-0FFFh \
  -preset_vec=01400h,intcode=01408h,intcodelo,powerup,init -pramtop=01000h \
  -psmallconst=SMALLCONST -pmediumconst=MEDIUMCONST -pconst=CONST \
  -AFARRAM=00h-00h -ACONFIG=01FFF8h-01FFFDh -pconfig=CONFIG \
  -pjflash_buffer=01F800h \
  -prdata=COMRAM,nvrram=COMRAM,nvbit=COMRAM,rbss=COMRAM,rbit=COMRAM \
  -pfarbss=FARRAM,fardata=FARRAM,nvFARRAM=FARRAM \
  -pintsave_regs=BIGRAM,bigbss=BIGRAM,bigdata=BIGRAM -pbss=RAM \
  -pidata=CODE,irdata=CODE,ibigdata=CODE,ifardata=CODE -prparam=COMRAM \
  C:\Users\Endor\AppData\Local\Temp\s6o8.obj \
  dist/BOOTLOADER/production\Assignment2.X.production.obj 

Object code version is 3.11

Machine type is 18F67J50

Call graph: (short form)




                Name                               Link     Load   Length Selector   Space Scale
C:\Users\Endor\AppData\Local\Temp\s6o8.obj
                init                               14AA     14AA        4      A04       0
                reset_vec                          1400     1400        4      A00       0
                config                            1FFF8    1FFF8        6    1FFF8       0
dist/BOOTLOADER/production\Assignment2.X.production.obj
                intcode                            1408     1408       A2      A04       0
                temp                                 51       51        1        1       1
                mediumconst                        FBF8     FBF8      408     7DFC       0
                text179                           18068    18068        E     C011       0
                text178                           180F0    180F0        6     C011       0
                text177                           17846    17846       40     8000       0
                text176                           17A9E    17A9E       36     8000       0
                text175                           17538    17538       4C     8000       0
                text174                           16C20    16C20       76     8000       0
                text173                           17EC6    17EC6       1A     8000       0
                text172                           17BCE    17BCE       30     8000       0
                text171                           15EE8    15EE8       AA     8000       0
                text170                           1809A    1809A        C     C011       0
                text169                           180EA    180EA        6     C011       0
                text168                           150BA    150BA      100     8000       0
                text167                           17C2C    17C2C       2E     8000       0
                text165                           180E4    180E4        6     C011       0
                text164                           180B0    180B0        A     C011       0
                text163                           1777A    1777A       46     8000       0
                text162                           171B8    171B8       64     8000       0
                text161                           16410    16410       9C     8000       0
                text160                           17E54    17E54       1E     8000       0
                text159                           1797E    1797E       3E     8000       0
                text158                           157B4    157B4       C4     8000       0
                text157                           17B9E    17B9E       30     8000       0
                text156                           176A6    176A6       48     8000       0
                text155                           165DE    165DE       90     8000       0
                text154                           12E42    12E42      284     8000       0
                text153                           15B74    15B74       BA     8000       0
                text152                           16BA8    16BA8       78     8000       0
                text151                           1727E    1727E       62     8000       0
                text150                           16F42    16F42       6C     8000       0
                text149                           15462    15462       D8     8000       0
                text148                           17C84    17C84       2A     8000       0
                text147                           17B08    17B08       34     8000       0
                text146                            1404     1404        2      A00       0
                text145                           17BFE    17BFE       2E     8000       0
                text144                           17584    17584       4A     8000       0
                text143                           17F88    17F88       18     8000       0
                text142                           17F70    17F70       18     8000       0
                text141                           17F58    17F58       18     8000       0
                text140                           17F40    17F40       18     8000       0
                text139                           17F28    17F28       18     8000       0
                text138                           17F10    17F10       18     8000       0
                text137                           17EF8    17EF8       18     8000       0
                text136                           14936    14936      166     8000       0
                text135                           16DF2    16DF2       74     8000       0
                text134                           1593A    1593A       C0     8000       0
                text133                           180CA    180CA        8     C011       0
                text132                           180DE    180DE        6     C011       0
                text131                           17FB4    17FB4       14     8000       0
                text130                           1689E    1689E       8A     8000       0
                text129                           1765E    1765E       48     8000       0
                text128                           17EAA    17EAA       1C     8000       0
                text127                           17B3C    17B3C       32     8000       0
                text126                           16B2C    16B2C       7C     8000       0
                text125                           16928    16928       84     8000       0
                text124                           16814    16814       8A     8000       0
                text123                           15C2E    15C2E       B6     8000       0
                text122                           17D40    17D40       22     8000       0
                text121                           16AB0    16AB0       7C     8000       0
                text120                           17082    17082       6A     8000       0
                text119                           1733C    1733C       5A     8000       0
                text118                           17D1E    17D1E       22     8000       0
                text117                           17734    17734       46     8000       0
                text116                           130C6    130C6      256     8000       0
                text115                           13B1C    13B1C      1C0     8000       0
                text114                           17E36    17E36       1E     8000       0
                text113                           180D8    180D8        6     C011       0
                text112                           17E18    17E18       1E     8000       0
                text111                           15610    15610       D4     8000       0
                text110                           17B6E    17B6E       30     8000       0
                text109                           17CAE    17CAE       28     8000       0
                text108                           180C2    180C2        8     C011       0
                text107                           15AB8    15AB8       BC     8000       0
                text106                           14BFA    14BFA      15E     8000       0
                text105                           11BB4    11BB4      41E     8000       0
                text104                           16D7E    16D7E       74     8000       0
                text103                           13754    13754      1FA     8000       0
                text102                           180A6    180A6        A     C011       0
                text101                           17DFA    17DFA       1E     8000       0
                text100                           17DDC    17DDC       1E     8000       0
                text99                            17018    17018       6A     8000       0
                text98                            174E8    174E8       50     8000       0
                text97                            16D0A    16D0A       74     8000       0
                text96                            16E66    16E66       70     8000       0
                text95                            17FFE    17FFE       12     8000       0
                text94                            16ED6    16ED6       6C     8000       0
                text93                            17CFC    17CFC       22     8000       0
                text92                            17DBE    17DBE       1E     8000       0
                text91                            15E3E    15E3E       AA     8000       0
                text90                            173EE    173EE       58     8000       0
                text89                            16546    16546       98     8000       0
                text88                            147C4    147C4      172     8000       0
                text87                            17446    17446       52     8000       0
                text86                            17940    17940       3E     8000       0
                text85                            1805A    1805A        E     C011       0
                text84                            17E8E    17E8E       1C     8000       0
                text83                            17804    17804       42     8000       0
                text82                            1808E    1808E        C     C011       0
                text81                            180D2    180D2        6     C011       0
                text80                            14E88    14E88      126     8000       0
                text79                            17902    17902       3E     8000       0
                text78                            17498    17498       50     8000       0
                text77                            1721C    1721C       62     8000       0
                text76                            16184    16184       A6     8000       0
                text75                            160DE    160DE       A6     8000       0
                text74                            16038    16038       A6     8000       0
                text73                            1804C    1804C        E     C011       0
                text72                            12782    12782      3BA     8000       0
                text71                            17616    17616       48     8000       0
                text70                            1331C    1331C      22A     8000       0
                text69                            14014    14014      192     8000       0
                text68                            14644    14644      180     8000       0
                text67                            18082    18082        C     C011       0
                text66                            14A9C    14A9C      15E     8000       0
                text65                            1553A    1553A       D6     8000       0
                text64                            17DA0    17DA0       1E     8000       0
                text63                            1803E    1803E        E     C011       0
                text62                            18030    18030        E     C011       0
                text61                            17D62    17D62       20     8000       0
                text60                            16FAE    16FAE       6A     8000       0
                text59                            17396    17396       58     8000       0
                text58                            17E72    17E72       1C     8000       0
                text57                            15F92    15F92       A6     8000       0
                text56                            123C2    123C2      3C0     8000       0
                text55                            112B2    112B2      4A6     8000       0
                text54                            1394E    1394E      1CE     8000       0
                text53                            1538A    1538A       D8     8000       0
                text52                            17AD4    17AD4       34     8000       0
                text51                            156E4    156E4       D0     8000       0
                text50                            17A68    17A68       36     8000       0
                text49                            1622A    1622A       A4     8000       0
                text48                            16C96    16C96       74     8000       0
                text47                            13546    13546      20E     8000       0
                text46                            16A2E    16A2E       82     8000       0
                text45                            178C4    178C4       3E     8000       0
                text44                            17CD6    17CD6       26     8000       0
                text43                            179F6    179F6       3A     8000       0
                text42                            17C5A    17C5A       2A     8000       0
                text41                            17FA0    17FA0       14     8000       0
                text40                            177C0    177C0       44     8000       0
                text39                            15CE4    15CE4       B0     8000       0
                text38                            176EE    176EE       46     8000       0
                text37                            141A6    141A6      190     8000       0
                text36                            17A30    17A30       38     8000       0
                text35                            10E0A    10E0A      4A8     8000       0
                text34                            175CE    175CE       48     8000       0
                text33                            14FAE    14FAE      10C     8000       0
                text32                            164AC    164AC       9A     8000       0
                text31                            14336    14336      188     8000       0
                text30                            13CDC    13CDC      19E     8000       0
                text29                            159FA    159FA       BE     8000       0
                text28                            162CE    162CE       A2     8000       0
                text27                            12B3C    12B3C      306     8000       0
                text26                            17886    17886       3E     8000       0
                text25                            172E0    172E0       5C     8000       0
                text24                            17D82    17D82       1E     8000       0
                text23                            16788    16788       8C     8000       0
                text22                            16370    16370       A0     8000       0
                text21                            17152    17152       66     8000       0
                text20                            15878    15878       C2     8000       0
                text19                            13E7A    13E7A      19A     8000       0
                text18                            18022    18022        E     C011       0
                text17                            108D0    108D0      53A     8000       0
                text16                            10000    10000      8D0     8000       0
                text15                            180BA    180BA        8     C011       0
                text14                            170EC    170EC       66     8000       0
                text13                            166FC    166FC       8C     8000       0
                text12                            151BA    151BA       F0     8000       0
                text11                            144BE    144BE      186     8000       0
                text10                            17FEC    17FEC       12     8000       0
                text9                             179BC    179BC       3A     8000       0
                text8                             17FDA    17FDA       12     8000       0
                text7                             11FD2    11FD2      3F0     8000       0
                text6                             17EE0    17EE0       18     8000       0
                text5                             14D58    14D58      130     8000       0
                text4                             15D94    15D94       AA     8000       0
                text3                             169AC    169AC       82     8000       0
                text2                             17FC8    17FC8       12     8000       0
                text1                             11758    11758      45C     8000       0
                text0                             152AA    152AA       E0     8000       0
                cstackCOMRAM                          1        1       28        1       1
                cstackBANK0                          60       60       81       60       1
                cstackBANK1                         100      100      100      100       1
                cstackBANK2                         200      200      100      200       1
                bssBIGRAM                           4F0      4F0      12C      4F0       1
                bssBANK4                            400      400       F0      400       1
                dataBANK3                           3EC      3EC       11      300       1
                bssBANK3                            300      300       EC      300       1
                bssBANK0                             E1       E1       14       60       1
                dataCOMRAM                           45       45        C        1       1
                bssCOMRAM                            29       29       1C        1       1
                cinit                             1666E    1666E       8E     8000       0
                idataBANK3                        18010    18010       11     8000       0
                idataCOMRAM                       18076    18076        C     C011       0

TOTAL           Name                               Link     Load   Length     Space
        CLASS   STACK          

        CLASS   CODE           
                intcode                            1408     1408       A2         0
                init                               14AA     14AA        4         0
                reset_vec                          1400     1400        4         0
                text179                           18068    18068        E         0
                text178                           180F0    180F0        6         0
                text177                           17846    17846       40         0
                text176                           17A9E    17A9E       36         0
                text175                           17538    17538       4C         0
                text174                           16C20    16C20       76         0
                text173                           17EC6    17EC6       1A         0
                text172                           17BCE    17BCE       30         0
                text171                           15EE8    15EE8       AA         0
                text170                           1809A    1809A        C         0
                text169                           180EA    180EA        6         0
                text168                           150BA    150BA      100         0
                text167                           17C2C    17C2C       2E         0
                text165                           180E4    180E4        6         0
                text164                           180B0    180B0        A         0
                text163                           1777A    1777A       46         0
                text162                           171B8    171B8       64         0
                text161                           16410    16410       9C         0
                text160                           17E54    17E54       1E         0
                text159                           1797E    1797E       3E         0
                text158                           157B4    157B4       C4         0
                text157                           17B9E    17B9E       30         0
                text156                           176A6    176A6       48         0
                text155                           165DE    165DE       90         0
                text154                           12E42    12E42      284         0
                text153                           15B74    15B74       BA         0
                text152                           16BA8    16BA8       78         0
                text151                           1727E    1727E       62         0
                text150                           16F42    16F42       6C         0
                text149                           15462    15462       D8         0
                text148                           17C84    17C84       2A         0
                text147                           17B08    17B08       34         0
                text146                            1404     1404        2         0
                text145                           17BFE    17BFE       2E         0
                text144                           17584    17584       4A         0
                text143                           17F88    17F88       18         0
                text142                           17F70    17F70       18         0
                text141                           17F58    17F58       18         0
                text140                           17F40    17F40       18         0
                text139                           17F28    17F28       18         0
                text138                           17F10    17F10       18         0
                text137                           17EF8    17EF8       18         0
                text136                           14936    14936      166         0
                text135                           16DF2    16DF2       74         0
                text134                           1593A    1593A       C0         0
                text133                           180CA    180CA        8         0
                text132                           180DE    180DE        6         0
                text131                           17FB4    17FB4       14         0
                text130                           1689E    1689E       8A         0
                text129                           1765E    1765E       48         0
                text128                           17EAA    17EAA       1C         0
                text127                           17B3C    17B3C       32         0
                text126                           16B2C    16B2C       7C         0
                text125                           16928    16928       84         0
                text124                           16814    16814       8A         0
                text123                           15C2E    15C2E       B6         0
                text122                           17D40    17D40       22         0
                text121                           16AB0    16AB0       7C         0
                text120                           17082    17082       6A         0
                text119                           1733C    1733C       5A         0
                text118                           17D1E    17D1E       22         0
                text117                           17734    17734       46         0
                text116                           130C6    130C6      256         0
                text115                           13B1C    13B1C      1C0         0
                text114                           17E36    17E36       1E         0
                text113                           180D8    180D8        6         0
                text112                           17E18    17E18       1E         0
                text111                           15610    15610       D4         0
                text110                           17B6E    17B6E       30         0
                text109                           17CAE    17CAE       28         0
                text108                           180C2    180C2        8         0
                text107                           15AB8    15AB8       BC         0
                text106                           14BFA    14BFA      15E         0
                text105                           11BB4    11BB4      41E         0
                text104                           16D7E    16D7E       74         0
                text103                           13754    13754      1FA         0
                text102                           180A6    180A6        A         0
                text101                           17DFA    17DFA       1E         0
                text100                           17DDC    17DDC       1E         0
                text99                            17018    17018       6A         0
                text98                            174E8    174E8       50         0
                text97                            16D0A    16D0A       74         0
                text96                            16E66    16E66       70         0
                text95                            17FFE    17FFE       12         0
                text94                            16ED6    16ED6       6C         0
                text93                            17CFC    17CFC       22         0
                text92                            17DBE    17DBE       1E         0
                text91                            15E3E    15E3E       AA         0
                text90                            173EE    173EE       58         0
                text89                            16546    16546       98         0
                text88                            147C4    147C4      172         0
                text87                            17446    17446       52         0
                text86                            17940    17940       3E         0
                text85                            1805A    1805A        E         0
                text84                            17E8E    17E8E       1C         0
                text83                            17804    17804       42         0
                text82                            1808E    1808E        C         0
                text81                            180D2    180D2        6         0
                text80                            14E88    14E88      126         0
                text79                            17902    17902       3E         0
                text78                            17498    17498       50         0
                text77                            1721C    1721C       62         0
                text76                            16184    16184       A6         0
                text75                            160DE    160DE       A6         0
                text74                            16038    16038       A6         0
                text73                            1804C    1804C        E         0
                text72                            12782    12782      3BA         0
                text71                            17616    17616       48         0
                text70                            1331C    1331C      22A         0
                text69                            14014    14014      192         0
                text68                            14644    14644      180         0
                text67                            18082    18082        C         0
                text66                            14A9C    14A9C      15E         0
                text65                            1553A    1553A       D6         0
                text64                            17DA0    17DA0       1E         0
                text63                            1803E    1803E        E         0
                text62                            18030    18030        E         0
                text61                            17D62    17D62       20         0
                text60                            16FAE    16FAE       6A         0
                text59                            17396    17396       58         0
                text58                            17E72    17E72       1C         0
                text57                            15F92    15F92       A6         0
                text56                            123C2    123C2      3C0         0
                text55                            112B2    112B2      4A6         0
                text54                            1394E    1394E      1CE         0
                text53                            1538A    1538A       D8         0
                text52                            17AD4    17AD4       34         0
                text51                            156E4    156E4       D0         0
                text50                            17A68    17A68       36         0
                text49                            1622A    1622A       A4         0
                text48                            16C96    16C96       74         0
                text47                            13546    13546      20E         0
                text46                            16A2E    16A2E       82         0
                text45                            178C4    178C4       3E         0
                text44                            17CD6    17CD6       26         0
                text43                            179F6    179F6       3A         0
                text42                            17C5A    17C5A       2A         0
                text41                            17FA0    17FA0       14         0
                text40                            177C0    177C0       44         0
                text39                            15CE4    15CE4       B0         0
                text38                            176EE    176EE       46         0
                text37                            141A6    141A6      190         0
                text36                            17A30    17A30       38         0
                text35                            10E0A    10E0A      4A8         0
                text34                            175CE    175CE       48         0
                text33                            14FAE    14FAE      10C         0
                text32                            164AC    164AC       9A         0
                text31                            14336    14336      188         0
                text30                            13CDC    13CDC      19E         0
                text29                            159FA    159FA       BE         0
                text28                            162CE    162CE       A2         0
                text27                            12B3C    12B3C      306         0
                text26                            17886    17886       3E         0
                text25                            172E0    172E0       5C         0
                text24                            17D82    17D82       1E         0
                text23                            16788    16788       8C         0
                text22                            16370    16370       A0         0
                text21                            17152    17152       66         0
                text20                            15878    15878       C2         0
                text19                            13E7A    13E7A      19A         0
                text18                            18022    18022        E         0
                text17                            108D0    108D0      53A         0
                text16                            10000    10000      8D0         0
                text15                            180BA    180BA        8         0
                text14                            170EC    170EC       66         0
                text13                            166FC    166FC       8C         0
                text12                            151BA    151BA       F0         0
                text11                            144BE    144BE      186         0
                text10                            17FEC    17FEC       12         0
                text9                             179BC    179BC       3A         0
                text8                             17FDA    17FDA       12         0
                text7                             11FD2    11FD2      3F0         0
                text6                             17EE0    17EE0       18         0
                text5                             14D58    14D58      130         0
                text4                             15D94    15D94       AA         0
                text3                             169AC    169AC       82         0
                text2                             17FC8    17FC8       12         0
                text1                             11758    11758      45C         0
                text0                             152AA    152AA       E0         0
                cinit                             1666E    1666E       8E         0
                idataBANK3                        18010    18010       11         0
                idataCOMRAM                       18076    18076        C         0

        CLASS   CONST          

        CLASS   SMALLCONST     

        CLASS   MEDIUMCONST    
                mediumconst                        FBF8     FBF8      408         0

        CLASS   COMRAM         
                temp                                 51       51        1         1
                cstackCOMRAM                          1        1       28         1
                dataCOMRAM                           45       45        C         1
                bssCOMRAM                            29       29       1C         1

        CLASS   ABS1           

        CLASS   BIGRAM         
                bssBIGRAM                           4F0      4F0      12C         1

        CLASS   RAM            

        CLASS   BANK0          
                cstackBANK0                          60       60       81         1
                bssBANK0                             E1       E1       14         1

        CLASS   BANK1          
                cstackBANK1                         100      100      100         1

        CLASS   BANK2          
                cstackBANK2                         200      200      100         1

        CLASS   BANK3          
                dataBANK3                           3EC      3EC       11         1
                bssBANK3                            300      300       EC         1

        CLASS   BANK4          
                bssBANK4                            400      400       F0         1

        CLASS   BANK5          

        CLASS   BANK6          

        CLASS   BANK7          

        CLASS   BANK8          

        CLASS   BANK9          

        CLASS   BANK10         

        CLASS   BANK11         

        CLASS   BANK12         

        CLASS   BANK13         

        CLASS   BANK14         

        CLASS   BANK15         

        CLASS   SFR            

        CLASS   FARRAM         

        CLASS   CONFIG         
                config                            1FFF8    1FFF8        6         0

        CLASS   IDLOC          



SEGMENTS        Name                           Load    Length   Top    Selector   Space  Class

                cstackCOMRAM                   000001  000051  000052         1       1  COMRAM  
                cstackBANK0                    000060  000095  0000F5        60       1  BANK0   
                cstackBANK1                    000100  000100  000200       100       1  BANK1   
                cstackBANK2                    000200  000100  000300       200       1  BANK2   
                bssBANK3                       000300  0000FD  0003FD       300       1  BANK3   
                bssBANK4                       000400  0000F0  0004F0       400       1  BANK4   
                bssBIGRAM                      0004F0  00012C  00061C       4F0       1  BIGRAM  
                reset_vec                      001400  000006  001406       A00       0  CODE    
                intcode                        001408  0000A6  0014AE       A04       0  CODE    
                mediumconst                    00FBF8  000408  010000      7DFC       0  MEDIUMCO
                text16                         010000  008021  018021      8000       0  CODE    
                text18                         018022  0000D4  0180F6      C011       0  CODE    
                config                         01FFF8  000006  01FFFE     1FFF8       0  CONFIG  


UNUSED ADDRESS RANGES

        Name                Unused          Largest block    Delta
        BANK0            000F5-000FF               B
        BANK10           00A00-00AFF             100
        BANK11           00B00-00BFF             100
        BANK12           00C00-00CFF             100
        BANK13           00D00-00DFF             100
        BANK14           00E00-00EFF             100
        BANK15           00F00-00F3F              40
        BANK3            003FD-003FF               3
        BANK6            0061C-006FF              E4
        BANK7            00700-007FF             100
        BANK8            00800-008FF             100
        BANK9            00900-009FF             100
        BIGRAM           00052-0005F               E
                         000F5-000FF               B
                         003FD-003FF               3
                         0061C-00F3F             924
        CODE             014AE-0FBF7            E74A
                         18021-18021               1
                         180F6-1FFF7            7F02
        COMRAM           00052-0005F               E
        CONST            014AE-0FBF7            E74A
                         18021-18021               1
                         180F6-1FFF7            7F02
        FARRAM           00000-00000               1
        MEDIUMCONST      014AE-0FBF7            E74A
                         18021-18021               1
                         180F6-1FFF7            7F02
        RAM              000F5-000FF               B
                         003FD-003FF               3
                         0061C-00F3F             100
        SFR              00F40-00FFF              20
        SMALLCONST       014AE-0FBF7             100
                         18021-18021               1
                         180F6-1FFF7             100
        STACK            0061C-00F3F             924

                                  Symbol Table

?_ADC_Voltage                                  cstackBANK0   000A0
?_Console_MakeField                            cstackBANK0   00065
?_GetPortPORT                                  cstackBANK0   00060
?_GetPortProperties                            cstackBANK0   00060
?_GetPortTRIS                                  cstackBANK0   00060
?___awdiv                                      cstackBANK0   00066
?___awmod                                      cstackBANK0   00060
?___fladd                                      cstackBANK0   000AD
?___fldiv                                      cstackBANK0   0006E
?___flmul                                      cstackBANK0   00087
?___flneg                                      cstackBANK0   00060
?___flsub                                      cstackBANK0   000C1
?___fltol                                      cstackBANK0   000B2
?___lldiv                                      cstackBANK0   00060
?___llmod                                      cstackBANK0   0006D
?___lwdiv                                      cstackBANK0   00060
?___lwmod                                      cstackBANK0   00060
?___wmul                                       cstackBANK0   00060
?___xxtofl                                     cstackBANK0   00060
?__div_to_l_                                   cstackBANK0   00060
?__tdiv_to_l_                                  cstackBANK0   00060
?_fround                                       cstackBANK0   000A0
?_irobot_query_and_update                      cstackBANK0   00066
?_load_iRScriptStack                           cstackBANK0   00060
?_printf                                       cstackBANK0   000C9
?_scale                                        cstackBANK0   000A0
?_twos_complement_of                           cstackBANK0   00060
ADC_ClockDivision@pDivide                      cstackBANK0   00060
ADC_ClockDivision@reg                          cstackBANK0   00061
ADC_ClockDivision@unfound                      cstackBANK0   00062
ADC_ConversionTime@pCount                      cstackBANK0   00061
ADC_Init@pChannel                              cstackBANK0   00066
ADC_Init@pInput                                cstackBANK0   00064
ADC_SetChannel@pChannel                        cstackBANK0   00061
ADC_SetupIO@MASK                               cstackBANK0   00063
ADC_SetupIO@pChannel                           cstackBANK0   00062
ADC_Start@pInput                               cstackBANK0   00062
ADC_Voltage@max                                cstackBANK0   000A6
ADC_Voltage@output                             cstackBANK0   000AE
ADC_Voltage@pInput                             cstackBANK0   000A0
ADC_Voltage@ref                                cstackBANK0   000AA
Button_Init@pFunction                          cstackBANK0   000A5
Button_Init@pGetState                          cstackBANK0   000A2
Button_Init@pInitIO                            cstackBANK0   0009F
Button_Init@pInput                             cstackBANK0   0009B
Button_Init@pThreshold                         cstackBANK0   0009D
Button_Poll@Pin                                cstackBANK0   00083
Button_Poll@pButton                            cstackBANK0   0007B
Button_Poll@pIncrement                         cstackBANK0   0007D
Byte_GetBit@Output                             cstackBANK0   00064
Byte_GetBit@pBit                               cstackBANK0   00062
Byte_GetBit@pInput                             cstackBANK0   00060
Byte_GetPair@pInput                            cstackBANK0   00069
Byte_GetPair@pPair                             cstackBANK0   0006B
Byte_GetZone@MASK                              cstackBANK0   00066
Byte_GetZone@Offset                            cstackBANK0   00067
Byte_GetZone@Output                            cstackBANK0   00068
Byte_GetZone@pChunk                            cstackBANK0   00063
Byte_GetZone@pChunkSize                        cstackBANK0   00064
Byte_GetZone@pInput                            cstackBANK0   00060
Byte_GetZone@pMax                              cstackBANK0   00062
Byte_SetBit@pBit                               cstackBANK0   00062
Byte_SetBit@pInput                             cstackBANK0   00060
Byte_SetBit@pValue                             cstackBANK0   00063
Byte_SetByte@pInput                            cstackBANK0   00060
Byte_SetByte@pValue                            cstackBANK0   00062
Byte_SetPair@pInput                            cstackBANK0   0006B
Byte_SetPair@pPair                             cstackBANK0   0006D
Byte_SetPair@pValue                            cstackBANK0   0006E
Byte_SetQuad@pInput                            cstackBANK0   0006B
Byte_SetQuad@pQuad                             cstackBANK0   0006D
Byte_SetQuad@pValue                            cstackBANK0   0006E
Byte_SetZone@MASK                              cstackBANK0   0006A
Byte_SetZone@Offset                            cstackBANK0   00069
Byte_SetZone@pChunk                            cstackBANK0   00063
Byte_SetZone@pChunkSize                        cstackBANK0   00064
Byte_SetZone@pInput                            cstackBANK0   00060
Byte_SetZone@pMax                              cstackBANK0   00062
Byte_SetZone@pValue                            cstackBANK0   00065
Console_FormFeed@x                             cstackBANK0   00062
Console_FormFeed@y                             cstackBANK0   00063
Console_Init@x                                 cstackBANK0   00062
Console_Init@y                                 cstackBANK0   00063
Console_MakeField@Column                       cstackBANK0   0006C
Console_MakeField@Fill                         bssBANK4      00482
Console_MakeField@Index                        cstackBANK0   00069
Console_MakeField@pInput                       cstackBANK0   0006B
Console_MakeField@x                            cstackBANK0   00070
Console_MakeField@y                            cstackBANK0   00071
Console_PrintChar@pInput                       cstackBANK0   00079
Console_Render@F6956                           dataBANK3     003EC
Console_Render@lCursor                         cstackBANK0   00086
Console_Render@temp                            cstackBANK0   00085
Console_Render@x                               cstackBANK0   0008A
Console_Render@y                               cstackBANK0   0008B
Console_Tab@c                                  cstackBANK0   00075
Console_Tab@i                                  cstackBANK0   00074
Console_Tab@t                                  cstackBANK0   00073
Event_DIPSwitch@Bar                            cstackBANK0   0007A
Event_DIPSwitch@pState                         cstackBANK0   00079
Event_TestButton@j                             bssCOMRAM     00039
Event_TestButton@pState                        cstackBANK0   00079
GetPortPORT@pInput                             cstackBANK0   00062
GetPortProperties@pInput                       cstackBANK0   00062
GetPortTRIS@pInput                             cstackBANK0   00062
HMI_GRender@a                                  bssCOMRAM     00031
HMI_Init@in                                    cstackBANK0   000A8
HMI_Render@a                                   cstackBANK0   00068
HMI_SetBar@pValue                              cstackBANK0   00060
HMI_SetButton@F7213                            mediumconst   0FD64
HMI_SetButton@pValue                           cstackBANK0   00066
HMI_SetButton@reindex                          cstackBANK0   00062
HMI_SetButton@v                                cstackBANK0   00067
HMI_SetNumber@pInput                           cstackBANK0   00071
HMI_SetSegments@in                             cstackBANK0   00064
HMI_SetSegments@pString                        cstackBANK0   00061
LCD_DrawField@count                            cstackBANK0   0007E
LCD_DrawField@i                                cstackBANK0   00082
LCD_DrawField@pField                           cstackBANK0   00072
LCD_DrawField@pPoint                           cstackBANK0   00074
LCD_DrawField@pSize                            cstackBANK0   00078
LCD_DrawField@xmax                             cstackBANK0   00080
LCD_DrawField@ymax                             cstackBANK0   00081
LCD_DrawRectangle@p2                           bssBANK3      003E8
LCD_DrawRectangle@p4                           bssBANK3      003E4
LCD_Fill@i                                     cstackBANK0   0006B
LCD_Fill@j                                     cstackBANK0   0006C
LCD_Fill@pColour                               cstackBANK0   00069
LCD_FillRectangle@i                            cstackBANK0   00075
LCD_FillRectangle@j                            cstackBANK0   00076
LCD_FillRectangle@pColour                      cstackBANK0   00069
LCD_FillRectangle@pPoint                       cstackBANK0   0006B
LCD_FillRectangle@pSize                        cstackBANK0   0006F
LCD_Init@i                                     cstackBANK0   00097
LCD_Word_Write@value                           cstackBANK0   00065
LCD_Write@mode                                 cstackBANK0   00063
LCD_Write@value                                cstackBANK0   00064
LED_Init@pLED                                  cstackBANK0   0008D
LED_Set@pLED                                   cstackBANK0   00075
LED_Set@pValue                                 cstackBANK0   00074
LED_Toggle@pLED                                cstackBANK0   00078
MXK_BlockSwitchTo@CUR                          cstackBANK0   00066
MXK_BlockSwitchTo@pModule                      cstackBANK0   00067
MXK_Queue@pCallback                            cstackBANK0   00060
MXK_SwitchTo@CUR                               cstackBANK0   00066
MXK_SwitchTo@pModule                           cstackBANK0   00067
Mode_Set@pMode                                 cstackBANK0   00060
Motor_Init@pAddress                            cstackBANK0   0008F
Motor_Init@pMotor                              cstackBANK0   0008D
Motor_Move@pDelta                              cstackBANK0   00065
Motor_Move@pMotor                              cstackBANK0   00063
Motor_Speed@pFrequency                         cstackBANK0   0007D
Motor_Speed@pMotor                             cstackBANK0   0007B
OutSeg@a                                       bssCOMRAM     0003D
OutSeg@cur                                     bssCOMRAM     0003F
OutSeg@out                                     cstackBANK0   00067
OutSeg@pInput                                  cstackBANK0   00066
OutSeg@pSegment                                cstackBANK0   00063
OutSeg@segset                                  bssCOMRAM     0003E
PortProperty_Valid@Errors                      cstackBANK0   00075
PortProperty_Valid@F6830                       mediumconst   0FD4B
PortProperty_Valid@Pair                        cstackBANK0   00085
PortProperty_Valid@pInput                      cstackBANK0   0006F
PortProperty_Valid@pPin                        cstackBANK0   00072
PortProperty_Valid@pPinDrive                   cstackBANK0   00071
Port_CheckPairType@Output                      cstackBANK0   0008C
Port_CheckPairType@Pin1                        cstackBANK0   0008A
Port_CheckPairType@Pin2                        cstackBANK0   0008B
Port_CheckPairType@Props                       cstackBANK0   0008D
Port_CheckPairType@pDrive                      cstackBANK0   00089
Port_CheckPairType@pInput                      cstackBANK0   00086
Port_CheckPairType@pPair                       cstackBANK0   00088
Port_CheckPortType@Output                      cstackBANK0   00099
Port_CheckPortType@pDrive                      cstackBANK0   00098
Port_CheckPortType@pInput                      cstackBANK0   00096
Port_CheckQuadType@Output                      cstackBANK0   00095
Port_CheckQuadType@Pair1                       cstackBANK0   00093
Port_CheckQuadType@Pair2                       cstackBANK0   00094
Port_CheckQuadType@pDrive                      cstackBANK0   00092
Port_CheckQuadType@pInput                      cstackBANK0   0008F
Port_CheckQuadType@pQuad                       cstackBANK0   00091
Port_GetPin@Output                             cstackBANK0   00065
Port_GetPin@pInput                             cstackBANK0   00060
Port_GetPin@pPin                               cstackBANK0   00062
Port_GetQuad@Output                            cstackBANK0   00065
Port_GetQuad@pInput                            cstackBANK0   00060
Port_GetQuad@pQuad                             cstackBANK0   00062
Port_Init@i                                    cstackBANK0   000A5
Port_Init@pInput                               cstackBANK0   000A0
Port_Init@pPort                                cstackBANK0   000A2
Port_Set@Type                                  cstackBANK0   00086
Port_Set@TypeActual                            cstackBANK0   00084
Port_Set@TypeRequired                          cstackBANK0   00082
Port_Set@pInput                                cstackBANK0   0006F
Port_Set@pValue                                cstackBANK0   00071
Port_SetPin@Type                               cstackBANK0   00073
Port_SetPin@pInput                             cstackBANK0   0006F
Port_SetPin@pPin                               cstackBANK0   00071
Port_SetPin@pValue                             cstackBANK0   00072
Port_SetPinType@Output                         cstackBANK0   0008A
Port_SetPinType@Props                          cstackBANK0   0008B
Port_SetPinType@pInput                         cstackBANK0   00086
Port_SetPinType@pPin                           cstackBANK0   00088
Port_SetPinType@pType                          cstackBANK0   00089
Port_SetQuadType@Output                        cstackBANK0   0009A
Port_SetQuadType@pInput                        cstackBANK0   00096
Port_SetQuadType@pQuad                         cstackBANK0   00098
Port_SetQuadType@pType                         cstackBANK0   00099
Port_SetType@Output                            cstackBANK0   0009F
Port_SetType@pInput                            cstackBANK0   0009A
Port_SetType@pType                             cstackBANK0   0009C
Port_TogglePin@Value                           cstackBANK0   00077
Port_TogglePin@pInput                          cstackBANK0   00074
Port_TogglePin@pPin                            cstackBANK0   00076
SPI_DCS@pInput                                 cstackBANK0   00060
SPI_DisableISR@pInput                          cstackBANK0   00060
SPI_Init@pChannel                              cstackBANK0   00091
SPI_Init@pClock                                cstackBANK0   0008D
SPI_Init@pInput                                cstackBANK0   00093
SPI_Init@pMode                                 cstackBANK0   00092
SPI_MaxSpeed@pInput                            cstackBANK0   0006F
SPI_MinSpeed@pInput                            cstackBANK0   0006F
SPI_Send9@dat                                  bssBANK3      00332
SPI_Send@pData                                 cstackBANK0   00062
SPI_Send@pInput                                cstackBANK0   00060
Set_Addr_Window@xe                             cstackBANK0   00066
Set_Addr_Window@xs                             cstackBANK0   00068
Set_Addr_Window@ye                             cstackBANK0   00067
Set_Addr_Window@ys                             cstackBANK0   00065
Set_Rotation@m                                 cstackBANK0   00065
Set_Rotation@rotation                          cstackBANK0   00066
Timer0_Init@DIV                                bssBANK3      00310
Timer0_Init@DIVIDE                             cstackBANK0   00077
Timer0_Init@PRE                                bssCOMRAM     0003B
Timer0_Init@PRESCALE                           mediumconst   0FD3B
Timer0_Init@pCPUClock                          cstackBANK0   00073
Timer0_Init@pFrequency                         cstackBANK0   0006D
Timer0_Start@pFunction                         cstackBANK0   00060
Timer2_Init@DIV                                bssBANK3      0030C
Timer2_Init@DIVIDE                             cstackBANK0   0007A
Timer2_Init@INDEX                              bssBANK0      000F0
Timer2_Init@PRE                                bssCOMRAM     0003A
Timer2_Init@PRESCALE                           mediumconst   0FD68
Timer2_Init@RDIV                               cstackBANK0   00072
Timer2_Init@pCPUClock                          cstackBANK0   00076
Timer2_Init@pFrequency                         cstackBANK0   0006D
ToSegment@pCHR                                 cstackBANK0   00060
Word_GetPair@pInput                            cstackBANK0   0006C
Word_GetPair@pPair                             cstackBANK0   0006E
Word_SetPair@pInput                            cstackBANK0   0006F
Word_SetPair@pPair                             cstackBANK0   00071
Word_SetPair@pValue                            cstackBANK0   00072
_ADCON0bits                                    (abs)         00FC2
_ADCON1bits                                    (abs)         00FC1
_ADC_AN0                                       bssCOMRAM     00040
_ADC_AN1                                       bssBANK3      003DF
_ADC_AN2                                       bssBANK3      003DA
_ADC_AN3                                       bssBANK3      003D5
_ADC_Calibrate                                 text131       17FB4
_ADC_ClockDivision                             text130       1689E
_ADC_ConversionTime                            text129       1765E
_ADC_Init                                      text126       16B2C
_ADC_Initialised                               bssBANK3      0033E
_ADC_Off                                       text133       180CA
_ADC_On                                        text132       180DE
_ADC_SetChannel                                text128       17EAA
_ADC_SetupIO                                   text127       17B3C
_ADC_Start                                     text125       16928
_ADC_Voltage                                   text53        1538A
_ADRESH                                        (abs)         00FC4
_ADRESL                                        (abs)         00FC3
_ANCON0                                        (abs)         00FC1
_BAUDCON1bits                                  (abs)         00F7E
_Bus_State                                     dataCOMRAM    0004D
_Button_Init                                   text111       15610
_Button_Poll                                   text136       14936
_Byte_GetBit                                   text52        17AD4
_Byte_GetPair                                  text160       17E54
_Byte_GetZone                                  text161       16410
_Byte_SetBit                                   text162       171B8
_Byte_SetByte                                  text73        1804C
_Byte_SetPair                                  text118       17D1E
_Byte_SetQuad                                  text122       17D40
_Byte_SetZone                                  text123       15C2E
_COUNTER                                       bssCOMRAM     0002F
_Configure_GPIOs                               text96        16E66
_Console_Backspace                             text25        172E0
_Console_ClearCursor                           text26        17886
_Console_FormFeed                              text23        16788
_Console_IncrementCursor                       text21        17152
_Console_Init                                  text124       16814
_Console_MakeField                             text51        156E4
_Console_MakeField$10974                       cstackBANK0   0006E
_Console_NewLine                               text22        16370
_Console_PrintChar                             text19        13E7A
_Console_Render                                text47        13546
_Console_ResetCursor                           text24        17D82
_Console_Tab                                   text20        15878
_DIPSwitch                                     bssBANK4      004C8
_Event_DIPSwitch                               text145       17BFE
_Event_NULL                                    text146       01404
_Event_TestButton                              text147       17B08
_Font5x7                                       mediumconst   0FD6B
_GetPortPORT                                   text76        16184
_GetPortProperties                             text75        160DE
_GetPortTRIS                                   text74        16038
_HMIBoard                                      bssBANK3      0033F
_HMI_DIPSwitch                                 text138       17F10
_HMI_DownSwitch                                text139       17F28
_HMI_GetBar                                    text165       180E4
_HMI_Init                                      text103       13754
_HMI_InitButtons                               text113       180D8
_HMI_LeftSwitch                                text142       17F70
_HMI_Poll                                      text135       16DF2
_HMI_Render                                    text45        178C4
_HMI_RightSwitch                               text141       17F58
_HMI_SetBar                                    text164       180B0
_HMI_SetButton                                 text155       165DE
_HMI_SetNumber                                 text148       17C84
_HMI_SetSegments                               text153       15B74
_HMI_UpSwitch                                  text140       17F40
_I2C1T                                         bssBANK3      003C8
_I2C1_Done                                     bssBANK3      00323
_I2C1_More                                     bssBANK3      0031D
_I2C2T                                         bssBANK3      003C1
_I2C2_Done                                     bssBANK3      00320
_I2C2_More                                     bssBANK3      0031A
_INDEX                                         bssBANK0      000F1
_INTCONbits                                    (abs)         00FF2
_IPR1bits                                      (abs)         00F9F
_IPR3bits                                      (abs)         00FA5
_IRValue                                       bssBANK0      000E4
_ISR_Enable                                    text102       180A6
_ISR_Function                                  intcode       01408
_InitList                                      mediumconst   0FBF9
_LATA                                          (abs)         00F89
_LATB                                          (abs)         00F8A
_LATC                                          (abs)         00F8B
_LATD                                          (abs)         00F8C
_LATE                                          (abs)         00F8D
_LATF                                          (abs)         00F8E
_LATG                                          (abs)         00F8F
_LCD_DrawField                                 text49        1622A
_LCD_Fill                                      text90        173EE
_LCD_FillRectangle                             text48        16C96
_LCD_Init                                      text88        147C4
_LCD_Reset                                     text98        174E8
_LCD_Word_Write                                text92        17DBE
_LCD_Write                                     text93        17CFC
_LED_Init                                      text77        1721C
_LED_Set                                       text78        17498
_LED_Toggle                                    text156       176A6
_MASKS                                         mediumconst   0FD5B
_MXK_BlockSwitchTo                             text86        17940
_MXK_DIPSwitch                                 text137       17EF8
_MXK_Dequeue                                   text79        17902
_MXK_Init                                      text68        14644
_MXK_InitDIPSwitch                             text112       17E18
_MXK_InitTestButton                            text114       17E36
_MXK_Queue                                     text85        1805A
_MXK_Release                                   text84        17E8E
_MXK_SwitchTo                                  text83        17804
_MXK_TestButton                                text143       17F88
_MinDist                                       dataCOMRAM    0004B
_Mode_Set                                      text95        17FFE
_Motor_Init                                    text65        1553A
_Motor_Move                                    text43        179F6
_Motor_Speed                                   text42        17C5A
_Motor_Step                                    text80        14E88
_Motor_Step$intlevel0                          text80        14E8E
_OSCTUNEbits                                   (abs)         00F9B
_OutSeg                                        text46        16A2E
_PIE1bits                                      (abs)         00F9D
_PIE3bits                                      (abs)         00FA3
_PIR1                                          (abs)         00F9E
_PIR1bits                                      (abs)         00F9E
_PIR2                                          (abs)         00FA1
_PIR3                                          (abs)         00FA4
_PIR3bits                                      (abs)         00FA4
_PORTA                                         (abs)         00F80
_PORTB                                         (abs)         00F81
_PORTC                                         (abs)         00F82
_PORTD                                         (abs)         00F83
_PORTE                                         (abs)         00F84
_PORTF                                         (abs)         00F85
_PORTFbits                                     (abs)         00F85
_PORTG                                         (abs)         00F86
_PR2                                           (abs)         00FCB
_PortA                                         bssBANK4      004E6
_PortA_Property                                mediumconst   0FF57
_PortB                                         bssBANK3      003A3
_PortB_Property                                mediumconst   0FF55
_PortC                                         bssBANK3      003AD
_PortC_Property                                mediumconst   0FF53
_PortD                                         bssBANK3      00399
_PortD_Property                                mediumconst   0FF51
_PortE                                         bssBANK3      0038F
_PortE_Property                                mediumconst   0FF4F
_PortF                                         bssBANK3      003B7
_PortF_Property                                mediumconst   0FF4D
_PortG                                         bssBANK4      004DC
_PortG_Property                                mediumconst   0FF4B
_PortProperty_Valid                            text121       16AB0
_Port_CheckPairType                            text120       17082
_Port_CheckPortType                            text71        17616
_Port_CheckQuadType                            text119       1733C
_Port_GetPin                                   text163       1777A
_Port_GetQuad                                  text144       17584
_Port_Init                                     text69        14014
_Port_Set                                      text72        12782
_Port_SetPin                                   text158       157B4
_Port_SetPinType                               text115       13B1C
_Port_SetQuadType                              text116       130C6
_Port_SetType                                  text70        1331C
_Port_TogglePin                                text157       17B9E
_RCONbits                                      (abs)         00FD0
_RCREG1                                        (abs)         00FAF
_RCSTA1                                        (abs)         00FAC
_Reset_High                                    text101       17DFA
_Reset_Low                                     text100       17DDC
_SPBRG1                                        (abs)         00FB0
_SPI1                                          bssBANK3      00379
_SPI2                                          bssBANK3      00384
_SPI_DCS                                       text110       17B6E
_SPI_DisableISR                                text109       17CAE
_SPI_Init                                      text105       11BB4
_SPI_MaxSpeed                                  text97        16D0A
_SPI_MinSpeed                                  text104       16D7E
_SPI_Send                                      text94        16ED6
_SSP1ADD                                       (abs)         00FC8
_SSP1BUF                                       (abs)         00FC9
_SSP1CON1                                      (abs)         00FC6
_SSP1CON1bits                                  (abs)         00FC6
_SSP1CON2                                      (abs)         00FC5
_SSP1CON2bits                                  (abs)         00FC5
_SSP1STAT                                      (abs)         00FC7
_SSP1STATbits                                  (abs)         00FC7
_SSP2BUF                                       (abs)         00F6F
_SSP2CON1                                      (abs)         00F6C
_SSP2CON1bits                                  (abs)         00F6C
_SSP2CON2                                      (abs)         00F6B
_SSP2CON2bits                                  (abs)         00F6B
_SSP2STAT                                      (abs)         00F6D
_SSP2STATbits                                  (abs)         00F6D
_Set_Addr_Window                               text91        15E3E
_Set_Rotation                                  text89        16546
_StepRotate                                    bssCOMRAM     00029
_Stepper                                       bssBANK3      003CF
_Stepstomin                                    bssBANK0      000E6
_T0CONbits                                     (abs)         00FD5
_T2CONbits                                     (abs)         00FCA
_TMR0                                          (abs)         00FD6
_TRISA                                         (abs)         00F92
_TRISB                                         (abs)         00F93
_TRISC                                         (abs)         00F94
_TRISCbits                                     (abs)         00F94
_TRISD                                         (abs)         00F95
_TRISE                                         (abs)         00F96
_TRISF                                         (abs)         00F97
_TRISG                                         (abs)         00F98
_TXREG1                                        (abs)         00FAE
_TXSTA1                                        (abs)         00FAD
_TXSTA1bits                                    (abs)         00FAD
_TestButton                                    bssBANK4      004D2
_Timer0_Clear                                  text67        18082
_Timer0_ISR                                    text167       17C2C
_Timer0_Init                                   text66        14A9C
_Timer0_Restart                                text82        1808E
_Timer0_Start                                  text44        17CD6
_Timer0_Stop                                   text81        180D2
_Timer2_Clear                                  text108       180C2
_Timer2_Init                                   text106       14BFA
_TimerX                                        dataCOMRAM    00049
_ToSegment                                     text154       12E42
_Word_GetPair                                  text159       1797E
_Word_SetPair                                  text117       17734
__CFG_CCP2MX$DEFAULT                           (abs)         00000
__CFG_CPUDIV$OSC1                              (abs)         00000
__CFG_FCMEN$OFF                                (abs)         00000
__CFG_FOSC$HSPLL                               (abs)         00000
__CFG_IESO$OFF                                 (abs)         00000
__CFG_MSSPMSK$MSK5                             (abs)         00000
__CFG_PLLDIV$3                                 (abs)         00000
__CFG_STVREN$ON                                (abs)         00000
__CFG_WDTEN$OFF                                (abs)         00000
__CFG_WDTPS$32768                              (abs)         00000
__CFG_XINST$OFF                                (abs)         00000
__HRAM                                         (abs)         00000
__Habs1                                        abs1          00000
__Hbank0                                       bank0         00000
__Hbank1                                       bank1         00000
__Hbank10                                      bank10        00000
__Hbank11                                      bank11        00000
__Hbank12                                      bank12        00000
__Hbank13                                      bank13        00000
__Hbank14                                      bank14        00000
__Hbank15                                      bank15        00000
__Hbank2                                       bank2         00000
__Hbank3                                       bank3         00000
__Hbank4                                       bank4         00000
__Hbank5                                       bank5         00000
__Hbank6                                       bank6         00000
__Hbank7                                       bank7         00000
__Hbank8                                       bank8         00000
__Hbank9                                       bank9         00000
__Hbigbss                                      bigbss        00000
__Hbigdata                                     bigdata       00000
__Hbigram                                      bigram        00000
__Hbss                                         bss           00000
__HbssBANK0                                    bssBANK0      00000
__HbssBANK3                                    bssBANK3      00000
__HbssBANK4                                    bssBANK4      00000
__HbssBIGRAM                                   bssBIGRAM     00000
__HbssCOMRAM                                   bssCOMRAM     00000
__Hcinit                                       cinit         00000
__Hclrtext                                     clrtext       00000
__Hcomram                                      comram        00000
__Hconfig                                      config        1FFFE
__Hconst                                       const         00000
__HcstackBANK0                                 cstackBANK0   00000
__HcstackBANK1                                 cstackBANK1   00000
__HcstackBANK2                                 cstackBANK2   00000
__HcstackCOMRAM                                cstackCOMRAM  00000
__Hdata                                        data          00000
__HdataBANK3                                   dataBANK3     00000
__HdataCOMRAM                                  dataCOMRAM    00000
__Hfarbss                                      farbss        00000
__Hfardata                                     fardata       00000
__Hibigdata                                    ibigdata      00000
__Hidata                                       idata         00000
__HidataBANK3                                  idataBANK3    00000
__HidataCOMRAM                                 idataCOMRAM   00000
__Hidloc                                       idloc         00000
__Hifardata                                    ifardata      00000
__Hinit                                        init          014AE
__Hintcode                                     intcode       014AA
__Hintcode_body                                intcode_body  00000
__Hintcodelo                                   intcodelo     014AA
__Hintentry                                    intentry      00000
__Hintret                                      intret        00000
__Hintsave_regs                                intsave_regs  00000
__Hirdata                                      irdata        00000
__Hjflash_buffer                               jflash_buffer 1F800
__Hmediumconst                                 mediumconst   10000
__HnvFARRAM                                    nvFARRAM      00000
__Hnvbit                                       nvbit         00000
__Hnvrram                                      nvrram        00000
__Hparam                                       rparam        00000
__Hpowerup                                     powerup       014AA
__Hram                                         ram           00000
__Hramtop                                      ramtop        01000
__Hrbit                                        rbit          00000
__Hrbss                                        rbss          00000
__Hrdata                                       rdata         00000
__Hreset_vec                                   reset_vec     01404
__Hrparam                                      rparam        00000
__Hsfr                                         sfr           00000
__Hsmallconst                                  smallconst    00000
__Hspace_0                                     (abs)         1FFFE
__Hspace_1                                     (abs)         0061C
__Hspace_2                                     (abs)         00000
__Hstack                                       stack         00000
__Hstruct                                      struct        00000
__Htemp                                        temp          00052
__Htext                                        text          00000
__Htext0                                       text0         00000
__Htext1                                       text1         00000
__Htext10                                      text10        00000
__Htext100                                     text100       00000
__Htext101                                     text101       00000
__Htext102                                     text102       00000
__Htext103                                     text103       00000
__Htext104                                     text104       00000
__Htext105                                     text105       00000
__Htext106                                     text106       00000
__Htext107                                     text107       00000
__Htext108                                     text108       00000
[...]
      Locals:         0       0       0       0       0       0       0       0       0       0       0       0       0       0       0       0       0
      Temps:          3       0       0       0       0       0       0       0       0       0       0       0       0       0       0       0       0
      Totals:         7       0       0       0       0       0       0       0       0       0       0       0       0       0       0       0       0
Total ram usage:        7 bytes
 Hardware stack levels used:    1
 This function calls:
		Nothing
 This function is called by:
		i2_Port_SetPin
 This function uses a non-reentrant model


 *************** function i2_MXK_SwitchTo *****************
 Defined at:
		line 105 in file "Library/MXK.c"
 Parameters:    Size  Location     Type
  pModule         1    wreg     enum E6927
 Auto vars:     Size  Location     Type
  pModule         1    7[COMRAM] enum E6927
  MXK_SwitchTo    1    6[COMRAM] unsigned char 
 Return value:  Size  Location     Type
                  1    wreg      unsigned char 
 Registers used:
		wreg, status,2, status,0, cstack
 Tracked objects:
		On entry : 
		On exit  : 
		Unchanged: 
 Data sizes:     COMRAM   BANK0   BANK1   BANK2   BANK3   BANK4   BANK5   BANK6   BANK7   BANK8   BANK9  BANK10  BANK11  BANK12  BANK13  BANK14  BANK15
      Params:         0       0       0       0       0       0       0       0       0       0       0       0       0       0       0       0       0
      Locals:         2       0       0       0       0       0       0       0       0       0       0       0       0       0       0       0       0
      Temps:          0       0       0       0       0       0       0       0       0       0       0       0       0       0       0       0       0
      Totals:         2       0       0       0       0       0       0       0       0       0       0       0       0       0       0       0       0
Total ram usage:        2 bytes
 Hardware stack levels used:    1
 Hardware stack levels required when called:    1
 This function calls:
		i2_delay_us
 This function is called by:
		i2_Motor_Step
 This function uses a non-reentrant model


 *************** function i2_delay_us *****************
 Defined at:
		line 255 in file "Library/Types.c"
 Parameters:    Size  Location     Type
  us              2    0[COMRAM] unsigned short 
 Auto vars:     Size  Location     Type
  delay_us        4    2[COMRAM] unsigned long 
 Return value:  Size  Location     Type
                  1    wreg      void 
 Registers used:
		wreg, status,2, status,0
 Tracked objects:
		On entry : 
		On exit  : 
		Unchanged: 
 Data sizes:     COMRAM   BANK0   BANK1   BANK2   BANK3   BANK4   BANK5   BANK6   BANK7   BANK8   BANK9  BANK10  BANK11  BANK12  BANK13  BANK14  BANK15
      Params:         2       0       0       0       0       0       0       0       0       0       0       0       0       0       0       0       0
      Locals:         4       0       0       0       0       0       0       0       0       0       0       0       0       0       0       0       0
      Temps:          0       0       0       0       0       0       0       0       0       0       0       0       0       0       0       0       0
      Totals:         6       0       0       0       0       0       0       0       0       0       0       0       0       0       0       0       0
Total ram usage:        6 bytes
 Hardware stack levels used:    1
 This function calls:
		Nothing
 This function is called by:
		i2_MXK_SwitchTo
 This function uses a non-reentrant model


 *************** function i2_MXK_Release *****************
 Defined at:
		line 130 in file "Library/MXK.c"
 Parameters:    Size  Location     Type
		None
 Auto vars:     Size  Location     Type
		None
 Return value:  Size  Location     Type
                  1    wreg      unsigned char 
 Registers used:
		wreg, status,2, status,0
 Tracked objects:
		On entry : 
		On exit  : 
		Unchanged: 
 Data sizes:     COMRAM   BANK0   BANK1   BANK2   BANK3   BANK4   BANK5   BANK6   BANK7   BANK8   BANK9  BANK10  BANK11  BANK12  BANK13  BANK14  BANK15
      Params:         0       0       0       0       0       0       0       0       0       0       0       0       0       0       0       0       0
      Locals:         0       0       0       0       0       0       0       0       0       0       0       0       0       0       0       0       0
      Temps:          0       0       0       0       0       0       0       0       0       0       0       0       0       0       0       0       0
      Totals:         0       0       0       0       0       0       0       0       0       0       0       0       0       0       0       0       0
Total ram usage:        0 bytes
 Hardware stack levels used:    1
 This function calls:
		Nothing
 This function is called by:
		i2_Motor_Step
 This function uses a non-reentrant model


 *************** function i2_MXK_Queue *****************
 Defined at:
		line 144 in file "Library/MXK.c"
 Parameters:    Size  Location     Type
  pCallback       3    0[COMRAM] PTR FTN()void 
		 -> Absolute function(1), Motor_Step(1), 
 Auto vars:     Size  Location     Type
		None
 Return value:  Size  Location     Type
                  1    wreg      void 
 Registers used:
		wreg, status,2, status,0
 Tracked objects:
		On entry : 
		On exit  : 
		Unchanged: 
 Data sizes:     COMRAM   BANK0   BANK1   BANK2   BANK3   BANK4   BANK5   BANK6   BANK7   BANK8   BANK9  BANK10  BANK11  BANK12  BANK13  BANK14  BANK15
      Params:         3       0       0       0       0       0       0       0       0       0       0       0       0       0       0       0       0
      Locals:         0       0       0       0       0       0       0       0       0       0       0       0       0       0       0       0       0
      Temps:          0       0       0       0       0       0       0       0       0       0       0       0       0       0       0       0       0
      Totals:         3       0       0       0       0       0       0       0       0       0       0       0       0       0       0       0       0
Total ram usage:        3 bytes
 Hardware stack levels used:    1
 This function calls:
		Nothing
 This function is called by:
		i2_Motor_Step
 This function uses a non-reentrant model



MODULE INFORMATION

Module		Function		Class		Link	Load	Size
C:\Program Files (x86)\Microchip\xc8\v1.43\sources\common\flge.c
		___flge        		CODE           	141A6	0000	401

C:\Program Files (x86)\Microchip\xc8\v1.43\sources\common\flge.c estimated size: 401

Library/LCD.c
		_LCD_Init      		CODE           	147C4	0000	371
		_LCD_FillRectangle		CODE           	16C96	0000	117
		_Configure_GPIOs		CODE           	16E66	0000	113
		_LCD_DrawField 		CODE           	1622A	0000	165
		_Set_Addr_Window		CODE           	15E3E	0000	171
		_LCD_Word_Write		CODE           	17DBE	0000	31
		_LCD_Reset     		CODE           	174E8	0000	81
		_Set_Rotation  		CODE           	16546	0000	153
		_Mode_Set      		CODE           	17FFE	0000	19
		_Reset_Low     		CODE           	17DDC	0000	31
		_LCD_Write     		CODE           	17CFC	0000	35
		_LCD_Fill      		CODE           	173EE	0000	89
		_Reset_High    		CODE           	17DFA	0000	31

Library/LCD.c estimated size: 1407

Library/MXK.c
		_MXK_InitDIPSwitch		CODE           	17E18	0000	31
		_MXK_DIPSwitch 		CODE           	17EF8	0000	25
		_MXK_BlockSwitchTo		CODE           	17940	0000	63
		_MXK_Release   		CODE           	17E8E	0000	29
		_MXK_Dequeue   		CODE           	17902	0000	63
		_MXK_InitTestButton		CODE           	17E36	0000	31
		_MXK_SwitchTo  		CODE           	17804	0000	67
		_MXK_TestButton		CODE           	17F88	0000	25
		_MXK_Init      		CODE           	14644	0000	385
		_MXK_Queue     		CODE           	1805A	0000	15

Library/MXK.c estimated size: 734

C:\Program Files (x86)\Microchip\xc8\v1.43\sources\common\fldivl.c
		__div_to_l_    		CODE           	14336	0000	393

C:\Program Files (x86)\Microchip\xc8\v1.43\sources\common\fldivl.c estimated size: 393

C:\Program Files (x86)\Microchip\xc8\v1.43\sources\common\sprcadd.c
		___flsub       		CODE           	175CE	0000	73
		___fladd       		CODE           	10E0A	0000	1193

C:\Program Files (x86)\Microchip\xc8\v1.43\sources\common\sprcadd.c estimated size: 1266

Library/Port.c
		_GetPortTRIS   		CODE           	16038	0000	167
		_GetPortPORT   		CODE           	16184	0000	167
		_Port_TogglePin		CODE           	17B9E	0000	49
		_Port_SetPinType		CODE           	13B1C	0000	449
		_Port_Init     		CODE           	14014	0000	403
		_GetPortProperties		CODE           	160DE	0000	167
		_Port_GetPin   		CODE           	1777A	0000	71
		_Port_GetQuad  		CODE           	17584	0000	75
		_Port_Set      		CODE           	12782	0000	955
		_Port_SetPin   		CODE           	157B4	0000	197
		_Port_SetType  		CODE           	1331C	0000	555
		_Port_CheckQuadType		CODE           	1733C	0000	91
		_Port_CheckPairType		CODE           	17082	0000	107
		_Port_CheckPortType		CODE           	17616	0000	73
		_Port_SetQuadType		CODE           	130C6	0000	599

Library/Port.c estimated size: 4125

C:\Program Files (x86)\Microchip\xc8\v1.43\sources\common\xxtofl.c
		___xxtofl      		CODE           	1394E	0000	463

C:\Program Files (x86)\Microchip\xc8\v1.43\sources\common\xxtofl.c estimated size: 463

Library/LED.c
		_LED_Init      		CODE           	1721C	0000	99
		_LED_Set       		CODE           	17498	0000	81
		_LED_Toggle    		CODE           	176A6	0000	73

Library/LED.c estimated size: 253

C:\Program Files (x86)\Microchip\xc8\v1.43\sources\common\lwdiv.c
		___lwdiv       		CODE           	16BA8	0000	121

C:\Program Files (x86)\Microchip\xc8\v1.43\sources\common\lwdiv.c estimated size: 121

Library/Motor.c
		_Motor_Move    		CODE           	179F6	0000	59
		_Motor_Step    		CODE           	14E88	0000	295
		_Motor_Speed   		CODE           	17C5A	0000	43
		_Motor_Init    		CODE           	1553A	0000	215

Library/Motor.c estimated size: 612

C:\Program Files (x86)\Microchip\xc8\v1.43\sources\common\awdiv.c
		___awdiv       		CODE           	159FA	0000	191

C:\Program Files (x86)\Microchip\xc8\v1.43\sources\common\awdiv.c estimated size: 191

C:\Program Files (x86)\Microchip\xc8\v1.43\sources\common\fltol.c
		___fltol       		CODE           	14FAE	0000	269

C:\Program Files (x86)\Microchip\xc8\v1.43\sources\common\fltol.c estimated size: 269

C:\Program Files (x86)\Microchip\xc8\v1.43\sources\common\lldiv.c
		___lldiv       		CODE           	15AB8	0000	189

C:\Program Files (x86)\Microchip\xc8\v1.43\sources\common\lldiv.c estimated size: 189

Events.c
		_Event_DIPSwitch		CODE           	17BFE	0000	47
		_Event_NULL    		CODE           	1404	0000	3
		_Event_TestButton		CODE           	17B08	0000	53

Events.c estimated size: 103

C:\Program Files (x86)\Microchip\xc8\v1.43\sources\common\doprnt.c
		_scale         		CODE           	108D0	0000	1339
		_printf        		CODE           	10000	0000	2257
		_fround        		CODE           	12B3C	0000	775

C:\Program Files (x86)\Microchip\xc8\v1.43\sources\common\doprnt.c estimated size: 4371

HMI.c
		_HMI_InitButtons		CODE           	180D8	0000	7
		_HMI_Poll      		CODE           	16DF2	0000	117
		_HMI_LeftSwitch		CODE           	17F70	0000	25
		_HMI_UpSwitch  		CODE           	17F40	0000	25
		_HMI_SetSegments		CODE           	15B74	0000	187
		_HMI_Render    		CODE           	178C4	0000	63
		_OutSeg        		CODE           	16A2E	0000	131
		_HMI_Init      		CODE           	13754	0000	507
		_HMI_RightSwitch		CODE           	17F58	0000	25
		_HMI_GetBar    		CODE           	180E4	0000	7
		_HMI_SetBar    		CODE           	180B0	0000	11
		_HMI_SetNumber 		CODE           	17C84	0000	43
		_HMI_SetButton 		CODE           	165DE	0000	145
		_HMI_DIPSwitch 		CODE           	17F10	0000	25
		_HMI_DownSwitch		CODE           	17F28	0000	25

HMI.c estimated size: 1343

shared
		_InitList      		MEDIUMCONST    	FBF9	0000	179
		_PortE_Property		MEDIUMCONST    	FF4F	0000	3
		i2_Byte_SetBit 		CODE           	17538	0000	77
		_Font5x7       		MEDIUMCONST    	FD6B	0000	481
		i2_Motor_Step  		CODE           	150BA	0000	257
		__powers_      		MEDIUMCONST    	FCAB	0000	53
		Timer2_Init@PRESCALE		MEDIUMCONST    	FD68	0000	4
		_PortF_Property		MEDIUMCONST    	FF4D	0000	3
		_dpowers       		MEDIUMCONST    	FD13	0000	41
		i2_Byte_GetZone		CODE           	16C20	0000	119
		i2_Byte_GetPair		CODE           	17EC6	0000	27
		_PortA_Property		MEDIUMCONST    	FF57	0000	3
		i2_Timer0_Stop 		CODE           	180EA	0000	7
		_PortG_Property		MEDIUMCONST    	FF4B	0000	3
		__npowers_     		MEDIUMCONST    	FCDF	0000	53
		i2_Timer0_Restart		CODE           	1809A	0000	13
		HMI_SetButton@F7213		MEDIUMCONST    	FD64	0000	5
		__initialization		CODE           	1666E	0000	133
		i2_MXK_SwitchTo		CODE           	17A9E	0000	55
		_PortB_Property		MEDIUMCONST    	FF55	0000	3
		_MASKS         		MEDIUMCONST    	FD5B	0000	10
		i2_Word_GetPair		CODE           	17BCE	0000	49
		i2_Port_SetPin 		CODE           	15EE8	0000	171
		i2_MXK_Release 		CODE           	180F0	0000	7
		_PortC_Property		MEDIUMCONST    	FF53	0000	3
		PortProperty_Valid@F6830		MEDIUMCONST    	FD4B	0000	17
		Timer0_Init@PRESCALE		MEDIUMCONST    	FD3B	0000	17
		i2_delay_us    		CODE           	17846	0000	65
		_PortD_Property		MEDIUMCONST    	FF51	0000	3
		i2_MXK_Queue   		CODE           	18068	0000	15

shared estimated size: 1876

C:\Program Files (x86)\Microchip\xc8\v1.43\sources\common\flneg.c
		___flneg       		CODE           	17A30	0000	57

C:\Program Files (x86)\Microchip\xc8\v1.43\sources\common\flneg.c estimated size: 57

Library/Button.c
		_Button_Poll   		CODE           	14936	0000	359
		_Button_Init   		CODE           	15610	0000	213

Library/Button.c estimated size: 572

Library/ADC.c
		_ADC_ConversionTime		CODE           	1765E	0000	73
		_ADC_Off       		CODE           	180CA	0000	9
		_ADC_SetupIO   		CODE           	17B3C	0000	51
		_ADC_Start     		CODE           	16928	0000	133
		_ADC_SetChannel		CODE           	17EAA	0000	29
		_ADC_Voltage   		CODE           	1538A	0000	217
		_ADC_Calibrate 		CODE           	17FB4	0000	21
		_ADC_ClockDivision		CODE           	1689E	0000	139
		_ADC_On        		CODE           	180DE	0000	7
		_ADC_Init      		CODE           	16B2C	0000	125

Library/ADC.c estimated size: 804

C:\Program Files (x86)\Microchip\xc8\v1.43\sources\common\ftdivl.c
		__tdiv_to_l_   		CODE           	13CDC	0000	415

C:\Program Files (x86)\Microchip\xc8\v1.43\sources\common\ftdivl.c estimated size: 415

C:\Program Files (x86)\Microchip\xc8\v1.43\sources\common\sprcmul.c
		___flmul       		CODE           	112B2	0000	1191

C:\Program Files (x86)\Microchip\xc8\v1.43\sources\common\sprcmul.c estimated size: 1191

C:\Program Files (x86)\Microchip\xc8\v1.43\sources\common\Umul16.c
		___wmul        		CODE           	17A68	0000	55

C:\Program Files (x86)\Microchip\xc8\v1.43\sources\common\Umul16.c estimated size: 55

C:\Program Files (x86)\Microchip\xc8\v1.43\sources\common\sprcdiv.c
		___fldiv       		CODE           	123C2	0000	961

C:\Program Files (x86)\Microchip\xc8\v1.43\sources\common\sprcdiv.c estimated size: 961

Library/ISR.c
		_ISR_Function  		CODE           	1408	0000	163
		_ISR_Enable    		CODE           	180A6	0000	11

Library/ISR.c estimated size: 174

Library/SPI.c
		_SPI_MinSpeed  		CODE           	16D7E	0000	117
		_SPI_DisableISR		CODE           	17CAE	0000	41
		_SPI_MaxSpeed  		CODE           	16D0A	0000	117
		_SPI_Init      		CODE           	11BB4	0000	1055
		_SPI_Send      		CODE           	16ED6	0000	109
		_SPI_DCS       		CODE           	17B6E	0000	49

Library/SPI.c estimated size: 1488

C:\Program Files (x86)\Microchip\xc8\v1.43\sources\common\lwmod.c
		___lwmod       		CODE           	1727E	0000	99

C:\Program Files (x86)\Microchip\xc8\v1.43\sources\common\lwmod.c estimated size: 99

main.c
		_mode1         		CODE           	11FD2	0000	1009
		_init          		CODE           	15F92	0000	167
		_mode2         		CODE           	14D58	0000	305
		_main          		CODE           	152AA	0000	225
		_move_and_rotate		CODE           	169AC	0000	131
		_mode3         		CODE           	17FC8	0000	19
		_mode4         		CODE           	11758	0000	1117
		_getMode       		CODE           	1593A	0000	193

main.c estimated size: 3166

Library/Console.c
		_Console_NewLine		CODE           	16370	0000	161
		_putch         		CODE           	18022	0000	15
		_Console_ClearCursor		CODE           	17886	0000	63
		_Console_ResetCursor		CODE           	17D82	0000	31
		_Console_Tab   		CODE           	15878	0000	195
		_Console_IncrementCursor		CODE           	17152	0000	103
		_Console_FormFeed		CODE           	16788	0000	141
		_Console_Init  		CODE           	16814	0000	139
		_Console_Backspace		CODE           	172E0	0000	93
		_Console_MakeField		CODE           	156E4	0000	209
		_Console_PrintChar		CODE           	13E7A	0000	411
		_Console_Render		CODE           	13546	0000	527

Library/Console.c estimated size: 2088

C:\Program Files (x86)\Microchip\xc8\v1.43\sources\common\awmod.c
		___awmod       		CODE           	162CE	0000	163

C:\Program Files (x86)\Microchip\xc8\v1.43\sources\common\awmod.c estimated size: 163

Library/Timer2.c
		_Timer2_Init   		CODE           	14BFA	0000	351
		_Timer2_Clear  		CODE           	180C2	0000	9

Library/Timer2.c estimated size: 360

Library/iRobotSerial.c
		_sort_iRBumpDrop		CODE           	166FC	0000	141
		_irobot_move_straight		CODE           	17EE0	0000	25
		_irobot_move   		CODE           	15CE4	0000	177
		_irobot_leds   		CODE           	17396	0000	89
		_irobot_init   		CODE           	18030	0000	15
		_irobot_query_and_update		CODE           	144BE	0000	391
		_irobot_rotate 		CODE           	15D94	0000	171
		_irobot_init_song_0		CODE           	17D62	0000	33
		_irobot_song_play		CODE           	17FA0	0000	21
		_update_angle  		CODE           	17FEC	0000	19
		_irobot_led_power_on		CODE           	17E72	0000	29
		_update_bump_and_cliff		CODE           	179BC	0000	59
		_load_iRScriptStack		CODE           	16FAE	0000	107
		_twos_complement_of		CODE           	177C0	0000	69
		_get_packet_size		CODE           	170EC	0000	103
		_eusart_init   		CODE           	17DA0	0000	31
		_rx_assign     		CODE           	151BA	0000	241
		_eusart_getch  		CODE           	180BA	0000	9
		_eusart_putch  		CODE           	1803E	0000	15
		_irobot_stop_motion		CODE           	176EE	0000	71
		_update_distance		CODE           	17FDA	0000	19

Library/iRobotSerial.c estimated size: 1835

C:\Program Files (x86)\Microchip\xc8\v1.43\sources\common\llmod.c
		___llmod       		CODE           	164AC	0000	155

C:\Program Files (x86)\Microchip\xc8\v1.43\sources\common\llmod.c estimated size: 155

Library/Timer0.c
		_Timer0_ISR    		CODE           	17C2C	0000	47
		_Timer0_Init   		CODE           	14A9C	0000	351
		_Timer0_Stop   		CODE           	180D2	0000	7
		_Timer0_Clear  		CODE           	18082	0000	13
		_Timer0_Start  		CODE           	17CD6	0000	39
		_Timer0_Restart		CODE           	1808E	0000	13

Library/Timer0.c estimated size: 470

Library/Types.c
		_Word_GetPair  		CODE           	1797E	0000	63
		_delay_us      		CODE           	17446	0000	83
		_ToSegment     		CODE           	12E42	0000	645
		_Byte_GetBit   		CODE           	17AD4	0000	53
		_Word_SetPair  		CODE           	17734	0000	71
		_itos          		CODE           	15462	0000	217
		_Byte_GetZone  		CODE           	16410	0000	157
		_Byte_GetPair  		CODE           	17E54	0000	31
		_Byte_SetBit   		CODE           	171B8	0000	101
		_Byte_SetQuad  		CODE           	17D40	0000	35
		_Byte_SetZone  		CODE           	15C2E	0000	183
		_Byte_SetByte  		CODE           	1804C	0000	15
		_Byte_SetPair  		CODE           	17D1E	0000	35
		_delay_ms      		CODE           	17018	0000	107
		_reverse       		CODE           	16F42	0000	109
		_PortProperty_Valid		CODE           	16AB0	0000	125

Library/Types.c estimated size: 2030

