Microchip MPLAB XC8 Compiler V1.43 ()

Linker command line:

-W-3 --edf=C:\Program Files (x86)\Microchip\xc8\v1.43\dat\en_msgs.txt -cs \
  -h+dist/BOOTLOADER/production\Assignment2.X.production.sym \
  --cmf=dist/BOOTLOADER/production\Assignment2.X.production.cmf -z \
  -Q18F67J50 -oC:\Users\jamin\AppData\Local\Temp\s19o.2 \
  -Mdist/BOOTLOADER/production/Assignment2.X.production.map -E1 -ver=XC8 \
  --acfsm=1493 -ASTACK=05D6h-0f3fh -pstack=STACK \
  -ACODE=01400h-01405h,01408h-01415h,01418h-01FFF7h \
  -ACONST=01400h-01405h,01408h-01415h,01418h-01FFF7h \
  -ASMALLCONST=01400h-01405h,01408h-01415h,01418h-014FFh,01500h-015FFhx490,01FF00h-01FFF7h \
  -AMEDIUMCONST=01400h-01405h,01408h-01415h,01418h-0FFFFh,011000h-01FFF7h \
  -ACOMRAM=01h-05Fh -AABS1=00h-0F3Fh -ABIGRAM=01h-0F3Fh \
  -ARAM=060h-0FFh,0100h-01FFhx14,0F00h-0F3Fh -ABANK0=060h-0FFh \
  -ABANK1=0100h-01FFh -ABANK2=0200h-02FFh -ABANK3=0300h-03FFh \
  -ABANK4=0400h-04FFh -ABANK5=0500h-05FFh -ABANK6=0600h-06FFh \
  -ABANK7=0700h-07FFh -ABANK8=0800h-08FFh -ABANK9=0900h-09FFh \
  -ABANK10=0A00h-0AFFh -ABANK11=0B00h-0BFFh -ABANK12=0C00h-0CFFh \
  -ABANK13=0D00h-0DFFh -ABANK14=0E00h-0EFFh -ABANK15=0F00h-0F3Fh \
  -ASFR=0F40h-0F5Fh,0F60h-0FFFh \
  -preset_vec=01400h,intcode=01408h,intcodelo,powerup,init -pramtop=01000h \
  -psmallconst=SMALLCONST -pmediumconst=MEDIUMCONST -pconst=CONST \
  -AFARRAM=00h-00h -ACONFIG=01FFF8h-01FFFDh -pconfig=CONFIG \
  -pjflash_buffer=01F800h \
  -prdata=COMRAM,nvrram=COMRAM,nvbit=COMRAM,rbss=COMRAM,rbit=COMRAM \
  -pfarbss=FARRAM,fardata=FARRAM,nvFARRAM=FARRAM \
  -pintsave_regs=BIGRAM,bigbss=BIGRAM,bigdata=BIGRAM -pbss=RAM \
  -pidata=CODE,irdata=CODE,ibigdata=CODE,ifardata=CODE -prparam=COMRAM \
  C:\Users\jamin\AppData\Local\Temp\s19o.obj \
  dist/BOOTLOADER/production\Assignment2.X.production.obj 

Object code version is 3.11

Machine type is 18F67J50

Call graph: (short form)




                Name                               Link     Load   Length Selector   Space Scale
C:\Users\jamin\AppData\Local\Temp\s19o.obj
                init                               14AA     14AA        4      A04       0
                reset_vec                          1400     1400        4      A00       0
                config                            1FFF8    1FFF8        6    1FFF8       0
dist/BOOTLOADER/production\Assignment2.X.production.obj
                intcode                            1408     1408       A2      A04       0
                temp                                 51       51        1        1       1
                mediumconst                        FCE4     FCE4      31C     7E72       0
                text144                           149E0    149E0        E     8000       0
                text143                           14A52    14A52        6     A51D       0
                text142                           1437A    1437A       40     8000       0
                text141                           14520    14520       36     8000       0
                text140                           140BC    140BC       4C     8000       0
                text139                           136F4    136F4       76     8000       0
                text138                           14876    14876       1A     8000       0
                text137                           145EA    145EA       30     8000       0
                text136                           12E3C    12E3C       AA     8000       0
                text135                           149FA    149FA        C     8000       0
                text134                           14A4C    14A4C        6     A51D       0
                text133                           12358    12358      100     8000       0
                text132                           14648    14648       2E     8000       0
                text130                           134FE    134FE       8A     8000       0
                text129                           12B7E    12B7E       B6     8000       0
                text128                           1470C    1470C       22     8000       0
                text127                           1321E    1321E       9C     8000       0
                text126                           14820    14820       1E     8000       0
                text125                           14436    14436       3E     8000       0
                text124                           13588    13588       7C     8000       0
                text123                           13B56    13B56       6A     8000       0
                text122                           13E74    13E74       5A     8000       0
                text121                           146EA    146EA       22     8000       0
                text120                           1426E    1426E       46     8000       0
                text119                           10A5C    10A5C      256     8000       0
                text118                           13CF0    13CF0       64     8000       0
                text117                           114A8    114A8      1C0     8000       0
                text116                           14802    14802       1E     8000       0
                text115                           14A46    14A46        6     A51D       0
                text114                           147E4    147E4       1E     8000       0
                text113                           12620    12620       D4     8000       0
                text112                           145BA    145BA       30     8000       0
                text111                           146A0    146A0       28     8000       0
                text110                           14A2A    14A2A        8     8000       0
                text109                           12A08    12A08       BC     8000       0
                text108                           11F76    11F76      160     8000       0
                text107                           10000    10000      41E     8000       0
                text106                           138C6    138C6       74     8000       0
                text105                           110EC    110EC      1FA     8000       0
                text104                           14228    14228       46     8000       0
                text103                           127C4    127C4       C4     8000       0
                text102                           1458A    1458A       30     8000       0
                text101                           1419A    1419A       48     8000       0
                text100                           147C6    147C6       1E     8000       0
                text99                            147A8    147A8       1E     8000       0
                text98                            13AEC    13AEC       6A     8000       0
                text97                            14020    14020       50     8000       0
                text96                            13852    13852       74     8000       0
                text95                            1393A    1393A       70     8000       0
                text94                            14988    14988       12     8000       0
                text93                            13A16    13A16       6C     8000       0
                text92                            146C8    146C8       22     8000       0
                text91                            1478A    1478A       1E     8000       0
                text90                            12D92    12D92       AA     8000       0
                text89                            13F26    13F26       58     8000       0
                text88                            132BA    132BA       98     8000       0
                text87                            11C9E    11C9E      172     8000       0
                text86                            13F7E    13F7E       52     8000       0
                text85                            143F8    143F8       3E     8000       0
                text84                            149D2    149D2        E     8000       0
                text83                            1485A    1485A       1C     8000       0
                text82                            142F8    142F8       42     8000       0
                text81                            149EE    149EE        C     8000       0
                text80                            14A40    14A40        6     A51D       0
                text79                            12232    12232      126     8000       0
                text78                            143BA    143BA       3E     8000       0
                text77                            13FD0    13FD0       50     8000       0
                text76                            13DB6    13DB6       62     8000       0
                text75                            13032    13032       A6     8000       0
                text74                            12F8C    12F8C       A6     8000       0
                text73                            12EE6    12EE6       A6     8000       0
                text72                            149C4    149C4        E     8000       0
                text71                            1041E    1041E      3BA     8000       0
                text70                            14152    14152       48     8000       0
                text69                            10CB2    10CB2      22A     8000       0
                text68                            11806    11806      192     8000       0
                text67                            11B1E    11B1E      180     8000       0
                text66                            1476C    1476C       1E     8000       0
                text65                            149B6    149B6        E     8000       0
                text64                            149A8    149A8        E     8000       0
                text63                            1472E    1472E       20     8000       0
                text62                            13A82    13A82       6A     8000       0
                text61                            13ECE    13ECE       58     8000       0
                text60                            1483E    1483E       1C     8000       0
                text59                            142B4    142B4       44     8000       0
                text58                            12C34    12C34       B0     8000       0
                text57                            13C8C    13C8C       64     8000       0
                text56                            1367C    1367C       78     8000       0
                text55                            14A5C    14A5C        2     A51D       0
                text54                            14556    14556       34     8000       0
                text53                            126F4    126F4       D0     8000       0
                text52                            144EA    144EA       36     8000       0
                text51                            130D8    130D8       A4     8000       0
                text50                            137DE    137DE       74     8000       0
                text49                            10EDC    10EDC      210     8000       0
                text48                            14A3A    14A3A        6     A51D       0
                text47                            14A10    14A10        A     8000       0
                text46                            13352    13352       90     8000       0
                text45                            107D8    107D8      284     8000       0
                text44                            12AC4    12AC4       BA     8000       0
                text43                            13604    13604       78     8000       0
                text42                            13D54    13D54       62     8000       0
                text41                            139AA    139AA       6C     8000       0
                text40                            12548    12548       D8     8000       0
                text39                            14676    14676       2A     8000       0
                text38                            14474    14474       3C     8000       0
                text37                            14A5A    14A5A        2     A51D       0
                text36                            1461A    1461A       2E     8000       0
                text35                            14108    14108       4A     8000       0
                text34                            14938    14938       18     8000       0
                text33                            14920    14920       18     8000       0
                text32                            14908    14908       18     8000       0
                text31                            148F0    148F0       18     8000       0
                text30                            148D8    148D8       18     8000       0
                text29                            148C0    148C0       18     8000       0
                text28                            148A8    148A8       18     8000       0
                text27                            11E10    11E10      166     8000       0
                text26                            1376A    1376A       74     8000       0
                text25                            14890    14890       18     8000       0
                text24                            14950    14950       14     8000       0
                text23                            141E2    141E2       46     8000       0
                text22                            1433A    1433A       40     8000       0
                text21                            13E18    13E18       5C     8000       0
                text20                            1474E    1474E       1E     8000       0
                text19                            13470    13470       8E     8000       0
                text18                            1317C    1317C       A2     8000       0
                text17                            13C26    13C26       66     8000       0
                text16                            1294A    1294A       BE     8000       0
                text15                            12888    12888       C2     8000       0
                text14                            11668    11668      19E     8000       0
                text13                            1499A    1499A        E     8000       0
                text12                            112E6    112E6      1C2     8000       0
                text11                            14A22    14A22        8     8000       0
                text10                            13BC0    13BC0       66     8000       0
                text9                             133E2    133E2       8E     8000       0
                text8                             12458    12458       F0     8000       0
                text7                             11998    11998      186     8000       0
                text6                             14976    14976       12     8000       0
                text5                             144B0    144B0       3A     8000       0
                text4                             14964    14964       12     8000       0
                text3                             120D6    120D6      15C     8000       0
                text2                             14A58    14A58        2     A51D       0
                text1                              1404     1404        2      A00       0
                text0                             14070    14070       4C     8000       0
                cstackCOMRAM                          1        1       28        1       1
                cstackBANK0                          BB       BB       3E       60       1
                cstackBANK1                         100      100      100      100       1
                cstackBANK2                         200      200      100      200       1
                cstackBANK3                         3E7      3E7        2      300       1
                bssBIGRAM                           4AA      4AA      12C      4AA       1
                bssBANK4                            400      400       AA      400       1
                dataBANK3                           3DF      3DF        8      300       1
                bssBANK3                            300      300       DF      300       1
                dataBANK0                            F9       F9        7       60       1
                bssBANK0                             60       60       5B       60       1
                dataCOMRAM                           47       47        A        1       1
                bssCOMRAM                            29       29       1E        1       1
                cinit                             12CE4    12CE4       AE     8000       0
                idataBANK3                        14A1A    14A1A        8     8000       0
                idataBANK0                        14A32    14A32        7     8000       0
                idataCOMRAM                       14A06    14A06        A     8000       0

TOTAL           Name                               Link     Load   Length     Space
        CLASS   STACK          

        CLASS   CODE           
                intcode                            1408     1408       A2         0
                init                               14AA     14AA        4         0
                reset_vec                          1400     1400        4         0
                text144                           149E0    149E0        E         0
                text143                           14A52    14A52        6         0
                text142                           1437A    1437A       40         0
                text141                           14520    14520       36         0
                text140                           140BC    140BC       4C         0
                text139                           136F4    136F4       76         0
                text138                           14876    14876       1A         0
                text137                           145EA    145EA       30         0
                text136                           12E3C    12E3C       AA         0
                text135                           149FA    149FA        C         0
                text134                           14A4C    14A4C        6         0
                text133                           12358    12358      100         0
                text132                           14648    14648       2E         0
                text130                           134FE    134FE       8A         0
                text129                           12B7E    12B7E       B6         0
                text128                           1470C    1470C       22         0
                text127                           1321E    1321E       9C         0
                text126                           14820    14820       1E         0
                text125                           14436    14436       3E         0
                text124                           13588    13588       7C         0
                text123                           13B56    13B56       6A         0
                text122                           13E74    13E74       5A         0
                text121                           146EA    146EA       22         0
                text120                           1426E    1426E       46         0
                text119                           10A5C    10A5C      256         0
                text118                           13CF0    13CF0       64         0
                text117                           114A8    114A8      1C0         0
                text116                           14802    14802       1E         0
                text115                           14A46    14A46        6         0
                text114                           147E4    147E4       1E         0
                text113                           12620    12620       D4         0
                text112                           145BA    145BA       30         0
                text111                           146A0    146A0       28         0
                text110                           14A2A    14A2A        8         0
                text109                           12A08    12A08       BC         0
                text108                           11F76    11F76      160         0
                text107                           10000    10000      41E         0
                text106                           138C6    138C6       74         0
                text105                           110EC    110EC      1FA         0
                text104                           14228    14228       46         0
                text103                           127C4    127C4       C4         0
                text102                           1458A    1458A       30         0
                text101                           1419A    1419A       48         0
                text100                           147C6    147C6       1E         0
                text99                            147A8    147A8       1E         0
                text98                            13AEC    13AEC       6A         0
                text97                            14020    14020       50         0
                text96                            13852    13852       74         0
                text95                            1393A    1393A       70         0
                text94                            14988    14988       12         0
                text93                            13A16    13A16       6C         0
                text92                            146C8    146C8       22         0
                text91                            1478A    1478A       1E         0
                text90                            12D92    12D92       AA         0
                text89                            13F26    13F26       58         0
                text88                            132BA    132BA       98         0
                text87                            11C9E    11C9E      172         0
                text86                            13F7E    13F7E       52         0
                text85                            143F8    143F8       3E         0
                text84                            149D2    149D2        E         0
                text83                            1485A    1485A       1C         0
                text82                            142F8    142F8       42         0
                text81                            149EE    149EE        C         0
                text80                            14A40    14A40        6         0
                text79                            12232    12232      126         0
                text78                            143BA    143BA       3E         0
                text77                            13FD0    13FD0       50         0
                text76                            13DB6    13DB6       62         0
                text75                            13032    13032       A6         0
                text74                            12F8C    12F8C       A6         0
                text73                            12EE6    12EE6       A6         0
                text72                            149C4    149C4        E         0
                text71                            1041E    1041E      3BA         0
                text70                            14152    14152       48         0
                text69                            10CB2    10CB2      22A         0
                text68                            11806    11806      192         0
                text67                            11B1E    11B1E      180         0
                text66                            1476C    1476C       1E         0
                text65                            149B6    149B6        E         0
                text64                            149A8    149A8        E         0
                text63                            1472E    1472E       20         0
                text62                            13A82    13A82       6A         0
                text61                            13ECE    13ECE       58         0
                text60                            1483E    1483E       1C         0
                text59                            142B4    142B4       44         0
                text58                            12C34    12C34       B0         0
                text57                            13C8C    13C8C       64         0
                text56                            1367C    1367C       78         0
                text55                            14A5C    14A5C        2         0
                text54                            14556    14556       34         0
                text53                            126F4    126F4       D0         0
                text52                            144EA    144EA       36         0
                text51                            130D8    130D8       A4         0
                text50                            137DE    137DE       74         0
                text49                            10EDC    10EDC      210         0
                text48                            14A3A    14A3A        6         0
                text47                            14A10    14A10        A         0
                text46                            13352    13352       90         0
                text45                            107D8    107D8      284         0
                text44                            12AC4    12AC4       BA         0
                text43                            13604    13604       78         0
                text42                            13D54    13D54       62         0
                text41                            139AA    139AA       6C         0
                text40                            12548    12548       D8         0
                text39                            14676    14676       2A         0
                text38                            14474    14474       3C         0
                text37                            14A5A    14A5A        2         0
                text36                            1461A    1461A       2E         0
                text35                            14108    14108       4A         0
                text34                            14938    14938       18         0
                text33                            14920    14920       18         0
                text32                            14908    14908       18         0
                text31                            148F0    148F0       18         0
                text30                            148D8    148D8       18         0
                text29                            148C0    148C0       18         0
                text28                            148A8    148A8       18         0
                text27                            11E10    11E10      166         0
                text26                            1376A    1376A       74         0
                text25                            14890    14890       18         0
                text24                            14950    14950       14         0
                text23                            141E2    141E2       46         0
                text22                            1433A    1433A       40         0
                text21                            13E18    13E18       5C         0
                text20                            1474E    1474E       1E         0
                text19                            13470    13470       8E         0
                text18                            1317C    1317C       A2         0
                text17                            13C26    13C26       66         0
                text16                            1294A    1294A       BE         0
                text15                            12888    12888       C2         0
                text14                            11668    11668      19E         0
                text13                            1499A    1499A        E         0
                text12                            112E6    112E6      1C2         0
                text11                            14A22    14A22        8         0
                text10                            13BC0    13BC0       66         0
                text9                             133E2    133E2       8E         0
                text8                             12458    12458       F0         0
                text7                             11998    11998      186         0
                text6                             14976    14976       12         0
                text5                             144B0    144B0       3A         0
                text4                             14964    14964       12         0
                text3                             120D6    120D6      15C         0
                text2                             14A58    14A58        2         0
                text1                              1404     1404        2         0
                text0                             14070    14070       4C         0
                cinit                             12CE4    12CE4       AE         0
                idataBANK3                        14A1A    14A1A        8         0
                idataBANK0                        14A32    14A32        7         0
                idataCOMRAM                       14A06    14A06        A         0

        CLASS   CONST          

        CLASS   SMALLCONST     

        CLASS   MEDIUMCONST    
                mediumconst                        FCE4     FCE4      31C         0

        CLASS   COMRAM         
                temp                                 51       51        1         1
                cstackCOMRAM                          1        1       28         1
                dataCOMRAM                           47       47        A         1
                bssCOMRAM                            29       29       1E         1

        CLASS   ABS1           

        CLASS   BIGRAM         
                bssBIGRAM                           4AA      4AA      12C         1

        CLASS   RAM            

        CLASS   BANK0          
                cstackBANK0                          BB       BB       3E         1
                dataBANK0                            F9       F9        7         1
                bssBANK0                             60       60       5B         1

        CLASS   BANK1          
                cstackBANK1                         100      100      100         1

        CLASS   BANK2          
                cstackBANK2                         200      200      100         1

        CLASS   BANK3          
                cstackBANK3                         3E7      3E7        2         1
                dataBANK3                           3DF      3DF        8         1
                bssBANK3                            300      300       DF         1

        CLASS   BANK4          
                bssBANK4                            400      400       AA         1

        CLASS   BANK5          

        CLASS   BANK6          

        CLASS   BANK7          

        CLASS   BANK8          

        CLASS   BANK9          

        CLASS   BANK10         

        CLASS   BANK11         

        CLASS   BANK12         

        CLASS   BANK13         

        CLASS   BANK14         

        CLASS   BANK15         

        CLASS   SFR            

        CLASS   FARRAM         

        CLASS   CONFIG         
                config                            1FFF8    1FFF8        6         0

        CLASS   IDLOC          



SEGMENTS        Name                           Load    Length   Top    Selector   Space  Class

                cstackCOMRAM                   000001  000051  000052         1       1  COMRAM  
                bssBANK0                       000060  0000A0  000100        60       1  BANK0   
                cstackBANK1                    000100  000100  000200       100       1  BANK1   
                cstackBANK2                    000200  000100  000300       200       1  BANK2   
                bssBANK3                       000300  0000E9  0003E9       300       1  BANK3   
                bssBANK4                       000400  0000AA  0004AA       400       1  BANK4   
                bssBIGRAM                      0004AA  00012C  0005D6       4AA       1  BIGRAM  
                reset_vec                      001400  000006  001406       A00       0  CODE    
                intcode                        001408  0000A6  0014AE       A04       0  CODE    
                mediumconst                    00FCE4  00031C  010000      7E72       0  MEDIUMCO
                text107                        010000  004A39  014A39      8000       0  CODE    
                text48                         014A3A  000024  014A5E      A51D       0  CODE    
                config                         01FFF8  000006  01FFFE     1FFF8       0  CONFIG  


UNUSED ADDRESS RANGES

        Name                Unused          Largest block    Delta
        BANK10           00A00-00AFF             100
        BANK11           00B00-00BFF             100
        BANK12           00C00-00CFF             100
        BANK13           00D00-00DFF             100
        BANK14           00E00-00EFF             100
        BANK15           00F00-00F3F              40
        BANK3            003E9-003FF              17
        BANK5            005D6-005FF              2A
        BANK6            00600-006FF             100
        BANK7            00700-007FF             100
        BANK8            00800-008FF             100
        BANK9            00900-009FF             100
        BIGRAM           00052-0005F               E
                         003E9-003FF              17
                         005D6-00F3F             96A
        CODE             014AE-0FCE3            E836
                         14A39-14A39               1
                         14A5E-1FFF7            B59A
        COMRAM           00052-0005F               E
        CONST            014AE-0FCE3            E836
                         14A39-14A39               1
                         14A5E-1FFF7            B59A
        FARRAM           00000-00000               1
        MEDIUMCONST      014AE-0FCE3            E836
                         14A39-14A39               1
                         14A5E-1FFF7            B59A
        RAM              003E9-003FF              17
                         005D6-00F3F             100
        SFR              00F40-00FFF              20
        SMALLCONST       014AE-0FCE3             100
                         14A39-14A39               1
                         14A5E-1FFF7             100
        STACK            005D6-00F3F             96A

                                  Symbol Table

?_Console_MakeField                            cstackBANK0   000C0
?_GetPortPORT                                  cstackBANK0   000BB
?_GetPortProperties                            cstackBANK0   000BB
?_GetPortTRIS                                  cstackBANK0   000BB
?___awdiv                                      cstackBANK0   000BB
?___lldiv                                      cstackBANK0   000BB
?___lwdiv                                      cstackBANK0   000BB
?___lwmod                                      cstackBANK0   000C2
?___wmul                                       cstackBANK0   000BB
?_irobot_query_and_update                      cstackBANK0   000C1
?_load_iRScriptStack                           cstackBANK0   000BB
?_printf                                       cstackBANK0   000D0
?_twos_complement_of                           cstackBANK0   000BB
Button_Init@pFunction                          cstackBANK1   0010A
Button_Init@pGetState                          cstackBANK1   00107
Button_Init@pInitIO                            cstackBANK1   00104
Button_Init@pInput                             cstackBANK1   00100
Button_Init@pThreshold                         cstackBANK1   00102
Button_Poll@Pin                                cstackBANK0   000DE
Button_Poll@pButton                            cstackBANK0   000D6
Button_Poll@pIncrement                         cstackBANK0   000D8
Byte_GetBit@Output                             cstackBANK0   000BF
Byte_GetBit@pBit                               cstackBANK0   000BD
Byte_GetBit@pInput                             cstackBANK0   000BB
Byte_GetPair@pInput                            cstackBANK0   000C4
Byte_GetPair@pPair                             cstackBANK0   000C6
Byte_GetZone@MASK                              cstackBANK0   000C1
Byte_GetZone@Offset                            cstackBANK0   000C2
Byte_GetZone@Output                            cstackBANK0   000C3
Byte_GetZone@pChunk                            cstackBANK0   000BE
Byte_GetZone@pChunkSize                        cstackBANK0   000BF
Byte_GetZone@pInput                            cstackBANK0   000BB
Byte_GetZone@pMax                              cstackBANK0   000BD
Byte_SetBit@pBit                               cstackBANK0   000BD
Byte_SetBit@pInput                             cstackBANK0   000BB
Byte_SetBit@pValue                             cstackBANK0   000BE
Byte_SetByte@pInput                            cstackBANK0   000BB
Byte_SetByte@pValue                            cstackBANK0   000BD
Byte_SetPair@pInput                            cstackBANK0   000C6
Byte_SetPair@pPair                             cstackBANK0   000C8
Byte_SetPair@pValue                            cstackBANK0   000C9
Byte_SetQuad@pInput                            cstackBANK0   000C6
Byte_SetQuad@pQuad                             cstackBANK0   000C8
Byte_SetQuad@pValue                            cstackBANK0   000C9
Byte_SetZone@MASK                              cstackBANK0   000C5
Byte_SetZone@Offset                            cstackBANK0   000C4
Byte_SetZone@pChunk                            cstackBANK0   000BE
Byte_SetZone@pChunkSize                        cstackBANK0   000BF
Byte_SetZone@pInput                            cstackBANK0   000BB
Byte_SetZone@pMax                              cstackBANK0   000BD
Byte_SetZone@pValue                            cstackBANK0   000C0
Console_FormFeed@x                             cstackBANK0   000BD
Console_FormFeed@y                             cstackBANK0   000BE
Console_Init@x                                 cstackBANK0   000BD
Console_Init@y                                 cstackBANK0   000BE
Console_MakeField@Column                       cstackBANK0   000C7
Console_MakeField@Fill                         bssBANK4      00464
Console_MakeField@Index                        cstackBANK0   000C4
Console_MakeField@pInput                       cstackBANK0   000C6
Console_MakeField@x                            cstackBANK0   000CB
Console_MakeField@y                            cstackBANK0   000CC
Console_PrintChar@pInput                       cstackBANK0   000CE
Console_Render@F6956                           dataBANK3     003DF
Console_Render@lCursor                         cstackBANK0   000E1
Console_Render@temp                            cstackBANK0   000E0
Console_Render@x                               cstackBANK0   000E5
Console_Render@y                               cstackBANK0   000E6
Console_Tab@c                                  cstackBANK0   000CA
Console_Tab@i                                  cstackBANK0   000C9
Console_Tab@t                                  cstackBANK0   000C8
Event_DIPSwitch@Bar                            cstackBANK0   000D5
Event_DIPSwitch@pState                         cstackBANK0   000D4
Event_TestButton@j                             bssBANK0      0008F
Event_TestButton@pState                        cstackBANK0   000D4
GetPortPORT@pInput                             cstackBANK0   000BD
GetPortProperties@pInput                       cstackBANK0   000BD
GetPortTRIS@pInput                             cstackBANK0   000BD
HMI_GRender@a                                  bssCOMRAM     0002B
HMI_Init@in                                    cstackBANK0   000F6
HMI_SetBar@pValue                              cstackBANK0   000BB
HMI_SetButton@F7213                            mediumconst   0FDCA
HMI_SetButton@pValue                           cstackBANK0   000C1
HMI_SetButton@reindex                          cstackBANK0   000BD
HMI_SetButton@v                                cstackBANK0   000C2
HMI_SetNumber@pInput                           cstackBANK0   000D1
HMI_SetSegments@in                             cstackBANK0   000BF
HMI_SetSegments@pString                        cstackBANK0   000BC
LCD_DrawField@count                            cstackBANK0   000D9
LCD_DrawField@i                                cstackBANK0   000DD
LCD_DrawField@pField                           cstackBANK0   000CD
LCD_DrawField@pPoint                           cstackBANK0   000CF
LCD_DrawField@pSize                            cstackBANK0   000D3
LCD_DrawField@xmax                             cstackBANK0   000DB
LCD_DrawField@ymax                             cstackBANK0   000DC
LCD_DrawRectangle@p2                           bssBANK0      000B7
LCD_DrawRectangle@p4                           bssBANK0      000B3
LCD_Fill@i                                     cstackBANK0   000C6
LCD_Fill@j                                     cstackBANK0   000C7
LCD_Fill@pColour                               cstackBANK0   000C4
LCD_FillRectangle@i                            cstackBANK0   000D0
LCD_FillRectangle@j                            cstackBANK0   000D1
LCD_FillRectangle@pColour                      cstackBANK0   000C4
LCD_FillRectangle@pPoint                       cstackBANK0   000C6
LCD_FillRectangle@pSize                        cstackBANK0   000CA
LCD_Init@i                                     cstackBANK0   000F2
LCD_Word_Write@value                           cstackBANK0   000C0
LCD_Write@mode                                 cstackBANK0   000BE
LCD_Write@value                                cstackBANK0   000BF
LED_Init@pLED                                  cstackBANK0   000E8
LED_Set@pLED                                   cstackBANK0   000D0
LED_Set@pValue                                 cstackBANK0   000CF
LED_Toggle@pLED                                cstackBANK0   000D3
MXK_BlockSwitchTo@CUR                          cstackBANK0   000C1
MXK_BlockSwitchTo@pModule                      cstackBANK0   000C2
MXK_Queue@pCallback                            cstackBANK0   000BB
MXK_SwitchTo@CUR                               cstackBANK0   000C1
MXK_SwitchTo@pModule                           cstackBANK0   000C2
Mode_Set@pMode                                 cstackBANK0   000BB
OutSeg@a                                       bssCOMRAM     0003D
OutSeg@cur                                     bssCOMRAM     0003F
OutSeg@segset                                  bssCOMRAM     0003E
PortProperty_Valid@Errors                      cstackBANK0   000D0
PortProperty_Valid@F6830                       mediumconst   0FDA7
PortProperty_Valid@Pair                        cstackBANK0   000E0
PortProperty_Valid@pInput                      cstackBANK0   000CA
PortProperty_Valid@pPin                        cstackBANK0   000CD
PortProperty_Valid@pPinDrive                   cstackBANK0   000CC
Port_CheckPairType@Output                      cstackBANK0   000E7
Port_CheckPairType@Pin1                        cstackBANK0   000E5
Port_CheckPairType@Pin2                        cstackBANK0   000E6
Port_CheckPairType@Props                       cstackBANK0   000E8
Port_CheckPairType@pDrive                      cstackBANK0   000E4
Port_CheckPairType@pInput                      cstackBANK0   000E1
Port_CheckPairType@pPair                       cstackBANK0   000E3
Port_CheckPortType@Output                      cstackBANK0   000F4
Port_CheckPortType@pDrive                      cstackBANK0   000F3
Port_CheckPortType@pInput                      cstackBANK0   000F1
Port_CheckQuadType@Output                      cstackBANK0   000F0
Port_CheckQuadType@Pair1                       cstackBANK0   000EE
Port_CheckQuadType@Pair2                       cstackBANK0   000EF
Port_CheckQuadType@pDrive                      cstackBANK0   000ED
Port_CheckQuadType@pInput                      cstackBANK0   000EA
Port_CheckQuadType@pQuad                       cstackBANK0   000EC
Port_GetPin@Output                             cstackBANK0   000C0
Port_GetPin@pInput                             cstackBANK0   000BB
Port_GetPin@pPin                               cstackBANK0   000BD
Port_GetQuad@Output                            cstackBANK0   000C0
Port_GetQuad@pInput                            cstackBANK0   000BB
Port_GetQuad@pQuad                             cstackBANK0   000BD
Port_Init@i                                    cstackBANK1   00107
Port_Init@pInput                               cstackBANK1   00102
Port_Init@pPort                                cstackBANK1   00104
Port_Set@Type                                  cstackBANK0   000E1
Port_Set@TypeActual                            cstackBANK0   000DF
Port_Set@TypeRequired                          cstackBANK0   000DD
Port_Set@pInput                                cstackBANK0   000CA
Port_Set@pValue                                cstackBANK0   000CC
Port_SetPin@Type                               cstackBANK0   000CE
Port_SetPin@pInput                             cstackBANK0   000CA
Port_SetPin@pPin                               cstackBANK0   000CC
Port_SetPin@pValue                             cstackBANK0   000CD
Port_SetPinType@Output                         cstackBANK0   000E5
Port_SetPinType@Props                          cstackBANK0   000E6
Port_SetPinType@pInput                         cstackBANK0   000E1
Port_SetPinType@pPin                           cstackBANK0   000E3
Port_SetPinType@pType                          cstackBANK0   000E4
Port_SetQuadType@Output                        cstackBANK0   000F5
Port_SetQuadType@pInput                        cstackBANK0   000F1
Port_SetQuadType@pQuad                         cstackBANK0   000F3
Port_SetQuadType@pType                         cstackBANK0   000F4
Port_SetType@Output                            cstackBANK0   000F8
Port_SetType@pInput                            cstackBANK0   000F5
Port_SetType@pType                             cstackBANK0   000F7
Port_TogglePin@Value                           cstackBANK0   000D2
Port_TogglePin@pInput                          cstackBANK0   000CF
Port_TogglePin@pPin                            cstackBANK0   000D1
SPI_DCS@pInput                                 cstackBANK0   000BB
SPI_DisableISR@pInput                          cstackBANK0   000BB
SPI_Init@pChannel                              cstackBANK0   000EC
SPI_Init@pClock                                cstackBANK0   000E8
SPI_Init@pInput                                cstackBANK0   000EE
SPI_Init@pMode                                 cstackBANK0   000ED
SPI_MaxSpeed@pInput                            cstackBANK0   000CA
SPI_MinSpeed@pInput                            cstackBANK0   000CA
SPI_Send9@dat                                  bssBANK0      00089
SPI_Send@pData                                 cstackBANK0   000BD
SPI_Send@pInput                                cstackBANK0   000BB
Set_Addr_Window@xe                             cstackBANK0   000C1
Set_Addr_Window@xs                             cstackBANK0   000C3
Set_Addr_Window@ye                             cstackBANK0   000C2
Set_Addr_Window@ys                             cstackBANK0   000C0
Set_Rotation@m                                 cstackBANK0   000C0
Set_Rotation@rotation                          cstackBANK0   000C1
Timer0_Init@DIV                                bssBANK3      00326
Timer0_Init@PRE                                bssCOMRAM     00039
Timer0_Init@PRESCALE                           mediumconst   0FD97
Timer2_Init@DIV                                bssBANK3      00322
Timer2_Init@DIVIDE                             cstackBANK0   000D5
Timer2_Init@INDEX                              bssBANK0      00091
Timer2_Init@PRE                                bssBANK0      00090
Timer2_Init@PRESCALE                           mediumconst   0FDCE
Timer2_Init@RDIV                               cstackBANK0   000CD
Timer2_Init@pCPUClock                          cstackBANK0   000D1
Timer2_Init@pFrequency                         cstackBANK0   000C8
ToSegment@pCHR                                 cstackBANK0   000BB
Word_GetPair@pInput                            cstackBANK0   000C7
Word_GetPair@pPair                             cstackBANK0   000C9
Word_SetPair@pInput                            cstackBANK0   000CA
Word_SetPair@pPair                             cstackBANK0   000CC
Word_SetPair@pValue                            cstackBANK0   000CD
_ADCON0bits                                    (abs)         00FC2
_ADCON1bits                                    (abs)         00FC1
_ADC_AN0                                       bssBANK3      003DA
_ADC_AN1                                       bssBANK3      003D5
_ADC_AN2                                       bssBANK3      003D0
_ADC_AN3                                       bssBANK3      003CB
_ADC_Initialised                               bssCOMRAM     0003C
_ADRESH                                        (abs)         00FC4
_ADRESL                                        (abs)         00FC3
_ANCON0                                        (abs)         00FC1
_BAUDCON1bits                                  (abs)         00F7E
_Bus_State                                     dataCOMRAM    0004B
_Button_Init                                   text113       12620
_Button_Poll                                   text27        11E10
_Byte_GetBit                                   text54        14556
_Byte_GetPair                                  text126       14820
_Byte_GetZone                                  text127       1321E
_Byte_SetBit                                   text118       13CF0
_Byte_SetByte                                  text72        149C4
_Byte_SetPair                                  text121       146EA
_Byte_SetQuad                                  text128       1470C
_Byte_SetZone                                  text129       12B7E
_COUNTER                                       bssCOMRAM     00029
_Configure_GPIOs                               text95        1393A
_Console_Backspace                             text21        13E18
_Console_ClearCursor                           text22        1433A
_Console_FormFeed                              text19        13470
_Console_IncrementCursor                       text17        13C26
_Console_Init                                  text130       134FE
_Console_MakeField                             text53        126F4
_Console_MakeField$10974                       cstackBANK0   000C9
_Console_NewLine                               text18        1317C
_Console_PrintChar                             text14        11668
_Console_Render                                text49        10EDC
_Console_ResetCursor                           text20        1474E
_Console_Tab                                   text15        12888
_DIPSwitch                                     bssBANK3      00388
_Event_DIPSwitch                               text36        1461A
_Event_NULL                                    text37        14A5A
_Event_TestButton                              text38        14474
_Font5x7                                       mediumconst   0FDD1
_GetPortPORT                                   text75        13032
_GetPortProperties                             text74        12F8C
_GetPortTRIS                                   text73        12EE6
_HMIBoard                                      bssBANK3      00338
_HMI_DIPSwitch                                 text29        148C0
_HMI_DownSwitch                                text30        148D8
_HMI_GetBar                                    text48        14A3A
_HMI_Init                                      text105       110EC
_HMI_InitButtons                               text115       14A46
_HMI_LeftSwitch                                text33        14920
_HMI_Poll                                      text26        1376A
_HMI_RightSwitch                               text32        14908
_HMI_SetBar                                    text47        14A10
_HMI_SetButton                                 text46        13352
_HMI_SetNumber                                 text39        14676
_HMI_SetSegments                               text44        12AC4
_HMI_UpSwitch                                  text31        148F0
_I2C1T                                         bssCOMRAM     00040
_I2C1_Done                                     bssBANK3      00333
_I2C1_More                                     bssBANK3      0032D
_I2C2T                                         bssBANK3      003C4
_I2C2_Done                                     bssBANK3      00330
_I2C2_More                                     bssBANK3      0032A
_INDEX                                         bssCOMRAM     0003A
_INTCONbits                                    (abs)         00FF2
_IPR1bits                                      (abs)         00F9F
_IPR3bits                                      (abs)         00FA5
_ISR_Function                                  intcode       01408
_InitList                                      mediumconst   0FCE5
_LATA                                          (abs)         00F89
_LATB                                          (abs)         00F8A
_LATC                                          (abs)         00F8B
_LATD                                          (abs)         00F8C
_LATE                                          (abs)         00F8D
_LATF                                          (abs)         00F8E
_LATG                                          (abs)         00F8F
_LCD_DrawField                                 text51        130D8
_LCD_Fill                                      text89        13F26
_LCD_FillRectangle                             text50        137DE
_LCD_Init                                      text87        11C9E
_LCD_Reset                                     text97        14020
_LCD_Word_Write                                text91        1478A
_LCD_Write                                     text92        146C8
_LED_Init                                      text76        13DB6
_LED_Set                                       text77        13FD0
_LED_Toggle                                    text101       1419A
_MASKS                                         mediumconst   0FDC1
_MXK_BlockSwitchTo                             text85        143F8
_MXK_DIPSwitch                                 text28        148A8
_MXK_Dequeue                                   text78        143BA
_MXK_Init                                      text67        11B1E
_MXK_InitDIPSwitch                             text114       147E4
_MXK_InitTestButton                            text116       14802
_MXK_Queue                                     text84        149D2
_MXK_Release                                   text83        1485A
_MXK_SwitchTo                                  text82        142F8
_MXK_TestButton                                text34        14938
_Mode_Set                                      text94        14988
_Motor_Step                                    text79        12232
_Motor_Step$intlevel0                          text79        12238
_OSCTUNEbits                                   (abs)         00F9B
_PIE1bits                                      (abs)         00F9D
_PIE3bits                                      (abs)         00FA3
_PIR1                                          (abs)         00F9E
_PIR1bits                                      (abs)         00F9E
_PIR2                                          (abs)         00FA1
_PIR3                                          (abs)         00FA4
_PIR3bits                                      (abs)         00FA4
_PORTA                                         (abs)         00F80
_PORTB                                         (abs)         00F81
_PORTC                                         (abs)         00F82
_PORTD                                         (abs)         00F83
_PORTE                                         (abs)         00F84
_PORTF                                         (abs)         00F85
_PORTFbits                                     (abs)         00F85
_PORTG                                         (abs)         00F86
_PR2                                           (abs)         00FCB
_PortA                                         bssBANK3      003B0
_PortA_Property                                mediumconst   0FFBD
_PortB                                         bssBANK3      003A6
_PortB_Property                                mediumconst   0FFBB
_PortC                                         bssBANK0      000A9
_PortC_Property                                mediumconst   0FFB9
_PortD                                         bssBANK0      0009F
_PortD_Property                                mediumconst   0FFB7
_PortE                                         bssBANK0      00095
_PortE_Property                                mediumconst   0FFB5
_PortF                                         bssBANK3      003BA
_PortF_Property                                mediumconst   0FFB3
_PortG                                         bssBANK3      0039C
_PortG_Property                                mediumconst   0FFB1
_PortProperty_Valid                            text124       13588
_Port_CheckPairType                            text123       13B56
_Port_CheckPortType                            text70        14152
_Port_CheckQuadType                            text122       13E74
_Port_GetPin                                   text104       14228
_Port_GetQuad                                  text35        14108
_Port_Init                                     text68        11806
_Port_Set                                      text71        1041E
_Port_SetPin                                   text103       127C4
_Port_SetPinType                               text117       114A8
_Port_SetQuadType                              text119       10A5C
_Port_SetType                                  text69        10CB2
_Port_TogglePin                                text102       1458A
_RCONbits                                      (abs)         00FD0
_RCREG1                                        (abs)         00FAF
_RCSTA1                                        (abs)         00FAC
_Reset_High                                    text100       147C6
_Reset_Low                                     text99        147A8
_SPBRG1                                        (abs)         00FB0
_SPI1                                          bssBANK3      00372
_SPI2                                          bssBANK3      0037D
_SPI_DCS                                       text112       145BA
_SPI_DisableISR                                text111       146A0
_SPI_Init                                      text107       10000
_SPI_MaxSpeed                                  text96        13852
_SPI_MinSpeed                                  text106       138C6
_SPI_Send                                      text93        13A16
_SSP1ADD                                       (abs)         00FC8
_SSP1BUF                                       (abs)         00FC9
_SSP1CON1                                      (abs)         00FC6
_SSP1CON1bits                                  (abs)         00FC6
_SSP1CON2                                      (abs)         00FC5
_SSP1CON2bits                                  (abs)         00FC5
_SSP1STAT                                      (abs)         00FC7
_SSP1STATbits                                  (abs)         00FC7
_SSP2BUF                                       (abs)         00F6F
_SSP2CON1                                      (abs)         00F6C
_SSP2CON1bits                                  (abs)         00F6C
_SSP2CON2                                      (abs)         00F6B
_SSP2CON2bits                                  (abs)         00F6B
_SSP2STAT                                      (abs)         00F6D
_SSP2STATbits                                  (abs)         00F6D
_Set_Addr_Window                               text90        12D92
_Set_Rotation                                  text88        132BA
_T0CONbits                                     (abs)         00FD5
_T2CONbits                                     (abs)         00FCA
_TMR0                                          (abs)         00FD6
_TRISA                                         (abs)         00F92
_TRISB                                         (abs)         00F93
_TRISC                                         (abs)         00F94
_TRISCbits                                     (abs)         00F94
_TRISD                                         (abs)         00F95
_TRISE                                         (abs)         00F96
_TRISF                                         (abs)         00F97
_TRISG                                         (abs)         00F98
_TXREG1                                        (abs)         00FAE
_TXSTA1                                        (abs)         00FAD
_TXSTA1bits                                    (abs)         00FAD
_TestButton                                    bssBANK3      00392
_Timer0_ISR                                    text132       14648
_Timer0_Restart                                text81        149EE
_Timer0_Stop                                   text80        14A40
_Timer2_Clear                                  text110       14A2A
_Timer2_Init                                   text108       11F76
_ToSegment                                     text45        107D8
_Word_GetPair                                  text125       14436
_Word_SetPair                                  text120       1426E
__CFG_CCP2MX$DEFAULT                           (abs)         00000
__CFG_CPUDIV$OSC1                              (abs)         00000
__CFG_FCMEN$OFF                                (abs)         00000
__CFG_FOSC$HSPLL                               (abs)         00000
__CFG_IESO$OFF                                 (abs)         00000
__CFG_MSSPMSK$MSK5                             (abs)         00000
__CFG_PLLDIV$3                                 (abs)         00000
__CFG_STVREN$ON                                (abs)         00000
__CFG_WDTEN$OFF                                (abs)         00000
__CFG_WDTPS$32768                              (abs)         00000
__CFG_XINST$OFF                                (abs)         00000
__HRAM                                         (abs)         00000
__Habs1                                        abs1          00000
__Hbank0                                       bank0         00000
__Hbank1                                       bank1         00000
__Hbank10                                      bank10        00000
__Hbank11                                      bank11        00000
__Hbank12                                      bank12        00000
__Hbank13                                      bank13        00000
__Hbank14                                      bank14        00000
__Hbank15                                      bank15        00000
__Hbank2                                       bank2         00000
__Hbank3                                       bank3         00000
__Hbank4                                       bank4         00000
__Hbank5                                       bank5         00000
__Hbank6                                       bank6         00000
__Hbank7                                       bank7         00000
__Hbank8                                       bank8         00000
__Hbank9                                       bank9         00000
__Hbigbss                                      bigbss        00000
__Hbigdata                                     bigdata       00000
__Hbigram                                      bigram        00000
__Hbss                                         bss           00000
__HbssBANK0                                    bssBANK0      00000
__HbssBANK3                                    bssBANK3      00000
__HbssBANK4                                    bssBANK4      00000
__HbssBIGRAM                                   bssBIGRAM     00000
__HbssCOMRAM                                   bssCOMRAM     00000
__Hcinit                                       cinit         00000
__Hclrtext                                     clrtext       00000
__Hcomram                                      comram        00000
__Hconfig                                      config        1FFFE
__Hconst                                       const         00000
__HcstackBANK0                                 cstackBANK0   00000
__HcstackBANK1                                 cstackBANK1   00000
__HcstackBANK2                                 cstackBANK2   00000
__HcstackBANK3                                 cstackBANK3   00000
__HcstackCOMRAM                                cstackCOMRAM  00000
__Hdata                                        data          00000
__HdataBANK0                                   dataBANK0     00000
__HdataBANK3                                   dataBANK3     00000
__HdataCOMRAM                                  dataCOMRAM    00000
__Hfarbss                                      farbss        00000
__Hfardata                                     fardata       00000
__Hibigdata                                    ibigdata      00000
__Hidata                                       idata         00000
__HidataBANK0                                  idataBANK0    00000
__HidataBANK3                                  idataBANK3    00000
__HidataCOMRAM                                 idataCOMRAM   00000
__Hidloc                                       idloc         00000
__Hifardata                                    ifardata      00000
__Hinit                                        init          014AE
__Hintcode                                     intcode       014AA
__Hintcode_body                                intcode_body  00000
__Hintcodelo                                   intcodelo     014AA
__Hintentry                                    intentry      00000
__Hintret                                      intret        00000
__Hintsave_regs                                intsave_regs  00000
__Hirdata                                      irdata        00000
__Hjflash_buffer                               jflash_buffer 1F800
__Hmediumconst                                 mediumconst   10000
__HnvFARRAM                                    nvFARRAM      00000
__Hnvbit                                       nvbit         00000
__Hnvrram                                      nvrram        00000
__Hparam                                       rparam        00000
__Hpowerup                                     powerup       014AA
__Hram                                         ram           00000
__Hramtop                                      ramtop        01000
__Hrbit                                        rbit          00000
__Hrbss                                        rbss          00000
__Hrdata                                       rdata         00000
__Hreset_vec                                   reset_vec     01404
__Hrparam                                      rparam        00000
__Hsfr                                         sfr           00000
__Hsmallconst                                  smallconst    00000
__Hspace_0                                     (abs)         1FFFE
__Hspace_1                                     (abs)         005D6
__Hspace_2                                     (abs)         00000
__Hstack                                       stack         00000
__Hstruct                                      struct        00000
__Htemp                                        temp          00052
__Htext                                        text          00000
__Htext0                                       text0         00000
__Htext1                                       text1         00000
__Htext10                                      text10        00000
__Htext100                                     text100       00000
__Htext101                                     text101       00000
__Htext102                                     text102       00000
__Htext103                                     text103       00000
__Htext104                                     text104       00000
__Htext105                                     text105       00000
__Htext106                                     text106       00000
__Htext107                                     text107       00000
__Htext108                                     text108       00000
__Htext109                                     text109       00000
__Htext11                                      text11        00000
__Htext110                                     text110       00000
__Htext111                                     text111       00000
__Htext112                                     text112       00000
__Htext113                                     text113       00000
__Htext114                                     text114       00000
__Htext115                                     text115       00000
__Htext116                                     text116       00000
__Htext117                                     text117       00000
__Htext118                                     text118       00000
__Htext119                                     text119       00000
__Htext12                                      text12        00000
__Htext120                                     text120       00000
__Htext121                                     text121       00000
__Htext122                                     text122       00000
__Htext123                                     text123       00000
__Htext124                                     text124       00000
__Htext125                                     text125       00000
__Htext126                                     text126       00000
__Htext127                                     text127       00000
__Htext128                                     text128       00000
__Htext129                                     text129       00000
__Htext13                                      text13        00000
__Htext130                                     text130       00000
__Htext132                                     text132       00000
__Htext133                                     text133       00000
__Htext134                                     text134       00000
__Htext135                                     text135       00000
__Htext136                                     text136       00000
__Htext137                                     text137       00000
__Htext138                                     text138       00000
__Htext139                                     text139       00000
__Htext14                                      text14        00000
__Htext140                                     text140       00000
__Htext141                                     text141       00000
__Htext142                                     text142       00000
__Htext143                                     text143       00000
__Htext144                                     text144       00000
__Htext145                                     text145       00000
__Htext15                                      text15        00000
__Htext16                                      text16        00000
__Htext17                                      text17        00000
__Htext18                                      text18        00000
__Htext19                                      text19        00000
__Htext2                                       text2         00000
__Htext20                                      text20        00000
__Htext21                                      text21        00000
__Htext22                                      text22        00000
__Htext23                                      text23        00000
__Htext24                                      text24        00000
__Htext25                                      text25        00000
__Htext26                                      text26        00000
__Htext27                                      text27        00000
__Htext28                                      text28        00000
__Htext29                                      text29        00000
__Htext3                                       text3         00000
__Htext30                                      text30        00000
__Htext31                                      text31        00000
__Htext32                                      text32        00000
__Htext33                                      text33        00000
__Htext34                                      text34        00000
__Htext35                                      text35        00000
__Htext36                                      text36        00000
__Htext37                                      text37        00000
__Htext38                                      text38        00000
__Htext39                                      text39        00000
__Htext4                                       text4         00000
__Htext40                                      text40        00000
__Htext41                                      text41        00000
__Htext42                                      text42        00000
__Htext43                                      text43        00000
__Htext44                                      text44        00000
__Htext45                                      text45        00000
__Htext46                                      text46        00000
__Htext47                                      text47        00000
__Htext48                                      text48        00000
__Htext49                                      text49        00000
__Htext5                                       text5         00000
__Htext50                                      text50        00000
__Htext51                                      text51        00000
__Htext52                                      text52        00000
__Htext53                                      text53        00000
__Htext54                                      text54        00000
__Htext55                                      text55        00000
__Htext56                                      text56        00000
__Htext57                                      text57        00000
__Htext58                                      text58        00000
__Htext59                                      text59        00000
__Htext6                                       text6         00000
__Htext60                                      text60        00000
__Htext61                                      text61        00000
__Htext62                                      text62        00000
__Htext63                                      text63        00000
__Htext64                                      text64        00000
__Htext65                                      text65        00000
__Htext66                                      text66        00000
__Htext67                                      text67        00000
__Htext68                                      text68        00000
__Htext69                                      text69        00000
__Htext7                                       text7         00000
__Htext70                                      text70        00000
__Htext71                                      text71        00000
__Htext72                                      text72        00000
__Htext73                                      text73        00000
__Htext74                                      text74        00000
__Htext75                                      text75        00000
__Htext76                                      text76        00000
__Htext77                                      text77        00000
__Htext78                                      text78        00000
__Htext79                                      text79        00000
__Htext8                                       text8         00000
__Htext80                                      text80        00000
__Htext81                                      text81        00000
__Htext82                                      text82        00000
__Htext83                                      text83        00000
__Htext84                                      text84        00000
__Htext85                                      text85        00000
__Htext86                                      text86        00000
__Htext87                                      text87        00000
__Htext88                                      text88        00000
__Htext89                                      text89        00000
__Htext9                                       text9         00000
__Htext90                                      text90        00000
__Htext91                                      text91        00000
__Htext92                                      text92        00000
__Htext93                                      text93        00000
__Htext94                                      text94        00000
__Htext95                                      text95        00000
__Htext96                                      text96        00000
__Htext97                                      text97        00000
__Htext98                                      text98        00000
__Htext99                                      text99        00000
__LRAM                                         (abs)         00001
__Labs1                                        abs1          00000
__Lbank0                                       bank0         00000
__Lbank1                                       bank1         00000
__Lbank10                                      bank10        00000
__Lbank11                                      bank11        00000
__Lbank12                                      bank12        00000
__Lbank13                                      bank13        00000
__Lbank14                                      bank14        00000
__Lbank15                                      bank15        00000
__Lbank2                                       bank2         00000
__Lbank3                                       bank3         00000
__Lbank4                                       bank4         00000
__Lbank5                                       bank5         00000
__Lbank6                                       bank6         00000
__Lbank7                                       bank7         00000
[...]
      Totals:         3       0       0       0       0       0       0       0       0       0       0       0       0       0       0       0       0
Total ram usage:        3 bytes
 Hardware stack levels used:    1
 Hardware stack levels required when called:    1
 This function calls:
		i2_Byte_GetZone
 This function is called by:
		i2_Word_GetPair
 This function uses a non-reentrant model


 *************** function i2_Byte_GetZone *****************
 Defined at:
		line 64 in file "Library/Types.c"
 Parameters:    Size  Location     Type
  pInput          2    0[COMRAM] PTR struct Byte
		 -> PortA_Property..(2), PortB_Property..(2), PortC_Property..(2), PortD_Property..(2), 
		 -> PortE_Property..(2), PortF_Property..(2), PortG_Property..(2), PortF..(2), 
		 -> PortC..(2), PortD..(2), PortE..(2), PortB..(2), 
		 -> PortA..(2), PortG..(2), PortG(10), PortA(10), 
		 -> PortB(10), PortE(10), PortD(10), PortG_Property(2), 
		 -> PortF_Property(2), PortE_Property(2), PortD_Property(2), PortC_Property(2), 
		 -> PortB_Property(2), PortA_Property(2), PortC(10), PortF(10), 
		 -> NULL(0), 
  pMax            1    2[COMRAM] unsigned char 
  pChunk          1    3[COMRAM] unsigned char 
  pChunkSize      1    4[COMRAM] unsigned char 
 Auto vars:     Size  Location     Type
  Byte_GetZone    1    8[COMRAM] unsigned char 
  Byte_GetZone    1    7[COMRAM] unsigned char 
  Byte_GetZone    1    6[COMRAM] unsigned char 
 Return value:  Size  Location     Type
                  1    wreg      unsigned char 
 Registers used:
		wreg, fsr0l, fsr0h, status,2, status,0, tblptrl, tblptrh, tblptru, prodl, prodh
 Tracked objects:
		On entry : 
		On exit  : 
		Unchanged: 
 Data sizes:     COMRAM   BANK0   BANK1   BANK2   BANK3   BANK4   BANK5   BANK6   BANK7   BANK8   BANK9  BANK10  BANK11  BANK12  BANK13  BANK14  BANK15
      Params:         5       0       0       0       0       0       0       0       0       0       0       0       0       0       0       0       0
      Locals:         3       0       0       0       0       0       0       0       0       0       0       0       0       0       0       0       0
      Temps:          1       0       0       0       0       0       0       0       0       0       0       0       0       0       0       0       0
      Totals:         9       0       0       0       0       0       0       0       0       0       0       0       0       0       0       0       0
Total ram usage:        9 bytes
 Hardware stack levels used:    1
 This function calls:
		Nothing
 This function is called by:
		i2_Byte_GetPair
 This function uses a non-reentrant model


 *************** function i2_Byte_SetBit *****************
 Defined at:
		line 32 in file "Library/Types.c"
 Parameters:    Size  Location     Type
  pInput          2    0[COMRAM] PTR struct Byte
		 -> SSP2CON2(1), SSP1CON2(1), SSP2CON1(1), SSP2STAT(1), 
		 -> SSP1CON1(1), SSP1STAT(1), TRISG(1), TRISF(1), 
		 -> TRISE(1), TRISD(1), TRISC(1), TRISB(1), 
		 -> TRISA(1), PORTG(1), PORTF(1), PORTE(1), 
		 -> PORTD(1), PORTC(1), PORTB(1), PORTA(1), 
		 -> NULL(0), 
  pBit            1    2[COMRAM] unsigned char 
  pValue          1    3[COMRAM] unsigned char 
 Auto vars:     Size  Location     Type
		None
 Return value:  Size  Location     Type
                  1    wreg      void 
 Registers used:
		wreg, fsr2l, fsr2h, status,2, status,0
 Tracked objects:
		On entry : 
		On exit  : 
		Unchanged: 
 Data sizes:     COMRAM   BANK0   BANK1   BANK2   BANK3   BANK4   BANK5   BANK6   BANK7   BANK8   BANK9  BANK10  BANK11  BANK12  BANK13  BANK14  BANK15
      Params:         4       0       0       0       0       0       0       0       0       0       0       0       0       0       0       0       0
      Locals:         0       0       0       0       0       0       0       0       0       0       0       0       0       0       0       0       0
      Temps:          3       0       0       0       0       0       0       0       0       0       0       0       0       0       0       0       0
      Totals:         7       0       0       0       0       0       0       0       0       0       0       0       0       0       0       0       0
Total ram usage:        7 bytes
 Hardware stack levels used:    1
 This function calls:
		Nothing
 This function is called by:
		i2_Port_SetPin
 This function uses a non-reentrant model


 *************** function i2_MXK_SwitchTo *****************
 Defined at:
		line 105 in file "Library/MXK.c"
 Parameters:    Size  Location     Type
  pModule         1    wreg     enum E6927
 Auto vars:     Size  Location     Type
  pModule         1    7[COMRAM] enum E6927
  MXK_SwitchTo    1    6[COMRAM] unsigned char 
 Return value:  Size  Location     Type
                  1    wreg      unsigned char 
 Registers used:
		wreg, status,2, status,0, cstack
 Tracked objects:
		On entry : 
		On exit  : 
		Unchanged: 
 Data sizes:     COMRAM   BANK0   BANK1   BANK2   BANK3   BANK4   BANK5   BANK6   BANK7   BANK8   BANK9  BANK10  BANK11  BANK12  BANK13  BANK14  BANK15
      Params:         0       0       0       0       0       0       0       0       0       0       0       0       0       0       0       0       0
      Locals:         2       0       0       0       0       0       0       0       0       0       0       0       0       0       0       0       0
      Temps:          0       0       0       0       0       0       0       0       0       0       0       0       0       0       0       0       0
      Totals:         2       0       0       0       0       0       0       0       0       0       0       0       0       0       0       0       0
Total ram usage:        2 bytes
 Hardware stack levels used:    1
 Hardware stack levels required when called:    1
 This function calls:
		i2_delay_us
 This function is called by:
		i2_Motor_Step
 This function uses a non-reentrant model


 *************** function i2_delay_us *****************
 Defined at:
		line 255 in file "Library/Types.c"
 Parameters:    Size  Location     Type
  us              2    0[COMRAM] unsigned short 
 Auto vars:     Size  Location     Type
  delay_us        4    2[COMRAM] unsigned long 
 Return value:  Size  Location     Type
                  1    wreg      void 
 Registers used:
		wreg, status,2, status,0
 Tracked objects:
		On entry : 
		On exit  : 
		Unchanged: 
 Data sizes:     COMRAM   BANK0   BANK1   BANK2   BANK3   BANK4   BANK5   BANK6   BANK7   BANK8   BANK9  BANK10  BANK11  BANK12  BANK13  BANK14  BANK15
      Params:         2       0       0       0       0       0       0       0       0       0       0       0       0       0       0       0       0
      Locals:         4       0       0       0       0       0       0       0       0       0       0       0       0       0       0       0       0
      Temps:          0       0       0       0       0       0       0       0       0       0       0       0       0       0       0       0       0
      Totals:         6       0       0       0       0       0       0       0       0       0       0       0       0       0       0       0       0
Total ram usage:        6 bytes
 Hardware stack levels used:    1
 This function calls:
		Nothing
 This function is called by:
		i2_MXK_SwitchTo
 This function uses a non-reentrant model


 *************** function i2_MXK_Release *****************
 Defined at:
		line 130 in file "Library/MXK.c"
 Parameters:    Size  Location     Type
		None
 Auto vars:     Size  Location     Type
		None
 Return value:  Size  Location     Type
                  1    wreg      unsigned char 
 Registers used:
		wreg, status,2, status,0
 Tracked objects:
		On entry : 
		On exit  : 
		Unchanged: 
 Data sizes:     COMRAM   BANK0   BANK1   BANK2   BANK3   BANK4   BANK5   BANK6   BANK7   BANK8   BANK9  BANK10  BANK11  BANK12  BANK13  BANK14  BANK15
      Params:         0       0       0       0       0       0       0       0       0       0       0       0       0       0       0       0       0
      Locals:         0       0       0       0       0       0       0       0       0       0       0       0       0       0       0       0       0
      Temps:          0       0       0       0       0       0       0       0       0       0       0       0       0       0       0       0       0
      Totals:         0       0       0       0       0       0       0       0       0       0       0       0       0       0       0       0       0
Total ram usage:        0 bytes
 Hardware stack levels used:    1
 This function calls:
		Nothing
 This function is called by:
		i2_Motor_Step
 This function uses a non-reentrant model


 *************** function i2_MXK_Queue *****************
 Defined at:
		line 144 in file "Library/MXK.c"
 Parameters:    Size  Location     Type
  pCallback       3    0[COMRAM] PTR FTN()void 
		 -> Absolute function(1), Motor_Step(1), 
 Auto vars:     Size  Location     Type
		None
 Return value:  Size  Location     Type
                  1    wreg      void 
 Registers used:
		wreg, status,2, status,0
 Tracked objects:
		On entry : 
		On exit  : 
		Unchanged: 
 Data sizes:     COMRAM   BANK0   BANK1   BANK2   BANK3   BANK4   BANK5   BANK6   BANK7   BANK8   BANK9  BANK10  BANK11  BANK12  BANK13  BANK14  BANK15
      Params:         3       0       0       0       0       0       0       0       0       0       0       0       0       0       0       0       0
      Locals:         0       0       0       0       0       0       0       0       0       0       0       0       0       0       0       0       0
      Temps:          0       0       0       0       0       0       0       0       0       0       0       0       0       0       0       0       0
      Totals:         3       0       0       0       0       0       0       0       0       0       0       0       0       0       0       0       0
Total ram usage:        3 bytes
 Hardware stack levels used:    1
 This function calls:
		Nothing
 This function is called by:
		i2_Motor_Step
 This function uses a non-reentrant model



MODULE INFORMATION

Module		Function		Class		Link	Load	Size
Library/LCD.c
		_LCD_Init      		CODE           	11C9E	0000	371
		_LCD_FillRectangle		CODE           	137DE	0000	117
		_Configure_GPIOs		CODE           	1393A	0000	113
		_LCD_DrawField 		CODE           	130D8	0000	165
		_Set_Addr_Window		CODE           	12D92	0000	171
		_LCD_Word_Write		CODE           	1478A	0000	31
		_LCD_Reset     		CODE           	14020	0000	81
		_Set_Rotation  		CODE           	132BA	0000	153
		_Mode_Set      		CODE           	14988	0000	19
		_Reset_Low     		CODE           	147A8	0000	31
		_LCD_Write     		CODE           	146C8	0000	35
		_LCD_Fill      		CODE           	13F26	0000	89
		_Reset_High    		CODE           	147C6	0000	31

Library/LCD.c estimated size: 1407

Library/MXK.c
		_MXK_InitDIPSwitch		CODE           	147E4	0000	31
		_MXK_DIPSwitch 		CODE           	148A8	0000	25
		_MXK_BlockSwitchTo		CODE           	143F8	0000	63
		_MXK_Release   		CODE           	1485A	0000	29
		_MXK_Dequeue   		CODE           	143BA	0000	63
		_MXK_InitTestButton		CODE           	14802	0000	31
		_MXK_SwitchTo  		CODE           	142F8	0000	67
		_MXK_TestButton		CODE           	14938	0000	25
		_MXK_Init      		CODE           	11B1E	0000	385
		_MXK_Queue     		CODE           	149D2	0000	15

Library/MXK.c estimated size: 734

Library/Port.c
		_GetPortTRIS   		CODE           	12EE6	0000	167
		_GetPortPORT   		CODE           	13032	0000	167
		_Port_TogglePin		CODE           	1458A	0000	49
		_Port_SetPinType		CODE           	114A8	0000	449
		_Port_Init     		CODE           	11806	0000	403
		_GetPortProperties		CODE           	12F8C	0000	167
		_Port_GetPin   		CODE           	14228	0000	71
		_Port_GetQuad  		CODE           	14108	0000	75
		_Port_Set      		CODE           	1041E	0000	955
		_Port_SetPin   		CODE           	127C4	0000	197
		_Port_SetType  		CODE           	10CB2	0000	555
		_Port_CheckQuadType		CODE           	13E74	0000	91
		_Port_CheckPairType		CODE           	13B56	0000	107
		_Port_CheckPortType		CODE           	14152	0000	73
		_Port_SetQuadType		CODE           	10A5C	0000	599

Library/Port.c estimated size: 4125

Library/LED.c
		_LED_Init      		CODE           	13DB6	0000	99
		_LED_Set       		CODE           	13FD0	0000	81
		_LED_Toggle    		CODE           	1419A	0000	73

Library/LED.c estimated size: 253

C:\Program Files (x86)\Microchip\xc8\v1.43\sources\common\lwdiv.c
		___lwdiv       		CODE           	13604	0000	121

C:\Program Files (x86)\Microchip\xc8\v1.43\sources\common\lwdiv.c estimated size: 121

Library/Motor.c
		_Motor_Step    		CODE           	12232	0000	295

Library/Motor.c estimated size: 295

C:\Program Files (x86)\Microchip\xc8\v1.43\sources\common\awdiv.c
		___awdiv       		CODE           	1294A	0000	191

C:\Program Files (x86)\Microchip\xc8\v1.43\sources\common\awdiv.c estimated size: 191

C:\Program Files (x86)\Microchip\xc8\v1.43\sources\common\lldiv.c
		___lldiv       		CODE           	12A08	0000	189

C:\Program Files (x86)\Microchip\xc8\v1.43\sources\common\lldiv.c estimated size: 189

Events.c
		_Event_DIPSwitch		CODE           	1461A	0000	47
		_Event_NULL    		CODE           	14A5A	0000	3
		_Event_TestButton		CODE           	14474	0000	61

Events.c estimated size: 111

C:\Program Files (x86)\Microchip\xc8\v1.43\sources\common\doprnt.c
		_printf        		CODE           	112E6	0000	451

C:\Program Files (x86)\Microchip\xc8\v1.43\sources\common\doprnt.c estimated size: 451

HMI.c
		_HMI_InitButtons		CODE           	14A46	0000	7
		_HMI_Poll      		CODE           	1376A	0000	117
		_HMI_LeftSwitch		CODE           	14920	0000	25
		_HMI_UpSwitch  		CODE           	148F0	0000	25
		_HMI_SetSegments		CODE           	12AC4	0000	187
		_HMI_Init      		CODE           	110EC	0000	507
		_HMI_RightSwitch		CODE           	14908	0000	25
		_HMI_GetBar    		CODE           	14A3A	0000	7
		_HMI_SetBar    		CODE           	14A10	0000	11
		_HMI_SetNumber 		CODE           	14676	0000	43
		_HMI_SetButton 		CODE           	13352	0000	145
		_HMI_DIPSwitch 		CODE           	148C0	0000	25
		_HMI_DownSwitch		CODE           	148D8	0000	25

HMI.c estimated size: 1149

shared
		_InitList      		MEDIUMCONST    	FCE5	0000	179
		_PortE_Property		MEDIUMCONST    	FFB5	0000	3
		i2_Byte_SetBit 		CODE           	140BC	0000	77
		_Font5x7       		MEDIUMCONST    	FDD1	0000	481
		i2_Motor_Step  		CODE           	12358	0000	257
		Timer2_Init@PRESCALE		MEDIUMCONST    	FDCE	0000	4
		_PortF_Property		MEDIUMCONST    	FFB3	0000	3
		_dpowers       		MEDIUMCONST    	FDB7	0000	11
		i2_Byte_GetZone		CODE           	136F4	0000	119
		i2_Byte_GetPair		CODE           	14876	0000	27
		_PortA_Property		MEDIUMCONST    	FFBD	0000	3
		i2_Timer0_Stop 		CODE           	14A4C	0000	7
		_PortG_Property		MEDIUMCONST    	FFB1	0000	3
		i2_Timer0_Restart		CODE           	149FA	0000	13
		HMI_SetButton@F7213		MEDIUMCONST    	FDCA	0000	5
		__initialization		CODE           	12CE4	0000	165
		i2_MXK_SwitchTo		CODE           	14520	0000	55
		_PortB_Property		MEDIUMCONST    	FFBB	0000	3
		_MASKS         		MEDIUMCONST    	FDC1	0000	10
		i2_Word_GetPair		CODE           	145EA	0000	49
		i2_Port_SetPin 		CODE           	12E3C	0000	171
		i2_MXK_Release 		CODE           	14A52	0000	7
		_PortC_Property		MEDIUMCONST    	FFB9	0000	3
		PortProperty_Valid@F6830		MEDIUMCONST    	FDA7	0000	17
		Timer0_Init@PRESCALE		MEDIUMCONST    	FD97	0000	17
		i2_delay_us    		CODE           	1437A	0000	65
		_PortD_Property		MEDIUMCONST    	FFB7	0000	3
		i2_MXK_Queue   		CODE           	149E0	0000	15

shared estimated size: 1772

Library/Button.c
		_Button_Poll   		CODE           	11E10	0000	359
		_Button_Init   		CODE           	12620	0000	213

Library/Button.c estimated size: 572

C:\Program Files (x86)\Microchip\xc8\v1.43\sources\common\Umul16.c
		___wmul        		CODE           	144EA	0000	55

C:\Program Files (x86)\Microchip\xc8\v1.43\sources\common\Umul16.c estimated size: 55

Library/ISR.c
		_ISR_Function  		CODE           	1408	0000	163

Library/ISR.c estimated size: 163

Library/SPI.c
		_SPI_MinSpeed  		CODE           	138C6	0000	117
		_SPI_DisableISR		CODE           	146A0	0000	41
		_SPI_MaxSpeed  		CODE           	13852	0000	117
		_SPI_Init      		CODE           	10000	0000	1055
		_SPI_Send      		CODE           	13A16	0000	109
		_SPI_DCS       		CODE           	145BA	0000	49

Library/SPI.c estimated size: 1488

C:\Program Files (x86)\Microchip\xc8\v1.43\sources\common\lwmod.c
		___lwmod       		CODE           	13D54	0000	99

C:\Program Files (x86)\Microchip\xc8\v1.43\sources\common\lwmod.c estimated size: 99

main.c
		_mode1         		CODE           	14A5C	0000	3
		_init          		CODE           	1367C	0000	121
		_mode2         		CODE           	120D6	0000	349
		_main          		CODE           	14070	0000	77
		_mode3         		CODE           	14A58	0000	3
		_mode4         		CODE           	1404	0000	3

main.c estimated size: 556

Library/Console.c
		_Console_NewLine		CODE           	1317C	0000	163
		_putch         		CODE           	1499A	0000	15
		_Console_ClearCursor		CODE           	1433A	0000	65
		_Console_ResetCursor		CODE           	1474E	0000	31
		_Console_Tab   		CODE           	12888	0000	195
		_Console_IncrementCursor		CODE           	13C26	0000	103
		_Console_FormFeed		CODE           	13470	0000	143
		_Console_Init  		CODE           	134FE	0000	139
		_Console_Backspace		CODE           	13E18	0000	93
		_Console_MakeField		CODE           	126F4	0000	209
		_Console_PrintChar		CODE           	11668	0000	415
		_Console_Render		CODE           	10EDC	0000	529

Library/Console.c estimated size: 2100

Library/Timer2.c
		_Timer2_Init   		CODE           	11F76	0000	353
		_Timer2_Clear  		CODE           	14A2A	0000	9

Library/Timer2.c estimated size: 362

Library/iRobotSerial.c
		_sort_iRBumpDrop		CODE           	133E2	0000	143
		_irobot_move_straight		CODE           	14890	0000	25
		_irobot_move   		CODE           	12C34	0000	177
		_irobot_leds   		CODE           	13ECE	0000	89
		_irobot_init   		CODE           	149A8	0000	15
		_irobot_query_and_update		CODE           	11998	0000	391
		_irobot_rotate 		CODE           	13C8C	0000	101
		_irobot_init_song_0		CODE           	1472E	0000	33
		_irobot_song_play		CODE           	14950	0000	21
		_update_angle  		CODE           	14976	0000	19
		_irobot_led_power_on		CODE           	1483E	0000	29
		_update_bump_and_cliff		CODE           	144B0	0000	59
		_load_iRScriptStack		CODE           	13A82	0000	107
		_twos_complement_of		CODE           	142B4	0000	69
		_get_packet_size		CODE           	13BC0	0000	103
		_eusart_init   		CODE           	1476C	0000	31
		_rx_assign     		CODE           	12458	0000	241
		_eusart_getch  		CODE           	14A22	0000	9
		_eusart_putch  		CODE           	149B6	0000	15
		_irobot_stop_motion		CODE           	141E2	0000	71
		_update_distance		CODE           	14964	0000	19

Library/iRobotSerial.c estimated size: 1767

Library/Types.c
		_Word_GetPair  		CODE           	14436	0000	63
		_delay_us      		CODE           	13F7E	0000	83
		_ToSegment     		CODE           	107D8	0000	645
		_Byte_GetBit   		CODE           	14556	0000	53
		_Word_SetPair  		CODE           	1426E	0000	71
		_itos          		CODE           	12548	0000	217
		_Byte_GetZone  		CODE           	1321E	0000	157
		_Byte_GetPair  		CODE           	14820	0000	31
		_Byte_SetBit   		CODE           	13CF0	0000	101
		_Byte_SetQuad  		CODE           	1470C	0000	35
		_Byte_SetZone  		CODE           	12B7E	0000	183
		_Byte_SetByte  		CODE           	149C4	0000	15
		_Byte_SetPair  		CODE           	146EA	0000	35
		_delay_ms      		CODE           	13AEC	0000	107
		_reverse       		CODE           	139AA	0000	109
		_PortProperty_Valid		CODE           	13588	0000	125

Library/Types.c estimated size: 2030

Library/Timer0.c
		_Timer0_ISR    		CODE           	14648	0000	47
		_Timer0_Stop   		CODE           	14A40	0000	7
		_Timer0_Restart		CODE           	149EE	0000	13

Library/Timer0.c estimated size: 67

